W/SignalStrength(  576): SignalStrength after validate=SignalStrength: 10 0 -120 -160 -120 -1 -1 99 2147483647 2147483647 2147483647 2147483647 cdma
D/WifiStateChangeListener(  715): received broadcast intent with action: android.net.wifi.supplicant.STATE_CHANGE
D/WifiStateChangeListener(  715): isConnected: false
D/WifiStateChangeListener(  715): use_wifi_sync is: false
D/wpa_supplicant(21344): nl80211: Event message available
D/wpa_supplicant(21344): nl80211: New scan results available
D/wpa_supplicant(21344): nl80211: Received scan results (12 BSSes)
D/wpa_supplicant(21344): nl80211: Survey data missing
D/wpa_supplicant(21344): Add randomness: count=24412 entropy=1001
D/wpa_supplicant(21344): Add randomness: count=24413 entropy=1001
D/wpa_supplicant(21344): Add randomness: count=24414 entropy=1001
D/wpa_supplicant(21344): Add randomness: count=24415 entropy=1001
D/wpa_supplicant(21344): Add randomness: count=24416 entropy=1001
D/wpa_supplicant(21344): Add randomness: count=24417 entropy=1001
D/wpa_supplicant(21344): Add randomness: count=24418 entropy=1001
D/wpa_supplicant(21344): Add randomness: count=24419 entropy=1001
D/wpa_supplicant(21344): Add randomness: count=24420 entropy=1001
D/wpa_supplicant(21344): Add randomness: count=24421 entropy=1001
I/dun_service(  155): process rmnet event
I/dun_service(  155): received event: DUN_EVENT_RMNET_DOWN 
I/dun_service(  155): received event(DUN_EVENT_RMNET_DOWN) in state(DUN_STATE_USB_UNPLUG)
I/dun_service(  155): Ignoring the event DUN_EVENT_RMNET_DOWN in USB_UNPLUG_STATE
I/dun_service(  155): Moved to state(DUN_STATE_USB_UNPLUG)
D/Tethering(  373): interfaceLinkStateChanged wlan0, false
D/Tethering(  373): interfaceStatusChanged wlan0, false
D/wpa_supplicant(21344): RTM_NEWLINK: operstate=0 ifi_flags=0x1003 ([UP])
D/wpa_supplicant(21344): RTM_NEWLINK, IFLA_IFNAME: Interface 'wlan0' added
D/NetdConnector(  373): RCV <- {600 Iface linkstate wlan0 down}
D/LockPatternKeyguardView(  373): (dispatchTouchEvent) action: 0 (128, 309) pointcount: 1
D/LockDragLayer(  373): ACTION_DOWN - mActivePointerId:  0
D/DebugPowerManagerService(  373): setPowerState call from acquireWakeLockLocked()  1
D/PowerManagerService(  373): setPowerState: mPowerState=0x7 newState=0x7 noChangeLights=false reason=3
D/LockPatternKeyguardView(  373): (dispatchTouchEvent) action: 1 (290, 296) pointcount: 1
D/LockDragLayer(  373): ACTION_UP - pointerId:  0
D/LockDragLayer(  373): ping()
D/LockDragLayer(  373): handleUp()- mActivePointerId:  -1
D/KeyguardViewMediator(  373): keyguardDone(true)
D/LgeLockScreen(  373): goToUnlockScreen() 
D/KeyguardViewMediator(  373): handleKeyguardDone
D/KeyguardViewMediator(  373): handleHide
D/KeyguardViewManager(  373): hide()
D/KeyguardViewMediator(  373): adjustUserActivityLocked mShowing: false mHidden: false
D/KeyguardViewMediator(  373): adjustStatusBarLocked: mShowing=false mHidden=false isSecure=false --> flags=0x0
D/PhoneStatusBar(  462): disable: < expand icons alerts ticker system_info BACK HOME recent* clock >
D/DebugPowerManagerService(  373): setPowerState call from userActivity() 
D/PowerManagerService(  373): setPowerState: mPowerState=0x7 newState=0x7 noChangeLights=true reason=2
D/DebugPowerManagerService(  373): setPowerState call from releaseWakeLockLocked()
D/PowerManagerService(  373): setPowerState: mPowerState=0x7 newState=0x7 noChangeLights=false reason=3
D/MtpService( 1963): action = android.intent.action.USER_PRESENT
D/memalloc(  137): /dev/pmem: Freeing buffer base:0x41ee7000 size:614400 offset:5529600 fd:51
D/memalloc(  373): /dev/pmem: Unmapping buffer base:0x56f80000 size:6144000 offset:5529600
D/memalloc(  373): /dev/pmem: Unmapping buffer base:0x56b76000 size:3215360 offset:2600960
D/memalloc(  137): /dev/pmem: Freeing buffer base:0x41c1c000 size:614400 offset:2600960 fd:36
D/LockPatternKeyguardView(  373): unfocused
D/PhoneStatusBar(  462): disable: < expand icons alerts ticker system_info back* home* recent clock >
I/ActivityManager(  373): Start proc com.lge.sizechangable.weather for broadcast com.lge.sizechangable.weather/.service.WeatherIntentReceiver: pid=737 uid=10058 gids={3003, 1015}
I/ActivityManager(  373): Process com.google.android.apps.maps:LocationFriendService (pid 527) has died.
I/ActivityThread(  737): Pub com.lge.weather.helper.weathercontentprovider: com.lge.sizechangable.weather.helper.WeatherContentProvider
D/WeatherIntentReceiver(  737): WeatherIntentReceiver:onReceive():android.intent.action.USER_PRESENT
D/WeatherIntentReceiver(  737): User_present!!!
I/AutoUpdate(  737): sSmallGone= true sMediumGone= true stodayplusGone= true
D/LgeLockScreen(  373): OnPause()
V/LgeKeyguardStatusView(  373): onPause()
V/LockDragLayer(  373): reset() : resets state to STATE_RESET_LOCK
D/LgeLockScreen(  373): cleanUp()
D/LgeKeyguardStatusView(  373): LockScreen : 0
W/WindowManager(  373): App freeze timeout expired.
D/DebugPowerManagerService(  373): setPowerState call from TimeoutTask() 
D/PowerManagerService(  373): setPowerState: mPowerState=0x7 newState=0x3 noChangeLights=false reason=3
I/PowerManagerService(  373): Setting brightess off: 4
D/DebugPowerManagerService(  373): TimeoutTask : dim(1) or bright  3
D/DebugPowerManagerService(  373): setPowerState call from userActivity() 
D/PowerManagerService(  373): setPowerState: mPowerState=0x3 newState=0x7 noChangeLights=false reason=2
I/PowerManagerService(  373): Setting brightess on 67: 4
I/com.brand.applicationname.android.service.ProductService(32739): Product not present in local storage. Trying to search online.
W/SignalStrength(  576): SignalStrength before validate=SignalStrength: 8 0 -1 -1 -1 -1 -1 99 -32767 -32767 -32767 -32767 cdma
W/SignalStrength(  576): SignalStrength after validate=SignalStrength: 8 0 -120 -160 -120 -1 -1 99 2147483647 2147483647 2147483647 2147483647 cdma
W/SignalStrength(  373): charels mCountryCode: mOperatorCode EUOPEN
W/SignalStrength(  462): charels mCountryCode: mOperatorCode EUOPEN
W/SignalStrength(  462): [BRIGHTHY] 0. mDataNetType: 8
W/SignalStrength(  462): getGsmLevel=3
W/SignalStrength(  462): getLevel=3
W/SignalStrength(  462): charels mCountryCode: mOperatorCode EUOPEN
W/SignalStrength(  462): [BRIGHTHY] 0. mDataNetType: 8
W/SignalStrength(  462): getGsmLevel=3
W/SignalStrength(  462): getLevel=3
W/SignalStrength(  462): charels mCountryCode: mOperatorCode EUOPEN
W/SignalStrength(  373): [BRIGHTHY] 0. mDataNetType: 8
W/SignalStrength(  373): getGsmLevel=3
W/SignalStrength(  373): getLevel=3
W/SignalStrength(  462): [BRIGHTHY] 0. mDataNetType: 8
W/SignalStrength(  462): getGsmLevel=3
W/SignalStrength(  462): getLevel=3
D/PhoneStatusBarPolicy(  462): ACTION_SIGNAL_STRENGTH_CHANGED!!!
D/StatusBar.NetworkController(  462): onSignalStrengthsChanged signalStrength=SignalStrength: 8 0 -120 -160 -120 -1 -1 99 2147483647 2147483647 2147483647 2147483647 gsm|lte level=3
D/StatusBar.NetworkController(  462): [BRIGHTHY] curNetwork=26006 curHPLMN=26006
D/StatusBar.NetworkController(  462): [BRIGHTHY]  Roaming=false
D/StatusBar.NetworkController(  462): refreshViews connected={ } level=3 combinedSignalIconId=0x7f020246/com.android.systemui:drawable/stat_sys_signal_3_fully combinedActivityIconId=0x0 mAirplaneMode=false mDataActivity=0 mPhoneSignalIconId=0x7f020246 mDataDirectionIconId=0x0 mDataSignalIconId=0x7f020246 mDataTypeIconId=0x0 mNoSimIconId=0x0 mWifiIconId=0x7f020285 mBluetoothTetherIconId=0x1080563
I/ActivityManager(  373): START {cmp=com.brand.applicationname.android/.ProductDetailsActivity (has extras)} from pid 32739
I/WindowManager(  373): SCREENLAYOUT_SIZE (1:small, 2:normal, 3:large, 4:xlarge) 2
D/memalloc(  137): /dev/pmem: Allocated buffer base:0x419a1000 size:614400 offset:2600960 fd:36
D/memalloc(32739): /dev/pmem: Mapped buffer base:0x522e5000 size:3215360 offset:2600960 fd:57
D/memalloc(  137): /dev/pmem: Allocated buffer base:0x419a1000 size:614400 offset:5529600 fd:51
D/memalloc(32739): /dev/pmem: Mapped buffer base:0x52c84000 size:6144000 offset:5529600 fd:63
I/ActivityManager(  373): Displayed com.brand.applicationname.android/.ProductDetailsActivity: +120ms
D/memalloc(32739): /dev/pmem: Unmapping buffer base:0x516b4000 size:614400 offset:0
D/memalloc(32739): /dev/pmem: Unmapping buffer base:0x52018000 size:1228800 offset:614400
D/memalloc(32739): /dev/pmem: Unmapping buffer base:0x5273e000 size:5529600 offset:4915200
D/memalloc(  137): /dev/pmem: Freeing buffer base:0x419a1000 size:614400 offset:0 fd:39
D/memalloc(  137): /dev/pmem: Freeing buffer base:0x41e51000 size:614400 offset:4915200 fd:48
D/memalloc(  137): /dev/pmem: Freeing buffer base:0x41a37000 size:614400 offset:614400 fd:45
D/DebugPowerManagerService(  373): setPowerState call from TimeoutTask() 
D/PowerManagerService(  373): setPowerState: mPowerState=0x7 newState=0x3 noChangeLights=false reason=3
I/PowerManagerService(  373): Setting brightess off: 4
D/DebugPowerManagerService(  373): TimeoutTask : dim(1) or bright  3
W/SignalStrength(  576): SignalStrength before validate=SignalStrength: 10 0 -1 -1 -1 -1 -1 99 -32767 -32767 -32767 -32767 cdma
W/SignalStrength(  576): SignalStrength after validate=SignalStrength: 10 0 -120 -160 -120 -1 -1 99 2147483647 2147483647 2147483647 2147483647 cdma
W/SignalStrength(  462): charels mCountryCode: mOperatorCode EUOPEN
W/SignalStrength(  373): charels mCountryCode: mOperatorCode EUOPEN
W/SignalStrength(  462): [BRIGHTHY] 0. mDataNetType: 8
W/SignalStrength(  462): getGsmLevel=3
W/SignalStrength(  462): getLevel=3
W/SignalStrength(  462): charels mCountryCode: mOperatorCode EUOPEN
D/StatusBar.NetworkController(  462): onSignalStrengthsChanged signalStrength=SignalStrength: 10 0 -120 -160 -120 -1 -1 99 2147483647 2147483647 2147483647 2147483647 gsm|lte level=3
W/SignalStrength(  373): [BRIGHTHY] 0. mDataNetType: 8
W/SignalStrength(  373): getGsmLevel=3
W/SignalStrength(  373): getLevel=3
W/SignalStrength(  462): [BRIGHTHY] 0. mDataNetType: 8
W/SignalStrength(  462): getGsmLevel=3
W/SignalStrength(  462): getLevel=3
W/SignalStrength(  462): charels mCountryCode: mOperatorCode EUOPEN
W/SignalStrength(  462): [BRIGHTHY] 0. mDataNetType: 8
W/SignalStrength(  462): getGsmLevel=3
W/SignalStrength(  462): getLevel=3
D/StatusBar.NetworkController(  462): [BRIGHTHY] curNetwork=26006 curHPLMN=26006
D/StatusBar.NetworkController(  462): [BRIGHTHY]  Roaming=false
D/StatusBar.NetworkController(  462): refreshViews connected={ } level=3 combinedSignalIconId=0x7f020246/com.android.systemui:drawable/stat_sys_signal_3_fully combinedActivityIconId=0x0 mAirplaneMode=false mDataActivity=0 mPhoneSignalIconId=0x7f020246 mDataDirectionIconId=0x0 mDataSignalIconId=0x7f020246 mDataTypeIconId=0x0 mNoSimIconId=0x0 mWifiIconId=0x7f020285 mBluetoothTetherIconId=0x1080563
D/PhoneStatusBarPolicy(  462): ACTION_SIGNAL_STRENGTH_CHANGED!!!
D/DebugPowerManagerService(  373): setPowerState call from userActivity() 
D/PowerManagerService(  373): setPowerState: mPowerState=0x3 newState=0x7 noChangeLights=false reason=2
I/PowerManagerService(  373): Setting brightess on 67: 4
I/WindowManager(  373): SCREENLAYOUT_SIZE (1:small, 2:normal, 3:large, 4:xlarge) 2
D/memalloc(  137): /dev/pmem: Allocated buffer base:0x419a1000 size:614400 offset:4915200 fd:39
D/memalloc(  373): /dev/pmem: Mapped buffer base:0x56ecb000 size:5529600 offset:4915200 fd:236
D/memalloc(  137): /dev/pmem: Allocated buffer base:0x419a1000 size:614400 offset:0 fd:45
D/memalloc(32739): /dev/pmem: Mapped buffer base:0x516b4000 size:614400 offset:0 fd:44
D/memalloc(32739): /dev/pmem: Unmapping buffer base:0x522e5000 size:3215360 offset:2600960
D/memalloc(32739): /dev/pmem: Unmapping buffer base:0x52c84000 size:6144000 offset:5529600
D/memalloc(  137): /dev/pmem: Freeing buffer base:0x41ee7000 size:614400 offset:5529600 fd:51
D/memalloc(  137): /dev/pmem: Freeing buffer base:0x41c1c000 size:614400 offset:2600960 fd:36
D/memalloc(  137): /dev/pmem: Allocated buffer base:0x419a1000 size:614400 offset:2600960 fd:36
D/memalloc(32739): /dev/pmem: Mapped buffer base:0x52018000 size:3215360 offset:2600960 fd:50
I/ActivityManager(  373): Displayed com.brand.applicationname.android/.MainActivity: +293ms
D/memalloc(  137): /dev/pmem: Allocated buffer base:0x419a1000 size:614400 offset:614400 fd:48
D/memalloc(32739): /dev/pmem: Mapped buffer base:0x52329000 size:1228800 offset:614400 fd:54
D/memalloc(  373): /dev/pmem: Unmapping buffer base:0x56ecb000 size:5529600 offset:4915200
D/memalloc(  137): /dev/pmem: Freeing buffer base:0x41e51000 size:614400 offset:4915200 fd:39
W/SignalStrength(  576): SignalStrength before validate=SignalStrength: 10 0 -1 -1 -1 -1 -1 99 -32767 -32767 -32767 -32767 cdma
W/SignalStrength(  576): SignalStrength after validate=SignalStrength: 10 0 -120 -160 -120 -1 -1 99 2147483647 2147483647 2147483647 2147483647 cdma
D/DebugPowerManagerService(  373): setPowerState call from TimeoutTask() 
D/PowerManagerService(  373): setPowerState: mPowerState=0x7 newState=0x3 noChangeLights=false reason=3
I/PowerManagerService(  373): Setting brightess off: 4
D/DebugPowerManagerService(  373): TimeoutTask : dim(1) or bright  3
D/KeyguardViewMediator(  373): handleTimeout
W/SignalStrength(  576): SignalStrength before validate=SignalStrength: 9 0 -1 -1 -1 -1 -1 99 -32767 -32767 -32767 -32767 cdma
W/SignalStrength(  576): SignalStrength after validate=SignalStrength: 9 0 -120 -160 -120 -1 -1 99 2147483647 2147483647 2147483647 2147483647 cdma
W/SignalStrength(  462): charels mCountryCode: mOperatorCode EUOPEN
W/SignalStrength(  462): [BRIGHTHY] 0. mDataNetType: 8
W/SignalStrength(  373): charels mCountryCode: mOperatorCode EUOPEN
W/SignalStrength(  462): getGsmLevel=3
W/SignalStrength(  462): getLevel=3
W/SignalStrength(  462): charels mCountryCode: mOperatorCode EUOPEN
W/SignalStrength(  373): [BRIGHTHY] 0. mDataNetType: 8
W/SignalStrength(  373): getGsmLevel=3
W/SignalStrength(  373): getLevel=3
D/StatusBar.NetworkController(  462): onSignalStrengthsChanged signalStrength=SignalStrength: 9 0 -120 -160 -120 -1 -1 99 2147483647 2147483647 2147483647 2147483647 gsm|lte level=3
W/SignalStrength(  462): [BRIGHTHY] 0. mDataNetType: 8
W/SignalStrength(  462): getGsmLevel=3
W/SignalStrength(  462): getLevel=3
W/SignalStrength(  462): charels mCountryCode: mOperatorCode EUOPEN
W/SignalStrength(  462): [BRIGHTHY] 0. mDataNetType: 8
W/SignalStrength(  462): getGsmLevel=3
W/SignalStrength(  462): getLevel=3
D/PhoneStatusBarPolicy(  462): ACTION_SIGNAL_STRENGTH_CHANGED!!!
D/StatusBar.NetworkController(  462): [BRIGHTHY] curNetwork=26006 curHPLMN=26006
D/StatusBar.NetworkController(  462): [BRIGHTHY]  Roaming=false
D/StatusBar.NetworkController(  462): refreshViews connected={ } level=3 combinedSignalIconId=0x7f020246/com.android.systemui:drawable/stat_sys_signal_3_fully combinedActivityIconId=0x0 mAirplaneMode=false mDataActivity=0 mPhoneSignalIconId=0x7f020246 mDataDirectionIconId=0x0 mDataSignalIconId=0x7f020246 mDataTypeIconId=0x0 mNoSimIconId=0x0 mWifiIconId=0x7f020285 mBluetoothTetherIconId=0x1080563
