E/mm-camera(  140): AF_LENS_STEP : pixel_size=1.400000, f_number=2.800000, focal_length=3.430000, min_resolution=0.003000
E/mm-camera(  140): AF_LENS_STEP : coc=0.002800 ,hyper_focal_dist=1504.055298 
E/mm-camera(  140): AF_LENS_STEP : lens_mov_at_max_near_dist_focus = 0.121828, max_near_dist_focus = 100.000000
E/mm-camera(  140): AF_LENS_STEP : total_step=73 , modified_step=73, max_lens_movement=0.220000 
E/mm-camera(  140): AF_LENS_STEP : final_steps = 42
E/mm-camera(  140): AF_LENS_STEP : <best_focus_dist, near_dist, far_dist>= Inf NaN NaN
E/mm-camera(  140): AF_LENS_STEP : <best_focus_dist, near_dist, far_dist>= 3925.06 1086.27 -2432.89
E/mm-camera(  140): AF_LENS_STEP : <best_focus_dist, near_dist, far_dist>= 1964.25 851.55 -6405.16
E/mm-camera(  140): AF_LENS_STEP : <best_focus_dist, near_dist, far_dist>= 1310.64 700.46 10168.76
E/mm-camera(  140): AF_LENS_STEP : <best_focus_dist, near_dist, far_dist>= 983.84 595.06 2837.99
E/mm-camera(  140): AF_LENS_STEP : <best_focus_dist, near_dist, far_dist>= 787.76 517.35 1650.33
E/mm-camera(  140): AF_LENS_STEP : <best_focus_dist, near_dist, far_dist>= 657.04 457.69 1164.04
E/mm-camera(  140): AF_LENS_STEP : <best_focus_dist, near_dist, far_dist>= 563.66 410.43 899.46
E/mm-camera(  140): AF_LENS_STEP : <best_focus_dist, near_dist, far_dist>= 493.63 372.09 733.12
E/mm-camera(  140): AF_LENS_STEP : <best_focus_dist, near_dist, far_dist>= 439.17 340.34 618.87
E/mm-camera(  140): AF_LENS_STEP : <best_focus_dist, near_dist, far_dist>= 395.59 313.63 535.55
E/mm-camera(  140): AF_LENS_STEP : <best_focus_dist, near_dist, far_dist>= 359.94 290.84 472.10
E/mm-camera(  140): AF_LENS_STEP : <best_focus_dist, near_dist, far_dist>= 330.23 271.18 422.17
E/mm-camera(  140): AF_LENS_STEP : <best_focus_dist, near_dist, far_dist>= 305.09 254.03 381.86
E/mm-camera(  140): AF_LENS_STEP : <best_focus_dist, near_dist, far_dist>= 283.55 238.94 348.62
E/mm-camera(  140): AF_LENS_STEP : <best_focus_dist, near_dist, far_dist>= 264.87 225.57 320.75
E/mm-camera(  140): AF_LENS_STEP : <best_focus_dist, near_dist, far_dist>= 248.53 213.64 297.05
E/mm-camera(  140): AF_LENS_STEP : <best_focus_dist, near_dist, far_dist>= 234.11 202.92 276.64
E/mm-camera(  140): AF_LENS_STEP : <best_focus_dist, near_dist, far_dist>= 221.30 193.24 258.88
E/mm-camera(  140): AF_LENS_STEP : <best_focus_dist, near_dist, far_dist>= 209.83 184.46 243.30
E/mm-camera(  140): AF_LENS_STEP : <best_focus_dist, near_dist, far_dist>= 199.51 176.45 229.50
E/mm-camera(  140): AF_LENS_STEP : <best_focus_dist, near_dist, far_dist>= 190.17 169.13 217.20
E/mm-camera(  140): AF_LENS_STEP : <best_focus_dist, near_dist, far_dist>= 181.69 162.40 206.18
E/mm-camera(  140): AF_LENS_STEP : <best_focus_dist, near_dist, far_dist>= 173.94 156.19 196.23
E/mm-camera(  140): AF_LENS_STEP : <best_focus_dist, near_dist, far_dist>= 166.83 150.45 187.22
E/mm-camera(  140): AF_LENS_STEP : <best_focus_dist, near_dist, far_dist>= 160.30 145.12 179.01
E/mm-camera(  140): AF_LENS_STEP : <best_focus_dist, near_dist, far_dist>= 154.26 140.17 171.50
E/mm-camera(  140): AF_LENS_STEP : <best_focus_dist, near_dist, far_dist>= 148.68 135.56 164.61
E/mm-camera(  140): AF_LENS_STEP : <best_focus_dist, near_dist, far_dist>= 143.49 131.24 158.26
E/mm-camera(  140): AF_LENS_STEP : <best_focus_dist, near_dist, far_dist>= 138.66 127.20 152.39
E/mm-camera(  140): AF_LENS_STEP : <best_focus_dist, near_dist, far_dist>= 134.15 123.40 146.95
E/mm-camera(  140): AF_LENS_STEP : <best_focus_dist, near_dist, far_dist>= 129.93 119.83 141.90
E/mm-camera(  140): AF_LENS_STEP : <best_focus_dist, near_dist, far_dist>= 125.98 116.47 137.18
E/mm-camera(  140): AF_LENS_STEP : <best_focus_dist, near_dist, far_dist>= 122.27 113.30 132.78
E/mm-camera(  140): AF_LENS_STEP : <best_focus_dist, near_dist, far_dist>= 118.77 110.29 128.66
E/mm-camera(  140): AF_LENS_STEP : <best_focus_dist, near_dist, far_dist>= 115.48 107.45 124.79
E/mm-camera(  140): AF_LENS_STEP : <best_focus_dist, near_dist, far_dist>= 112.36 104.76 121.16
E/mm-camera(  140): AF_LENS_STEP : <best_focus_dist, near_dist, far_dist>= 109.42 102.20 117.74
E/mm-camera(  140): AF_LENS_STEP : <best_focus_dist, near_dist, far_dist>= 106.63 99.77 114.51
E/mm-camera(  140): AF_LENS_STEP : <best_focus_dist, near_dist, far_dist>= 103.98 97.45 111.45
E/mm-camera(  140): AF_LENS_STEP : <best_focus_dist, near_dist, far_dist>= 101.47 95.25 108.56
E/mm-camera(  140): AF_LENS_STEP : <best_focus_dist, near_dist, far_dist>= 99.08 93.14 105.82
E/QualcommCameraHardware(  140): Maximum zoom value is 60
E/CAM_FD  (  140): config_proc_CAMERA_SET_REDEYE_REDUCTION: mode =0
E/QualcommCameraHardware(  140): [FPS] idx[0] Range Values: mParameters.getPreviewFpsRange : 5000x30000
E/QualcommCameraHardware(  140): [FPS] params.getPreviewFrameRate() fps = 30  
E/QualcommCameraHardware(  140): [FPS] BACK_CAMERA : 30
E/mm-camera(  140): aec_set_parm_fps E
E/QualcommCameraHardware(  140): FocusMode =auto
E/QualcommCameraHardware(  140): [LGE_FAST_CAF] setFocusMode(NO CAF)
E/QualcommCameraHardware(  140): [LGE_SUPPORT_FAST_CAF] Set isLGCAF=0 and Execute CAMERA_PARM_LG_CAF
E/QualcommCameraHardware(  140): ### setFocusMode: Focus Type : 
E/QualcommCameraHardware(  140): [LGE_FAST_CAF] setFocusMode() mHasAutoFocusSupport=1
E/QualcommCameraHardware(  140): [LGE_FAST_CAF] setFocusMode() isLGCAF=0, cafSupport=0
E/QualcommCamera(  140): Qvoid android::set_callbacks(camera_device*, void (*)(int32_t, int32_t, int32_t, void*), void (*)(int32_t, const camera_memory_t*, unsigned int, camera_frame_metadata_t*, void*), void (*)(int64_t, int32_t, const camera_memory_t*, unsigned int, void*), camera_memory_t* (*)(int, size_t, unsigned int, void*), void*): E
E/QualcommCamera(  140): cam_nt_cb =0x0,cam_dt_cb=0x0,cam_dt_timestamp_cb=0x0
E/CameraService(  140): attempt to same use a camera  (pid com.google.zxing.client.android , com.lge.camera)
V/AudioFlinger(  140): acquiring 2876 from 32702
V/AudioFlinger(  140):  added new entry for 2876
V/MediaPlayerService(  140): Client(243) constructor
V/MediaPlayerService(  140): Create new client(243) from pid 140, uid 10082, 
V/MediaPlayerService(  140): setDataSource(/system/media/audio/ui/camera_click.ogg)
V/MediaPlayerService(  140): player type = 3
V/MediaPlayerService(  140):  create StagefrightPlayer
V/AudioSink(  140): AudioOutput(2876)
V/MediaPlayerService(  140):  setDataSource
V/MediaPlayerService(  140): [243] setAudioStreamType(7)
V/MediaPlayerService(  140): [243] prepareAsync
E/OMXCodec(  140): Attempting to allocate OMX node 'OMX.google.vorbis.decoder'
E/OMXCodec(  140): Successfully allocated OMX node 'OMX.google.vorbis.decoder'
V/MediaPlayerService(  140): [243] notify (0xb8b60, 5, 0, 0)
V/MediaPlayerService(  140): [243] notify (0xb8b60, 1, 0, 0)
V/AudioFlinger(  140): acquiring 2877 from 32702
V/AudioFlinger(  140):  added new entry for 2877
V/MediaPlayerService(  140): Client(244) constructor
V/MediaPlayerService(  140): Create new client(244) from pid 140, uid 10082, 
V/MediaPlayerService(  140): setDataSource(/system/media/audio/ui/VideoRecord.ogg)
V/MediaPlayerService(  140): player type = 3
V/MediaPlayerService(  140):  create StagefrightPlayer
V/AudioSink(  140): AudioOutput(2877)
V/MediaPlayerService(  140):  setDataSource
V/MediaPlayerService(  140): [244] setAudioStreamType(7)
V/MediaPlayerService(  140): [244] prepareAsync
E/OMXCodec(  140): Attempting to allocate OMX node 'OMX.google.vorbis.decoder'
E/OMXCodec(  140): Successfully allocated OMX node 'OMX.google.vorbis.decoder'
V/MediaPlayerService(  140): [244] notify (0x36dd0, 5, 0, 0)
V/MediaPlayerService(  140): [244] notify (0x36dd0, 1, 0, 0)
E/QualcommCamera(  140): Qint android::preview_enabled(camera_device*): E
E/QualcommCamera(  140): Qchar* android::get_parameters(camera_device*): E
E/QualcommCamera(  140): get_parameters X
E/QualcommCamera(  140): Qvoid android::put_parameters(camera_device*, char*): E
E/QualcommCamera(  140): put_parameters X
I/CameraConfiguration(32702): Screen resolution: Point(480, 320)
I/CameraConfiguration(32702): Supported preview sizes: 864x480 800x480 720x480 768x432 640x480 576x432 480x320 384x288 432x240 352x288 320x240 240x160 176x144 
I/CameraConfiguration(32702): Found preview size exactly matching screen size: Point(480, 320)
I/CameraConfiguration(32702): Camera resolution: Point(480, 320)
E/QualcommCamera(  140): Qchar* android::get_parameters(camera_device*): E
E/QualcommCamera(  140): get_parameters X
E/QualcommCamera(  140): Qvoid android::put_parameters(camera_device*, char*): E
E/QualcommCamera(  140): put_parameters X
E/QualcommCamera(  140): Qchar* android::get_parameters(camera_device*): E
E/QualcommCamera(  140): get_parameters X
E/QualcommCamera(  140): Qvoid android::put_parameters(camera_device*, char*): E
E/QualcommCamera(  140): put_parameters X
I/CameraConfiguration(32702): Initial camera parameters: zoom=0;redeye-reduction-values=enable,disable;scene-detect-values=;face-detection-values=;hdr-values=;whitebalance=auto;max-sharpness=30;preview-format-values=yuv420sp,yuv420p;jpeg-thumbnail-quality=90;preview-format=yuv420sp;face-detection=off;touch-index-af=320x240;auto-exposure-values=frame-average,center-weighted,spot-metering;video-zoom-support=false;iso=auto;mce-values=enable,disable;flash-mode-values=off,auto,on,torch;preview-frame-rate=30;full-video-snap-supported=false;jpeg-thumbnail-width=512;video-size=;scene-mode-values=off,auto,action,portrait,landscape,night,night-portrait,theatre,beach,snow,sunset,steadyphoto,fireworks,sports,party,candlelight,backlight,flowers,AR;redeye-reduction=disable;preview-fps-range-values=(5000,30000);auto-exposure=center-weighted;histogram=disable;camera-mode=0;preview-size-values=864x480,800x480,768x432,720x480,640x480,576x432,480x320,432x240,384x288,352x288,320x240,240x160,176x144;touch-af-aec=touch-on;preview-fps-range=5000,30000;auto-whitebalance-lock=false;min-exposure-compensation=-12;antibanding=50hz;max-num-focus-areas=1;vertical-view-angle=42.5;max-saturation=10;max-contrast=10;preview-frame-rate-modes=frame-rate-auto,frame-rate-fixed;picture-format-values=jpeg,raw;video-hfr=off;exposure-compensation-step=0.166667;scene-detect=off;picture-size=640x480;saturation=5;whitebalance-values=auto,incandescent,fluorescent,daylight,cloudy-daylight;picture-format=jpeg;zsl=off;lensshade-values=enable,disable;selectable-zone-af=auto;video-hfr-values=off,60,90,120;iso-values=auto,ISO_HJR,100,200,400,800,1600;selectable-zone-af-values=;lensshade=enable;mce=enable;hfr-size-values=432x240,320x240;zoom-supported=true;strtextures=OFF;denoise-values=denoise-off,denoise-on;zsl-values=off,on;sharpness=10;contrast=5;scene-mode=auto;jpeg-quality=85;histogram-values=;overlay-format=265;metering-areas=(-1000,-1000,1000,1000,1000);lge-camera=0;skinToneEnhancement=disable;preview-size=640x480;focal-length=4.13;denoise=denoise-on;preview-frame-rate-values=5,6,7,8,9,10,11,12,13,14,15,16,17,18,19,20,21,22,23,24,25,26,27,28,29,30;max-num-metering-areas=1;focus-mode-values=auto,infinity,normal,macro,continuous-picture,continuous-video;preview-frame-rate-mode=frame-rate-auto;jpeg-thumbnail-size-values=512x288,480x288,432x288,512x384,352x288,0x0;zoom-ratios=100,102,104,107,109,112,114,117,120,123,125,128,131,135,138,141,144,148,151,155,158,162,166,170,174,178,182,186,190,195,200,204,209,214,219,224,229,235,240,246,251,257,263,270,276,282,289,296,303,310,317,324,332,340,348,356,364,373,381,390;picture-size-values=2560x1920,2560x1536,2048x1536,2240x1344,1600x1200,1280x960,1280x768,800x480,640x480,352x288,320x240,176x144,2304x1296,1920x1080,1536x864,1280x720,1024x768,800x600;touch-af-aec-values=touch-off,touch-on;luma-adaptation=3;horizontal-view-angle=54.8;touch-index-aec=320x240;skinToneEnhancement-values=;jpeg-thumbnail-height=384;focus-mode=auto;auto-whitebalance-lock-supported=true;video-frame-format=yuv420sp;hdr=disable;max-exposure-compensation=12;focus-areas=(-1000,-1000,1000,1000,1000);video-snapshot-supported=false;num-snaps-per-shutter=1;exposure-compensation=0;flash-mode=off;auto-exposure-lock=false;effect-values=none,mono,negative,solarize,sepia,posterize,whiteboard,blackboard,aqua;max-zoom=59;effect=none;focus-distances=3.408478,3.408614,3.408750;touchAfAec-dx=100;touchAfAec-dy=100;auto-exposure-lock-supported=true;antibanding-values=off,50hz,60hz,auto
I/CameraConfiguration(32702): Supported values: [off, auto, on, torch]
I/CameraConfiguration(32702): Settable value: off
I/CameraConfiguration(32702): Supported values: [auto, infinity, normal, macro, continuous-picture, continuous-video]
I/CameraConfiguration(32702): Settable value: auto
E/QualcommCamera(  140): Qint android::set_parameters(camera_device*, const char*): E
E/CAM_FD  (  140): config_proc_CAMERA_SET_REDEYE_REDUCTION: mode =0
E/QualcommCameraHardware(  140): [FPS] idx[0] Range Values: mParameters.getPreviewFpsRange : 5000x30000
E/QualcommCameraHardware(  140): [FPS] params.getPreviewFrameRate() fps = 30  
E/QualcommCameraHardware(  140): [FPS] BACK_CAMERA : 30
E/mm-camera(  140): aec_set_parm_fps E
E/QualcommCameraHardware(  140): FocusMode =auto
E/QualcommCameraHardware(  140): [LGE_FAST_CAF] setFocusMode(NO CAF)
E/QualcommCameraHardware(  140): [LGE_SUPPORT_FAST_CAF] Set isLGCAF=0 and Execute CAMERA_PARM_LG_CAF
E/QualcommCameraHardware(  140): ### setFocusMode: Focus Type : auto
E/QualcommCameraHardware(  140): [LGE_FAST_CAF] setFocusMode() mHasAutoFocusSupport=1
E/QualcommCameraHardware(  140): [LGE_FAST_CAF] setFocusMode() isLGCAF=0, cafSupport=0
I/DecodeThread(32702): Hints: {POSSIBLE_FORMATS=[CODABAR, CODE_39, CODE_93, CODE_128, DATA_MATRIX, EAN_8, EAN_13, ITF, QR_CODE, RSS_14, RSS_EXPANDED, UPC_A, UPC_E], NEED_RESULT_POINT_CALLBACK=com.google.zxing.client.android.ViewfinderResultPointCallback@415574e8}
E/QualcommCamera(  140): Qint android::preview_enabled(camera_device*): E
E/QualcommCamera(  140): Qint android::set_preview_window(camera_device*, preview_stream_ops*): E window = 0x167f8
E/QualcommCamera(  140): Qint android::start_preview(camera_device*): E
D/memalloc(  137): /dev/pmem_adsp: Allocated buffer base:0x418b7000 size:233472 fd:48
D/memalloc(  140): /dev/pmem_adsp: Mapped buffer base:0x4359e000 size:233472, fd:52
D/memalloc(  137): /dev/pmem_adsp: Allocated buffer base:0x4194e000 size:233472 fd:51
D/memalloc(  140): /dev/pmem_adsp: Mapped buffer base:0x43765000 size:233472, fd:56
D/memalloc(  137): /dev/pmem_adsp: Allocated buffer base:0x43fa1000 size:233472 fd:57
D/memalloc(  140): /dev/pmem_adsp: Mapped buffer base:0x43893000 size:233472, fd:60
D/memalloc(  137): /dev/pmem_adsp: Allocated buffer base:0x44c0e000 size:233472 fd:60
D/memalloc(  140): /dev/pmem_adsp: Mapped buffer base:0x43a5d000 size:233472, fd:64
D/memalloc(  137): /dev/pmem_adsp: Allocated buffer base:0x44c8e000 size:233472 fd:63
D/memalloc(  140): /dev/pmem_adsp: Mapped buffer base:0x43ba2000 size:233472, fd:68
D/memalloc(  137): /dev/pmem_adsp: Allocated buffer base:0x44dc2000 size:233472 fd:66
D/memalloc(  140): /dev/pmem_adsp: Mapped buffer base:0x43cc1000 size:233472, fd:72
D/memalloc(  137): /dev/pmem_adsp: Allocated buffer base:0x44e95000 size:233472 fd:69
D/memalloc(  140): /dev/pmem_adsp: Mapped buffer base:0x43dfd000 size:233472, fd:76
D/memalloc(  137): /dev/pmem_adsp: Allocated buffer base:0x44f5a000 size:233472 fd:72
D/memalloc(  140): /dev/pmem_adsp: Mapped buffer base:0x43f84000 size:233472, fd:80
D/memalloc(  137): /dev/pmem_adsp: Allocated buffer base:0x44fdc000 size:233472 fd:75
D/memalloc(  140): /dev/pmem_adsp: Mapped buffer base:0x441b4000 size:233472, fd:84
E/mm-camera(  140): Waiting for frame thread to start ! 
E/mm-camera(  140): Wait over, frame thread ready !!!! 
E/QualcommCamera(  140): Qint android::start_preview(camera_device*): X
I/PlatformSupportManager(32702): Using implementation class com.google.zxing.client.android.common.executor.HoneycombAsyncTaskExecInterface of interface com.google.zxing.client.android.common.executor.AsyncTaskExecInterface for SDK 11
E/QualcommCamera(  140): Qchar* android::get_parameters(camera_device*): E
E/QualcommCamera(  140): get_parameters X
E/QualcommCamera(  140): Qvoid android::put_parameters(camera_device*, char*): E
E/QualcommCamera(  140): put_parameters X
I/AutoFocusManager(32702): Current focus mode 'auto'; use auto focus? true
E/QualcommCamera(  140): Qint android::auto_focus(camera_device*): E
E/QualcommCamera(  140): Qvoid android::disable_msg_type(camera_device*, int32_t): E
E/mm-camera(  140): PROFILE Camera_interface AF : 1374699947.379459181
E/mm-camera(  140): PROFILE set_parm_AF: : 1374699947.379684180
E/CAM_FD  (  140): LG_AF : vfe_util_af_start, roi_info->num_roi = 1, focusrect_sel = 1 
D/CameraManager(32702): Calculated framing rect: Rect(90, 40 - 390, 280)
W/SignalStrength(  576): SignalStrength before validate=SignalStrength: 10 0 -1 -1 -1 -1 -1 99 -32767 -32767 -32767 -32767 cdma
W/SignalStrength(  576): SignalStrength after validate=SignalStrength: 10 0 -120 -160 -120 -1 -1 99 2147483647 2147483647 2147483647 2147483647 cdma
W/SignalStrength(  462): charels mCountryCode: mOperatorCode EUOPEN
W/SignalStrength(  462): [BRIGHTHY] 0. mDataNetType: 8
W/SignalStrength(  462): getGsmLevel=3
W/SignalStrength(  462): getLevel=3
W/SignalStrength(  462): charels mCountryCode: mOperatorCode EUOPEN
W/SignalStrength(  373): charels mCountryCode: mOperatorCode EUOPEN
D/StatusBar.NetworkController(  462): onSignalStrengthsChanged signalStrength=SignalStrength: 10 0 -120 -160 -120 -1 -1 99 2147483647 2147483647 2147483647 2147483647 gsm|lte level=3
E/msm7627a.gralloc(  137): ERROR FBIOGET_ESDCHECKLOOP failed
W/SignalStrength(  373): [BRIGHTHY] 0. mDataNetType: 8
W/SignalStrength(  373): getGsmLevel=3
W/SignalStrength(  373): getLevel=3
W/SignalStrength(  462): [BRIGHTHY] 0. mDataNetType: 8
W/SignalStrength(  462): getGsmLevel=3
W/SignalStrength(  462): getLevel=3
D/StatusBar.NetworkController(  462): [BRIGHTHY] curNetwork=26006 curHPLMN=26006
W/SignalStrength(  462): charels mCountryCode: mOperatorCode EUOPEN
D/StatusBar.NetworkController(  462): [BRIGHTHY]  Roaming=false
W/SignalStrength(  462): [BRIGHTHY] 0. mDataNetType: 8
W/SignalStrength(  462): getGsmLevel=3
W/SignalStrength(  462): getLevel=3
D/PhoneStatusBarPolicy(  462): ACTION_SIGNAL_STRENGTH_CHANGED!!!
D/StatusBar.NetworkController(  462): refreshViews connected={ } level=3 combinedSignalIconId=0x7f020246/com.android.systemui:drawable/stat_sys_signal_3_fully combinedActivityIconId=0x0 mAirplaneMode=false mDataActivity=0 mPhoneSignalIconId=0x7f020246 mDataDirectionIconId=0x0 mDataSignalIconId=0x7f020246 mDataTypeIconId=0x0 mNoSimIconId=0x0 mWifiIconId=0x7f020285 mBluetoothTetherIconId=0x1080563
E/mm-camera(  140): af_process_focus_sensor: 529:Failed: Invalid AF stat from VFE: Focus = 0, NFocus = 133
E/mm-camera(  140): PROFILE Camera_interface post AF : 1374699947.545619180
E/QualcommCameraHardware(  140): native_start_ops: type 4 error Success
D/memalloc(  137): /dev/pmem: Allocated buffer base:0x419a1000 size:614400 offset:4915200 fd:78
D/memalloc(32702): /dev/pmem: Mapped buffer base:0x51c5e000 size:5529600 offset:4915200 fd:48
D/DebugPowerManagerService(  373): setPowerState call from acquireWakeLockLocked()  1
D/PowerManagerService(  373): setPowerState: mPowerState=0x3 newState=0x3 noChangeLights=false reason=3
I/ActivityManager(  373): Displayed com.google.zxing.client.android/.CaptureActivity: +2s510ms
W/TextView(  373): Selection Mode is null
W/TextView(  373): Selection Mode is null
D/memalloc(  373): /dev/pmem: Unmapping buffer base:0x56ecb000 size:6594560 offset:5980160
D/memalloc(  137): /dev/pmem: Freeing buffer base:0x41f55000 size:614400 offset:5980160 fd:54
V/AudioFlinger(  140): Audio hardware entering standby, mixer 0x110f0, mSuspended 0
I/AudioHardwareMSM76XXA(  140): set device to SND_DEVICE_SPEAKER device_id=0
V/AudioHardwareMSM76XXA(  140): MBADRC and ADRC Disabled
I/AudioHardwareMSM76XXA(  140): disabling post proc features with mask 0x0000
V/AudioFlinger(  140): releaseWakeLock_l() AudioOut_1
V/AudioFlinger(  140): MixerThread 0x110f0 TID 299 going to sleep
D/DebugPowerManagerService(  373): setPowerState call from userActivity() 
D/PowerManagerService(  373): setPowerState: mPowerState=0x3 newState=0x7 noChangeLights=false reason=2
I/PowerManagerService(  373): Setting brightess on 67: 4
D/DebugPowerManagerService(  373): setPowerState call from TimeoutTask() 
D/PowerManagerService(  373): setPowerState: mPowerState=0x7 newState=0x3 noChangeLights=false reason=3
I/PowerManagerService(  373): Setting brightess off: 4
D/DebugPowerManagerService(  373): TimeoutTask : dim(1) or bright  3
W/InputManagerService(  373): Starting input on non-focused client com.android.internal.view.IInputMethodClient$Stub$Proxy@41b429f0 (uid=10032 pid=32617)
D/memalloc(  137): /dev/pmem: Allocated buffer base:0x419a1000 size:614400 offset:5529600 fd:54
D/memalloc(32702): /dev/pmem: Mapped buffer base:0x523ae000 size:6144000 offset:5529600 fd:51
W/IInputConnectionWrapper(32617): showStatusIcon on inactive InputConnection
D/memalloc(  137): /dev/pmem: Freeing buffer base:0x419a1000 size:614400 offset:0 fd:24
D/memalloc(  559): /dev/pmem: Unmapping buffer base:0x51d1a000 size:614400 offset:0
D/memalloc(  559): /dev/pmem: Unmapping buffer base:0x520e9000 size:3215360 offset:2600960
D/memalloc(  137): /dev/pmem: Freeing buffer base:0x41c1c000 size:614400 offset:2600960 fd:39
W/Finsky  (32647): [1] 2.onErrorResponse: Update check failed: com.android.volley.NoConnectionError: java.net.UnknownHostException: Unable to resolve host "android.clients.google.com": No address associated with hostname
D/Finsky  (32647): [1] DailyHygiene.flushEventLogs: Flushing event logs for [M4BDyowpj__LiaN8JwxbEAnFWoI]
D/Finsky  (32647): [1] DailyHygiene.reschedule: Scheduling new run in 10 minutes (failures=1)
E/QualcommCamera(  140): Qvoid android::disable_msg_type(camera_device*, int32_t): E
I/ActivityManager(  373): Process com.brand.applicationname.android (pid 32617) has died.
E/PlayEventLogger(32647): Upload failed class java.net.UnknownHostException (Unable to resolve host "play.googleapis.com": No address associated with hostname)
E/QualcommCamera(  140): Qvoid android::disable_msg_type(camera_device*, int32_t): E
E/QualcommCamera(  140): Qvoid android::disable_msg_type(camera_device*, int32_t): E
D/DebugPowerManagerService(  373): setPowerState call from userActivity() 
D/PowerManagerService(  373): setPowerState: mPowerState=0x3 newState=0x7 noChangeLights=false reason=2
I/PowerManagerService(  373): Setting brightess on 67: 4
E/QualcommCamera(  140): Qvoid android::disable_msg_type(camera_device*, int32_t): E
E/QualcommCamera(  140): Qint android::cancel_auto_focus(camera_device*): E
E/QualcommCamera(  140): Qvoid android::disable_msg_type(camera_device*, int32_t): E
E/QualcommCamera(  140): Qvoid android::disable_msg_type(camera_device*, int32_t): E
E/QualcommCamera(  140): Qvoid android::stop_preview(camera_device*): E
E/QualcommCameraHardware(  140):  Cancelling preview buffers 52 
E/QualcommCameraHardware(  140):  Cancelling preview buffers 56 
E/QualcommCameraHardware(  140):  Cancelling preview buffers 60 
E/QualcommCameraHardware(  140):  Cancelling preview buffers 64 
E/SurfaceTexture(  137): [SurfaceView] cancelBuffer: slot 4 is not owned by the client (state=0)
E/SurfaceTexture(  137): [SurfaceView] cancelBuffer: slot 5 is not owned by the client (state=2)
E/QualcommCameraHardware(  140):  Cancelling preview buffers 76 
E/QualcommCameraHardware(  140):  Cancelling preview buffers 80 
E/QualcommCamera(  140): Qvoid android::disable_msg_type(camera_device*, int32_t): E
E/QualcommCamera(  140): Qvoid android::disable_msg_type(camera_device*, int32_t): E
E/QualcommCamera(  140): Qvoid android::stop_preview(camera_device*): E
E/QualcommCamera(  140): Qint android::cancel_picture(camera_device*): E
E/QualcommCamera(  140): Qvoid android::release(camera_device*): E
E/CAM_FD  (  140): cam_conf: CAMERA_EXIT
D/memalloc(  137): /dev/pmem_adsp: Freeing buffer base:0x418b7000 size:233472 fd:48
D/memalloc(  137): /dev/pmem_adsp: Freeing buffer base:0x4194e000 size:233472 fd:51
D/memalloc(  137): /dev/pmem_adsp: Freeing buffer base:0x43fa1000 size:233472 fd:57
D/memalloc(  137): /dev/pmem_adsp: Freeing buffer base:0x44c0e000 size:233472 fd:60
D/memalloc(  137): /dev/pmem_adsp: Freeing buffer base:0x44c8e000 size:233472 fd:63
D/memalloc(  137): /dev/pmem_adsp: Freeing buffer base:0x44e95000 size:233472 fd:69
D/memalloc(  137): /dev/pmem_adsp: Freeing buffer base:0x44f5a000 size:233472 fd:72
D/memalloc(  137): /dev/pmem_adsp: Freeing buffer base:0x44fdc000 size:233472 fd:75
E/QualcommCamera(  140): Qint android::set_preview_window(camera_device*, preview_stream_ops*): E window = 0x0
W/QualcommCameraHardware(  140):  Setting NULL preview window 
E/QualcommCamera(  140): Qint android::close_camera_device(hw_device_t*): device =0x20c30 E
I/QualcommCamera(  140): void android::close_Hal_obj(camera_device*): E
I/QualcommCamera(  140): void android::close_Hal_obj(camera_device*): clear hw
I/QualcommCamera(  140): void android::close_Hal_obj(camera_device*): X
V/MediaPlayerService(  140): disconnect(243) from pid 140
V/MediaPlayerService(  140): Client(243) destructor pid = 140
V/AudioSink(  140): close
V/AudioSink(  140): closeSession
V/MediaPlayerService(  140): disconnect(243) from pid 140
V/AudioFlinger(  140): releasing 2876 from 140
W/AudioFlinger(  140): session id 2876 not found for pid 140
V/MediaPlayerService(  140): disconnect(244) from pid 140
V/MediaPlayerService(  140): Client(244) destructor pid = 140
V/AudioSink(  140): close
V/AudioSink(  140): closeSession
V/MediaPlayerService(  140): disconnect(244) from pid 140
V/AudioFlinger(  140): releasing 2877 from 140
W/AudioFlinger(  140): session id 2877 not found for pid 140
I/ActivityManager(  373): Start proc com.brand.applicationname.android for activity com.brand.applicationname.android/.MainActivity: pid=32739 uid=10032 gids={}
I/WindowManager(  373): SCREENLAYOUT_SIZE (1:small, 2:normal, 3:large, 4:xlarge) 2
W/TextView(  373): Selection Mode is null
W/TextView(  373): Selection Mode is null
D/memalloc(  137): /dev/pmem: Allocated buffer base:0x419a1000 size:614400 offset:0 fd:24
D/memalloc(  373): /dev/pmem: Mapped buffer base:0x4ef7d000 size:614400 offset:0 fd:216
D/memalloc(32702): /dev/pmem: Unmapping buffer base:0x51932000 size:1228800 offset:614400
D/memalloc(32702): /dev/pmem: Unmapping buffer base:0x51c5e000 size:5529600 offset:4915200
D/memalloc(32702): /dev/pmem: Unmapping buffer base:0x523ae000 size:6144000 offset:5529600
D/memalloc(  137): /dev/pmem_adsp: Freeing buffer base:0x44dc2000 size:233472 fd:66
D/memalloc(  137): /dev/pmem: Freeing buffer base:0x41a37000 size:614400 offset:614400 fd:36
D/memalloc(  137): /dev/pmem: Freeing buffer base:0x41e51000 size:614400 offset:4915200 fd:78
D/DebugPowerManagerService(  373): setPowerState call from userActivity() 
D/PowerManagerService(  373): setPowerState: mPowerState=0x7 newState=0x7 noChangeLights=false reason=2
D/DebugPowerManagerService(  373): setPowerState call from releaseWakeLockLocked()
D/PowerManagerService(  373): setPowerState: mPowerState=0x7 newState=0x7 noChangeLights=false reason=3
D/memalloc(  137): /dev/pmem: Freeing buffer base:0x41ee7000 size:614400 offset:5529600 fd:54
D/memalloc(  137): /dev/pmem: Allocated buffer base:0x419a1000 size:614400 offset:2600960 fd:36
D/memalloc(  373): /dev/pmem: Mapped buffer base:0x55dcc000 size:3215360 offset:2600960 fd:235
D/memalloc(  137): /dev/pmem: Allocated buffer base:0x419a1000 size:614400 offset:614400 fd:39
D/memalloc(32739): /dev/pmem: Mapped buffer base:0x518ff000 size:1228800 offset:614400 fd:43
D/memalloc(  137): /dev/pmem: Allocated buffer base:0x419a1000 size:614400 offset:4915200 fd:48
D/memalloc(32739): /dev/pmem: Mapped buffer base:0x52042000 size:5529600 offset:4915200 fd:46
I/ActivityManager(  373): Displayed com.brand.applicationname.android/.MainActivity: +612ms
D/memalloc(  373): /dev/pmem: Unmapping buffer base:0x4ef7d000 size:614400 offset:0
D/memalloc(  137): /dev/pmem: Freeing buffer base:0x419a1000 size:614400 offset:0 fd:24
D/memalloc(  373): /dev/pmem: Unmapping buffer base:0x55dcc000 size:3215360 offset:2600960
D/memalloc(  137): /dev/pmem: Freeing buffer base:0x41c1c000 size:614400 offset:2600960 fd:36
D/gp.PicasaPhotoCP(32677): set fsid first time:-1
D/memalloc(  137): /dev/pmem: Allocated buffer base:0x419a1000 size:614400 offset:0 fd:24
D/memalloc(32739): /dev/pmem: Mapped buffer base:0x527ab000 size:614400 offset:0 fd:49
D/gp.PicasaSync(32677): sync account database
I/ActivityManager(  373): Start proc com.facebook.katana:dash for broadcast com.facebook.katana/com.facebook.dash.launchables.receiver.LaunchablesReceiver: pid=32760 uid=10073 gids={3003, 1006, 1015}
D/wpa_supplicant(21344): Scan requested (ret=0) - scan timeout 30 seconds
D/wpa_supplicant(21344): nl80211: Event message available
D/wpa_supplicant(21344): nl80211: Scan trigger
W/SignalStrength(  576): SignalStrength before validate=SignalStrength: 11 0 -1 -1 -1 -1 -1 99 -32767 -32767 -32767 -32767 cdma
W/SignalStrength(  576): SignalStrength after validate=SignalStrength: 11 0 -120 -160 -120 -1 -1 99 2147483647 2147483647 2147483647 2147483647 cdma
W/SignalStrength(  373): charels mCountryCode: mOperatorCode EUOPEN
W/SignalStrength(  462): charels mCountryCode: mOperatorCode EUOPEN
W/SignalStrength(  462): [BRIGHTHY] 0. mDataNetType: 8
W/SignalStrength(  462): getGsmLevel=3
W/SignalStrength(  462): getLevel=3
W/SignalStrength(  462): charels mCountryCode: mOperatorCode EUOPEN
W/SignalStrength(  373): [BRIGHTHY] 0. mDataNetType: 8
W/SignalStrength(  373): getGsmLevel=3
W/SignalStrength(  373): getLevel=3
D/StatusBar.NetworkController(  462): onSignalStrengthsChanged signalStrength=SignalStrength: 11 0 -120 -160 -120 -1 -1 99 2147483647 2147483647 2147483647 2147483647 gsm|lte level=3
W/SignalStrength(  462): [BRIGHTHY] 0. mDataNetType: 8
W/SignalStrength(  462): getGsmLevel=3
W/SignalStrength(  462): getLevel=3
D/StatusBar.NetworkController(  462): [BRIGHTHY] curNetwork=26006 curHPLMN=26006
W/SignalStrength(  462): charels mCountryCode: mOperatorCode EUOPEN
D/StatusBar.NetworkController(  462): [BRIGHTHY]  Roaming=false
W/SignalStrength(  462): [BRIGHTHY] 0. mDataNetType: 8
W/SignalStrength(  462): getGsmLevel=3
W/SignalStrength(  462): getLevel=3
D/PhoneStatusBarPolicy(  462): ACTION_SIGNAL_STRENGTH_CHANGED!!!
D/StatusBar.NetworkController(  462): refreshViews connected={ } level=3 combinedSignalIconId=0x7f020246/com.android.systemui:drawable/stat_sys_signal_3_fully combinedActivityIconId=0x0 mAirplaneMode=false mDataActivity=0 mPhoneSignalIconId=0x7f020246 mDataDirectionIconId=0x0 mDataSignalIconId=0x7f020246 mDataTypeIconId=0x0 mNoSimIconId=0x0 mWifiIconId=0x7f020285 mBluetoothTetherIconId=0x1080563
D/gp.PicasaSync(32677): accounts in DB=1
I/ActivityManager(  373): Process com.android.gallery3d (pid 32603) has died.
D/DebugPowerManagerService(  373): setPowerState call from TimeoutTask() 
D/PowerManagerService(  373): setPowerState: mPowerState=0x7 newState=0x3 noChangeLights=false reason=3
I/PowerManagerService(  373): Setting brightess off: 4
D/DebugPowerManagerService(  373): TimeoutTask : dim(1) or bright  3
D/gp.PicasaSyncManager(32677): active network: null
D/gp.PicasaSyncManager(32677): background data: true
I/NativeLibrarySupport(32677): Native WEBP decoder, version=0.3.0
I/NativeLibrarySupport(32677): Native networking disabled
D/wpa_supplicant(21344): nl80211: Event message available
D/wpa_supplicant(21344): nl80211: New scan results available
D/wpa_supplicant(21344): nl80211: Received scan results (15 BSSes)
D/wpa_supplicant(21344): nl80211: Survey data missing
D/wpa_supplicant(21344): Add randomness: count=24382 entropy=1001
D/wpa_supplicant(21344): Add randomness: count=24383 entropy=1001
D/wpa_supplicant(21344): Add randomness: count=24384 entropy=1001
D/wpa_supplicant(21344): Add randomness: count=24385 entropy=1001
D/wpa_supplicant(21344): Add randomness: count=24386 entropy=1001
D/wpa_supplicant(21344): Add randomness: count=24387 entropy=1001
D/wpa_supplicant(21344): Add randomness: count=24388 entropy=1001
D/wpa_supplicant(21344): Add randomness: count=24389 entropy=1001
D/wpa_supplicant(21344): Add randomness: count=24390 entropy=1001
D/wpa_supplicant(21344): Add randomness: count=24391 entropy=1001
I/dun_service(  155): process rmnet event
I/dun_service(  155): received event: DUN_EVENT_RMNET_DOWN 
I/dun_service(  155): received event(DUN_EVENT_RMNET_DOWN) in state(DUN_STATE_USB_UNPLUG)
I/dun_service(  155): Ignoring the event DUN_EVENT_RMNET_DOWN in USB_UNPLUG_STATE
I/dun_service(  155): Moved to state(DUN_STATE_USB_UNPLUG)
D/NetdConnector(  373): RCV <- {600 Iface linkstate wlan0 down}
D/wpa_supplicant(21344): RTM_NEWLINK: operstate=0 ifi_flags=0x1003 ([UP])
D/wpa_supplicant(21344): RTM_NEWLINK, IFLA_IFNAME: Interface 'wlan0' added
D/Tethering(  373): interfaceLinkStateChanged wlan0, false
D/Tethering(  373): interfaceStatusChanged wlan0, false
D/gp.PicasaSyncManager(32677): reject MetadataSyncTask (*************************) because downsync is disabled
D/gp.PicasaSyncManager(32677): battery info: true
D/gp.PicasaSyncManager(32677): reject MetadataSyncTask (*************************) because downsync is disabled
D/CatchMeIfYouCan(32760): Process (dash) ca: '/data/data/com.facebook.katana/app_cmiyc/0C66B38F48468E96F8008B6D5A2AE33B4A60265E01'
D/CatchMeIfYouCan(32760): Process (dash) fc: '/data/data/com.facebook.katana/app_cmiyc/0C66B38F48468E96F8008B6D5A2AE33B4A60265E02'
D/CatchMeIfYouCan(32760): Process (dash) cp: '('dash', 6, 60000, silent [true], restart [true], logout [true])'
D/ACRA    (32760): Retrieve SharedPreferences ACRA
D/ACRA    (32760): Set OnSharedPreferenceChangeListener.
D/ACRA    (32760): ACRA is enabled for com.facebook.katana, intializing...
D/ACRA    (32760): Looking for error files in /data/data/com.facebook.katana/app_acra-reports
V/ACRA    (32760): About to start ReportSenderWorker from #checkReportOnApplicationStart
D/ACRA    (32760): Add user comment to null
D/ACRA    (32760): #checkAndSendReports - start
D/ACRA    (32760): Looking for error files in /data/data/com.facebook.katana/app_acra-reports
I/ACRA    (32760): Sending file 1374666159000-177847-approved.stacktrace
D/ACRA    (32760): Connect to https://www.facebook.com/mobile/android_crash_logs/
D/DexLibLoader(32760): Deleting old version: /data/data/com.facebook.katana/app_dex/guava-10.0.1-fork.dex.0.jar
D/DexLibLoader(32760): Deleting old version: /data/data/com.facebook.katana/app_dex/guava-10.0.1-fork.dex.1.jar
I/ActivityManager(  373): Process com.lge.appbox.client (pid 32389) has died.
E/ACRA    (32760): Failed to send crash report for 1374666159000-177847-approved.stacktrace
D/ACRA    (32760): #checkAndSendReports - finish
D/DexLibLoader(32760): Deleting old version: /data/data/com.facebook.katana/app_dex/jackson-core-2.0.5.dex.0.jar
D/DexLibLoader(32760): Deleting old version: /data/data/com.facebook.katana/app_dex/jackson-core-2.0.5.dex.1.jar
D/DexLibLoader(32760): Deleting old version: /data/data/com.facebook.katana/app_dex/jackson-core-2.0.5.dex.2.jar
D/DexLibLoader(32760): Deleting old version: /data/data/com.facebook.katana/app_dex/jackson-databind-2.0.5.dex.0.jar
D/DexLibLoader(32760): Deleting old version: /data/data/com.facebook.katana/app_dex/jackson-databind-2.0.5.dex.1.jar
D/DexLibLoader(32760): Deleting old version: /data/data/com.facebook.katana/app_dex/jackson-databind-2.0.5.dex.2.jar
D/DexLibLoader(32760): Deleting old version: /data/data/com.facebook.katana/app_dex/jackson-databind-2.0.5.dex.3.jar
D/DexLibLoader(32760): Deleting old version: /data/data/com.facebook.katana/app_dex/jackson-datatype-guava-2.0.4.dex.0.jar
D/DexLibLoader(32760): Deleting old version: /data/data/com.facebook.katana/app_dex/jackson-datatype-guava-2.0.4.dex.1.jar
D/DexLibLoader(32760): Deleting old version: /data/data/com.facebook.katana/app_dex/jackson-datatype-guava-2.0.4.dex.2.jar
D/DexLibLoader(32760): Deleting old version: /data/data/com.facebook.katana/app_dex/json_simple-1.1.dex.0.jar
D/DexLibLoader(32760): Deleting old version: /data/data/com.facebook.katana/app_dex/json_simple-1.1.dex.1.jar
D/DexLibLoader(32760): Deleting old version: /data/data/com.facebook.katana/app_dex/json-path-0.5.4-FB-Custom.dex.0.jar
D/DexLibLoader(32760): Deleting old version: /data/data/com.facebook.katana/app_dex/json-path-0.5.4-FB-Custom.dex.1.jar
D/DexLibLoader(32760): Deleting old version: /data/data/com.facebook.katana/app_dex/diffutils-1.2.1.dex.0.jar
D/DexLibLoader(32760): Deleting old version: /data/data/com.facebook.katana/app_dex/diffutils-1.2.1.dex.1.jar
D/DexLibLoader(32760): Deleting old version: /data/data/com.facebook.katana/app_dex/nine_old_androids.dex.0.jar
D/DexLibLoader(32760): Deleting old version: /data/data/com.facebook.katana/app_dex/nine_old_androids.dex.1.jar
D/DexLibLoader(32760): Deleting old version: /data/data/com.facebook.katana/app_dex/nine_old_androids.dex.2.jar
D/DexLibLoader(32760): Deleting old version: /data/data/com.facebook.katana/app_dex/nine_old_androids.dex.3.jar
V/DexLibLoader(32760): Preparing secondary program dexes.
V/DexLibLoader(32760): Loaded 1 raw lines of metadata.
V/DexLibLoader(32760): Secondary program dex metadata: secondary-1.dex.jar 7931a93cd0b36b5e06c00dce5653ce53132fda57 com.facebook.device.DeviceModule
V/DexLibLoader(32760): Preparing to extract secondary-1.dex.jar to /data/data/com.facebook.katana/app_secondary_program_dex/program-7931a93cd0b36b5e06c00dce5653ce53132fda57.dex.jar
V/DexLibLoader(32760): Dex already copied
V/DexLibLoader(32760): Creating class loader
V/DexLibLoader(32760): Finished creating class loader
V/DexLibLoader(32760): Veryfing classes from secondary dexes.
V/DexLibLoader(32760): Dex already copied
V/DexLibLoader(32760): Creating class loader
V/DexLibLoader(32760): Finished creating class loader
D/DexLibLoader(32760): DexLibLoader.ensureDex took 150 ms
I/ActivityThread(32760): Pub com.facebook.katana.provider.LaunchablesProvider: com.facebook.dash.launchables.model.LaunchablesProvider
W/SignalStrength(  576): SignalStrength before validate=SignalStrength: 13 0 -1 -1 -1 -1 -1 99 -32767 -32767 -32767 -32767 cdma
W/SignalStrength(  576): SignalStrength after validate=SignalStrength: 13 0 -120 -160 -120 -1 -1 99 2147483647 2147483647 2147483647 2147483647 cdma
W/SignalStrength(  373): charels mCountryCode: mOperatorCode EUOPEN
W/SignalStrength(  462): charels mCountryCode: mOperatorCode EUOPEN
W/SignalStrength(  462): [BRIGHTHY] 0. mDataNetType: 8
W/SignalStrength(  462): getGsmLevel=4
W/SignalStrength(  462): getLevel=4
W/SignalStrength(  462): charels mCountryCode: mOperatorCode EUOPEN
W/SignalStrength(  373): [BRIGHTHY] 0. mDataNetType: 8
W/SignalStrength(  373): getGsmLevel=4
W/SignalStrength(  373): getLevel=4
D/StatusBar.NetworkController(  462): onSignalStrengthsChanged signalStrength=SignalStrength: 13 0 -120 -160 -120 -1 -1 99 2147483647 2147483647 2147483647 2147483647 gsm|lte level=4
W/SignalStrength(  462): [BRIGHTHY] 0. mDataNetType: 8
W/SignalStrength(  462): getGsmLevel=4
W/SignalStrength(  462): getLevel=4
W/SignalStrength(  462): charels mCountryCode: mOperatorCode EUOPEN
D/StatusBar.NetworkController(  462): [BRIGHTHY] curNetwork=26006 curHPLMN=26006
D/StatusBar.NetworkController(  462): [BRIGHTHY]  Roaming=false
W/SignalStrength(  462): [BRIGHTHY] 0. mDataNetType: 8
W/SignalStrength(  462): getGsmLevel=4
W/SignalStrength(  462): getLevel=4
D/StatusBar.NetworkController(  462): refreshViews connected={ } level=4 combinedSignalIconId=0x7f02024e/com.android.systemui:drawable/stat_sys_signal_4_fully combinedActivityIconId=0x0 mAirplaneMode=false mDataActivity=0 mPhoneSignalIconId=0x7f02024e mDataDirectionIconId=0x0 mDataSignalIconId=0x7f02024e mDataTypeIconId=0x0 mNoSimIconId=0x0 mWifiIconId=0x7f020285 mBluetoothTetherIconId=0x1080563
D/PhoneStatusBarPolicy(  462): ACTION_SIGNAL_STRENGTH_CHANGED!!!
I/ActivityManager(  373): Process com.lge.lgworld (pid 32584) has died.
I/ActivityManager(  373): Process com.google.android.partnersetup (pid 32632) has died.
D/fb4a(:dash):fb:BackgroundTaskController(32760): setTagDisabled(interface com.facebook.contacts.database.ContactsTaskTag, true)
I/fb4a(:dash):OrcaInjector(32760): Created just-in-time provider for class com.facebook.auth.ViewerContextFactory
D/fb4a(:dash):fb:HomeIntentHandlerHelper(32760): Chosen launcher com.lge.launcher2 of priority 1
I/fb4a(:dash):OrcaInjector(32760): Created just-in-time provider for class com.facebook.gk.FetchGatekeepersMethod
I/fb4a(:dash):OrcaInjector(32760): Created just-in-time provider for class com.facebook.camera.gating.CameraGatekeeperSetProvider
I/ActivityManager(  373): Start proc com.lge.lgworld for broadcast com.lge.lgworld/.InstallerReceiver: pid=350 uid=10081 gids={3003, 1015}
W/dalvikvm(32760): VFY: unable to resolve virtual method 1416: Landroid/view/View;.setBackground (Landroid/graphics/drawable/Drawable;)V
I/ActivityManager(  373): Process com.android.vending (pid 32647) has died.
I/ActivityManager(  373): Start proc com.lge.appbox.client for broadcast com.lge.appbox.client/com.lge.appbox.PreloadListManagerHelper: pid=368 uid=10000 gids={3003, 1015, 2001}
I/ActivityThread(  368): Pub com.lge.appbox.contentprovider: com.lge.appbox.adapter.AppBoxContentProvider
I/appbox2 (  368):  AppBoxContentProvider onCreate
W/appbox2 (  368):  AppBoxDatabaseHelper construct
I/ActivityManager(  373): Start proc com.android.email for service com.android.email/.service.AttachmentDownloadService: pid=397 uid=10029 gids={3003, 1015}
I/appbox2 (  368):  setFingerPrint start
I/appbox2 (  368):  newfinger = lge/m4_open_eu/m4:4.0.3/IML74K/lge610-V10m.20121130.145522:user/release-keys
I/appbox2 (  368):  select cursor count : 1
I/appbox2 (  368):  beforefinger = lge/m4_open_eu/m4:4.0.3/IML74K/lge610-V10m.20121130.145522:user/release-keys
I/appbox2 (  368):  beforefinger == newfinger no write in DB
D/appbox2 (  368): AppBoxApplication : 300558
D/appbox2 (  368): LG-E610 / 26006 / 15 / user
D/appbox2 (  368): /system/apps/bootup/RichNote.apk is boot-up apk.
D/appbox2 (  368): /system/apps/bootup/PolarisOffice.apk is boot-up apk.
I/ActivityManager(  373): Process com.google.zxing.client.android (pid 32702) has died.
W/SignalStrength(  576): SignalStrength before validate=SignalStrength: 12 0 -1 -1 -1 -1 -1 99 -32767 -32767 -32767 -32767 cdma
W/SignalStrength(  576): SignalStrength after validate=SignalStrength: 12 0 -120 -160 -120 -1 -1 99 2147483647 2147483647 2147483647 2147483647 cdma
W/SignalStrength(  462): charels mCountryCode: mOperatorCode EUOPEN
W/SignalStrength(  373): charels mCountryCode: mOperatorCode EUOPEN
W/SignalStrength(  462): [BRIGHTHY] 0. mDataNetType: 8
W/SignalStrength(  462): getGsmLevel=4
W/SignalStrength(  462): getLevel=4
W/SignalStrength(  462): charels mCountryCode: mOperatorCode EUOPEN
W/SignalStrength(  462): [BRIGHTHY] 0. mDataNetType: 8
W/SignalStrength(  462): getGsmLevel=4
W/SignalStrength(  462): getLevel=4
W/SignalStrength(  373): [BRIGHTHY] 0. mDataNetType: 8
W/SignalStrength(  373): getGsmLevel=4
W/SignalStrength(  373): getLevel=4
D/StatusBar.NetworkController(  462): onSignalStrengthsChanged signalStrength=SignalStrength: 12 0 -120 -160 -120 -1 -1 99 2147483647 2147483647 2147483647 2147483647 gsm|lte level=4
D/StatusBar.NetworkController(  462): [BRIGHTHY] curNetwork=26006 curHPLMN=26006
D/StatusBar.NetworkController(  462): [BRIGHTHY]  Roaming=false
W/SignalStrength(  462): charels mCountryCode: mOperatorCode EUOPEN
W/SignalStrength(  462): [BRIGHTHY] 0. mDataNetType: 8
W/SignalStrength(  462): getGsmLevel=4
W/SignalStrength(  462): getLevel=4
D/PhoneStatusBarPolicy(  462): ACTION_SIGNAL_STRENGTH_CHANGED!!!
D/StatusBar.NetworkController(  462): refreshViews connected={ } level=4 combinedSignalIconId=0x7f02024e/com.android.systemui:drawable/stat_sys_signal_4_fully combinedActivityIconId=0x0 mAirplaneMode=false mDataActivity=0 mPhoneSignalIconId=0x7f02024e mDataDirectionIconId=0x0 mDataSignalIconId=0x7f02024e mDataTypeIconId=0x0 mNoSimIconId=0x0 mWifiIconId=0x7f020285 mBluetoothTetherIconId=0x1080563
D/appbox2 (  368): /system/apps/bootup/NativeNoiseField.apk is boot-up apk.
D/appbox2 (  368): /system/apps/bootup/NativeLiveWallpapers.apk is boot-up apk.
D/appbox2 (  368): /system/apps/bootup/LGWorld.apk is boot-up apk.
D/DebugPowerManagerService(  373): setPowerState call from userActivity() 
D/PowerManagerService(  373): setPowerState: mPowerState=0x3 newState=0x7 noChangeLights=false reason=2
I/PowerManagerService(  373): Setting brightess on 67: 4
I/ActivityThread(  397): Pub com.android.email.provider;com.android.email.notifier: com.android.email.provider.EmailProvider
D/appbox2 (  368):  Starting isFingerChanged 
I/appbox2 (  368):  AppBoxContentProvider query
I/ActivityThread(  397): Pub com.android.email.attachmentprovider: com.android.email.provider.AttachmentProvider
D/appbox2 (  368):  The value of isFingerChanged lge/m4_open_eu/m4:4.0.3/IML74K/lge610-V10m.20121130.145522:user/release-keys
D/appbox2 (  368):  start compare table!! 
D/appbox2 (  368): ParseCarrierAppList : 1 - read default
D/appbox2 (  368): ParseCarrierAppList : 1 234
D/appbox2 (  368): ParseCarrierAppList : 1 262
D/appbox2 (  368): ParseCarrierAppList : 1 214
D/appbox2 (  368): ParseCarrierAppList : 1 208
D/appbox2 (  368): ParseCarrierAppList : 1 222
I/com.brand.applicationname.android.service.ProductService(32739): Product not present in local storage. Trying to search online.
I/ActivityManager(  373): Start proc com.android.exchange for service com.android.exchange/.ExchangeService: pid=444 uid=10030 gids={3003, 1015}
I/ActivityManager(  373): Start proc com.google.android.apps.maps:FriendService for broadcast com.google.android.apps.maps/com.google.googlenav.friend.android.ServiceReceiver: pid=468 uid=10010 gids={3003, 1015}
I/ActivityManager(  373): START {cmp=com.brand.applicationname.android/.ProductDetailsActivity (has extras)} from pid 32739
I/WindowManager(  373): SCREENLAYOUT_SIZE (1:small, 2:normal, 3:large, 4:xlarge) 2
D/Email   (  397): Wifi State Changed : true
I/ActivityThread(  444): Pub com.android.exchange.directory.provider: com.android.exchange.provider.ExchangeDirectoryProvider
D/Eas Debug(  444): Logging: 
D/ExchangeService(  444): !!! EAS ExchangeService, onCreate
D/ExchangeService(  444): !!! EAS ExchangeService, onStartCommand, startingUp = false, running = false
D/memalloc(  137): /dev/pmem: Allocated buffer base:0x419a1000 size:614400 offset:2600960 fd:36
D/memalloc(32739): /dev/pmem: Mapped buffer base:0x529a4000 size:3215360 offset:2600960 fd:55
I/ActivityManager(  373): Process com.google.android.apps.plus (pid 32677) has died.
D/ExchangeService(  444): Received deviceId from Email app: androidc800646629
D/ExchangeService(  444): Reconciling accounts...
D/ExchangeService(  444): !!! EAS ExchangeService, onStartCommand, startingUp = true, running = false
D/memalloc(  137): /dev/pmem: Allocated buffer base:0x419a1000 size:614400 offset:5529600 fd:51
D/memalloc(32739): /dev/pmem: Mapped buffer base:0x52cb5000 size:6144000 offset:5529600 fd:61
D/Eas Debug(  444): Logging: 
I/ActivityManager(  373): Displayed com.brand.applicationname.android/.ProductDetailsActivity: +444ms
D/memalloc(32739): /dev/pmem: Unmapping buffer base:0x518ff000 size:1228800 offset:614400
D/memalloc(32739): /dev/pmem: Unmapping buffer base:0x52042000 size:5529600 offset:4915200
D/memalloc(32739): /dev/pmem: Unmapping buffer base:0x527ab000 size:614400 offset:0
D/memalloc(  137): /dev/pmem: Freeing buffer base:0x41a37000 size:614400 offset:614400 fd:39
D/memalloc(  137): /dev/pmem: Freeing buffer base:0x41e51000 size:614400 offset:4915200 fd:48
D/memalloc(  137): /dev/pmem: Freeing buffer base:0x419a1000 size:614400 offset:0 fd:24
D/DebugPowerManagerService(  373): setPowerState call from TimeoutTask() 
D/PowerManagerService(  373): setPowerState: mPowerState=0x7 newState=0x3 noChangeLights=false reason=3
I/PowerManagerService(  373): Setting brightess off: 4
D/DebugPowerManagerService(  373): TimeoutTask : dim(1) or bright  3
I/ActivityManager(  373): Start proc com.google.android.googlequicksearchbox for broadcast com.google.android.googlequicksearchbox/.SourceUpdateReceiver: pid=506 uid=10017 gids={3003}
I/ActivityThread(  506): Pub com.google.android.googlequicksearchbox.shortcuts: com.google.android.googlequicksearchbox.WebHistoryProvider
I/ActivityThread(  506): Pub com.google.android.googlequicksearchbox.google: com.google.android.googlequicksearchbox.google.GoogleSuggestionProvider
W/GCoreUlr(21675): sending intent to update reporting state
I/Recovery(32492): Received: Intent { act=com.google.android.gms.INITIALIZE flg=0x10 pkg=com.google.android.gms cmp=com.google.android.gms/.recovery.AccountRecoveryService$Receiver }
I/GCoreUlr(21675): Ensuring that reporting is stopped because of reasons: {account#1#=[InactiveReason{mVersionCode=0, mIdentifier=2, mName='DeferringToGmm'}]}
I/GCoreUlr(21675): Ensuring that reporting is stopped because of reasons: {account#1#=[InactiveReason{mVersionCode=0, mIdentifier=2, mName='DeferringToGmm'}]}
