--------- beginning of /dev/log/system
I/ActivityManager(  373): Start proc com.android.keychain for broadcast com.android.keychain/.KeyChainBroadcastReceiver: pid=32433 uid=1000 gids={1015, 3002, 3001, 1007, 3003, 4002, 1006, 1023, 1004, 2002, 3007}
--------- beginning of /dev/log/main
E/MPT MptOnPowerWatcher(32401): startListen
I/ActivityManager(  373): Start proc com.lge.lockscreensettings for broadcast com.lge.lockscreensettings/.PackageIntentReceiver: pid=32449 uid=10035 gids={}
I/ActivityThread(32449): Pub com.lge.lockscreensettings: com.lge.lockscreensettings.LockSettingsProvider
D/LockScreenSettings(32449): Package name=com.android.contacts, id=1
D/LockScreenSettings(32449): label=not_used
D/LockScreenSettings(32449): class name=com.android.contacts.activities.DialtactsActivity
D/LockScreenSettings(32449): Package name=com.android.mms, id=2
D/LockScreenSettings(32449): label=not_used
D/LockScreenSettings(32449): class name=com.android.mms.ui.ConversationList
D/LockScreenSettings(32449): Package name=com.android.email, id=3
D/LockScreenSettings(32449): label=not_used
D/LockScreenSettings(32449): class name=com.android.email.activity.Welcome
D/LockScreenSettings(32449): Package name=com.lge.camera, id=4
D/LockScreenSettings(32449): label=not_used
D/LockScreenSettings(32449): class name=com.lge.camera.CamLoading
I/ActivityManager(  373): Start proc com.google.android.apps.plus for broadcast com.google.android.apps.plus/.service.PackagesMediaMonitor: pid=32471 uid=10044 gids={3003, 3002, 1015, 1006}
I/ActivityManager(  373): Process com.nullsoft.winamp (pid 32046) has died.
I/ActivityThread(32471): Pub com.google.android.apps.plus.content.ApiProvider: com.google.android.apps.plus.content.EsApiProvider
I/ActivityThread(32471): Pub com.google.android.apps.plus.content.EsGooglePhotoProvider: com.google.android.picasasync.PicasaContentProvider
W/SignalStrength(  576): SignalStrength before validate=SignalStrength: 9 0 -1 -1 -1 -1 -1 99 -32767 -32767 -32767 -32767 cdma
W/SignalStrength(  576): SignalStrength after validate=SignalStrength: 9 0 -120 -160 -120 -1 -1 99 2147483647 2147483647 2147483647 2147483647 cdma
I/ActivityThread(32471): Pub com.google.android.apps.plus.content.EsPicasaStoreProvider: com.google.android.picasastore.PicasaPhotoContentProvider
I/ActivityThread(32471): Pub com.google.plus.platform: com.google.android.apps.plus.content.AdsProvider
I/ActivityThread(32471): Pub com.google.android.apps.plus.iu.EsGoogleIuProvider: com.google.android.apps.plus.iu.InstantUploadProvider
I/ActivityManager(  373): Process com.google.android.apps.maps:LocationFriendService (pid 32256) has died.
I/ActivityThread(32471): Pub com.google.android.apps.plus.content.EsProvider: com.google.android.apps.plus.content.EsProvider
D/KeyguardViewMediator(  373): handleTimeout
E/msm7627a.gralloc(  137): ERROR FBIOGET_ESDCHECKLOOP failed
D/gp.PicasaPhotoCP(32471): set fsid first time:-1
I/ActivityManager(  373): Start proc com.google.android.gms for broadcast com.google.android.gms/.games.receiver.GamesSystemBroadcastReceiver: pid=32492 uid=10014 gids={3003, 1015, 1007, 1006, 2001, 3006}
W/SignalStrength(  576): SignalStrength before validate=SignalStrength: 9 0 -1 -1 -1 -1 -1 99 -32767 -32767 -32767 -32767 cdma
W/SignalStrength(  576): SignalStrength after validate=SignalStrength: 9 0 -120 -160 -120 -1 -1 99 2147483647 2147483647 2147483647 2147483647 cdma
D/gp.PicasaSync(32471): sync account database
I/ActivityManager(  373): Process com.lge.sync (pid 32235) has died.
I/ActivityThread(32492): Pub com.google.android.gms.plus;com.google.android.gms.plus.action: com.google.android.gms.plus.provider.PlusProvider
I/ActivityThread(32492): Pub com.google.android.gms.games: com.google.android.gms.games.provider.GamesContentProvider
I/ActivityThread(32492): Pub com.google.android.gms.people: com.google.android.gms.people.service.PeopleContentProvider
D/gp.PicasaSync(32471): accounts in DB=1
D/gp.PicasaSyncManager(32471): active network: null
D/gp.PicasaSyncManager(32471): background data: true
I/ActivityThread(32492): Pub com.google.android.gms.appstate: com.google.android.gms.appstate.provider.AppStateContentProvider
D/gp.PicasaSyncManager(32471): reject MetadataSyncTask (*************************) because downsync is disabled
I/ActivityThread(32492): Pub com.google.android.gms.people.export: com.google.android.gms.people.debug.PeopleExportProvider
D/gp.PicasaSyncManager(32471): battery info: true
D/gp.PicasaSyncManager(32471): reject MetadataSyncTask (*************************) because downsync is disabled
I/ActivityManager(  373): Start proc com.facebook.katana:dash for broadcast com.facebook.katana/com.facebook.dash.receivers.DashPackageUninstallReceiver: pid=32513 uid=10073 gids={3003, 1006, 1015}
I/ActivityManager(  373): Process com.android.email (pid 24647) has died.
W/ActivityManager(  373): Scheduling restart of crashed service com.android.email/.service.AttachmentDownloadService in 22626ms
D/Icing   (32492): Init last flush num docs 275 last docstore size 585216
D/Icing   (32492): Docid map file has data, scanning...
D/Icing   (32492): Scanning /data/data/com.google.android.gms/files/AppDataSearch/main/cur/ds.docids found 277 documents, last docstore location 589312
D/Icing   (32492): File /data/data/com.google.android.gms/files/AppDataSearch/main/cur/ds.perdocdata contains 277 records of size 6
I/PeopleDatabaseHelper(32492): cleanUpNonGplusAccounts done.
D/CatchMeIfYouCan(32513): Process (dash) ca: '/data/data/com.facebook.katana/app_cmiyc/0C66B38F48468E96F8008B6D5A2AE33B4A60265E01'
D/CatchMeIfYouCan(32513): Process (dash) fc: '/data/data/com.facebook.katana/app_cmiyc/0C66B38F48468E96F8008B6D5A2AE33B4A60265E02'
D/CatchMeIfYouCan(32513): Process (dash) cp: '('dash', 6, 60000, silent [true], restart [true], logout [true])'
D/ACRA    (32513): Retrieve SharedPreferences ACRA
D/ACRA    (32513): Set OnSharedPreferenceChangeListener.
D/ACRA    (32513): ACRA is enabled for com.facebook.katana, intializing...
D/Icing   (32492): Corpus scoring data inited successfully num corpora 1
D/ACRA    (32513): Looking for error files in /data/data/com.facebook.katana/app_acra-reports
V/ACRA    (32513): About to start ReportSenderWorker from #checkReportOnApplicationStart
I/ActivityManager(  373): Process com.lge.sizechangable.weather (pid 32344) has died.
D/Icing   (32492): Init docstore ok num docs 277 bytes 593664
D/ACRA    (32513): Add user comment to null
D/ACRA    (32513): #checkAndSendReports - start
D/ACRA    (32513): Looking for error files in /data/data/com.facebook.katana/app_acra-reports
I/ACRA    (32513): Sending file 1374666159000-177847-approved.stacktrace
D/DexLibLoader(32513): Deleting old version: /data/data/com.facebook.katana/app_dex/guava-10.0.1-fork.dex.0.jar
D/DexLibLoader(32513): Deleting old version: /data/data/com.facebook.katana/app_dex/guava-10.0.1-fork.dex.1.jar
D/ACRA    (32513): Connect to https://www.facebook.com/mobile/android_crash_logs/
V/Icing   (32492): Lite index crc computed in 0.188ms
V/Icing   (32492): Lite index init ok in 178.540ms
D/Icing   (32492): Lite index recovered docid (274, 276]
V/Icing   (32492): Warming lite-index took 0.038ms
V/Icing   (32492): Warming lexicon took 1.548ms
V/Icing   (32492): Warming display mappings took 0.705ms
D/Icing   (32492): Init index ok num docs 277
D/Icing   (32492): Init done
D/DexLibLoader(32513): Deleting old version: /data/data/com.facebook.katana/app_dex/jackson-core-2.0.5.dex.0.jar
D/DexLibLoader(32513): Deleting old version: /data/data/com.facebook.katana/app_dex/jackson-core-2.0.5.dex.1.jar
D/DexLibLoader(32513): Deleting old version: /data/data/com.facebook.katana/app_dex/jackson-core-2.0.5.dex.2.jar
E/ACRA    (32513): Failed to send crash report for 1374666159000-177847-approved.stacktrace
D/ACRA    (32513): #checkAndSendReports - finish
I/Icing   (32492): 0 corpora need re-polling
D/DexLibLoader(32513): Deleting old version: /data/data/com.facebook.katana/app_dex/jackson-databind-2.0.5.dex.0.jar
D/DexLibLoader(32513): Deleting old version: /data/data/com.facebook.katana/app_dex/jackson-databind-2.0.5.dex.1.jar
D/DexLibLoader(32513): Deleting old version: /data/data/com.facebook.katana/app_dex/jackson-databind-2.0.5.dex.2.jar
D/DexLibLoader(32513): Deleting old version: /data/data/com.facebook.katana/app_dex/jackson-databind-2.0.5.dex.3.jar
D/wpa_supplicant(21344): Scan requested (ret=0) - scan timeout 30 seconds
D/wpa_supplicant(21344): nl80211: Event message available
D/wpa_supplicant(21344): nl80211: Scan trigger
W/fb4a(:<default>):fb:OrcaServiceQueue(18441): Exception during service
W/fb4a(:<default>):fb:OrcaServiceQueue(18441): java.net.UnknownHostException: Unable to resolve host "graph.facebook.com": No address associated with hostname
W/fb4a(:<default>):fb:OrcaServiceQueue(18441): 	at java.net.InetAddress.lookupHostByName(InetAddress.java:461)
W/fb4a(:<default>):fb:OrcaServiceQueue(18441): 	at java.net.InetAddress.getAllByNameImpl(InetAddress.java:277)
W/fb4a(:<default>):fb:OrcaServiceQueue(18441): 	at java.net.InetAddress.getAllByName(InetAddress.java:251)
W/fb4a(:<default>):fb:OrcaServiceQueue(18441): 	at org.apache.http.impl.conn.DefaultClientConnectionOperator.openConnection(DefaultClientConnectionOperator.java:137)
W/fb4a(:<default>):fb:OrcaServiceQueue(18441): 	at org.apache.http.impl.conn.AbstractPoolEntry.open(AbstractPoolEntry.java:164)
W/fb4a(:<default>):fb:OrcaServiceQueue(18441): 	at org.apache.http.impl.conn.AbstractPooledConnAdapter.open(AbstractPooledConnAdapter.java:119)
W/fb4a(:<default>):fb:OrcaServiceQueue(18441): 	at org.apache.http.impl.client.DefaultRequestDirector.execute(DefaultRequestDirector.java:360)
W/fb4a(:<default>):fb:OrcaServiceQueue(18441): 	at org.apache.http.impl.client.AbstractHttpClient.execute(AbstractHttpClient.java:555)
W/fb4a(:<default>):fb:OrcaServiceQueue(18441): 	at com.facebook.http.common.FbHttpClientImpl.execute(FbHttpClientImpl.java:188)
W/fb4a(:<default>):fb:OrcaServiceQueue(18441): 	at com.facebook.zero.rewrite.ZeroAwareFbHttpClient.execute(ZeroAwareFbHttpClient.java:99)
W/fb4a(:<default>):fb:OrcaServiceQueue(18441): 	at com.facebook.http.common.FbHttpRequestProcessor.a(FbHttpRequestProcessor.java:69)
W/fb4a(:<default>):fb:OrcaServiceQueue(18441): 	at com.facebook.http.protocol.MethodBatcherImpl$MethodBatchImpl.a(MethodBatcherImpl.java:252)
W/fb4a(:<default>):fb:OrcaServiceQueue(18441): 	at com.facebook.http.protocol.AbstractBatch.b(AbstractBatch.java:40)
W/fb4a(:<default>):fb:OrcaServiceQueue(18441): 	at com.facebook.orca.protocol.WebServiceHandler.s(WebServiceHandler.java:939)
W/fb4a(:<default>):fb:OrcaServiceQueue(18441): 	at com.facebook.orca.server.AbstractOrcaServiceHandlerFilter.a(AbstractOrcaServiceHandlerFilter.java:62)
W/fb4a(:<default>):fb:OrcaServiceQueue(18441): 	at com.facebook.orca.server.FilterChainLink.a(FilterChainLink.java:20)
W/fb4a(:<default>):fb:OrcaServiceQueue(18441): 	at com.facebook.orca.dispatch.DispatchServiceHandler.s(DispatchServiceHandler.java:247)
W/fb4a(:<default>):fb:OrcaServiceQueue(18441): 	at com.facebook.orca.server.AbstractOrcaServiceHandlerFilter.a(AbstractOrcaServiceHandlerFilter.java:62)
W/fb4a(:<default>):fb:OrcaServiceQueue(18441): 	at com.facebook.orca.server.FilterChainLink.a(FilterChainLink.java:20)
W/fb4a(:<default>):fb:OrcaServiceQueue(18441): 	at com.facebook.orca.database.DbServiceHandler.s(DbServiceHandler.java:859)
W/fb4a(:<default>):fb:OrcaServiceQueue(18441): 	at com.facebook.orca.server.AbstractOrcaServiceHandlerFilter.a(AbstractOrcaServiceHandlerFilter.java:62)
W/fb4a(:<default>):fb:OrcaServiceQueue(18441): 	at com.facebook.orca.server.FilterChainLink.a(FilterChainLink.java:20)
W/fb4a(:<default>):fb:OrcaServiceQueue(18441): 	at com.facebook.orca.cache.CacheServiceHandler.s(CacheServiceHandler.java:389)
W/fb4a(:<default>):fb:OrcaServiceQueue(18441): 	at com.facebook.orca.server.AbstractOrcaServiceHandlerFilter.a(AbstractOrcaServiceHandlerFilter.java:62)
W/fb4a(:<default>):fb:OrcaServiceQueue(18441): 	at com.facebook.orca.server.FilterChainLink.a(FilterChainLink.java:20)
W/fb4a(:<default>):fb:OrcaServiceQueue(18441): 	at com.facebook.orca.server.AbstractOrcaServiceHandlerFilter.s(AbstractOrcaServiceHandlerFilter.java:192)
W/fb4a(:<default>):fb:OrcaServiceQueue(18441): 	at com.facebook.orca.server.AbstractOrcaServiceHandlerFilter.a(AbstractOrcaServiceHandlerFilter.java:62)
W/fb4a(:<default>):fb:OrcaServiceQueue(18441): 	at com.facebook.orca.server.FilterChainLink.a(FilterChainLink.java:20)
W/fb4a(:<default>):fb:OrcaServiceQueue(18441): 	at com.facebook.orca.server.OrcaServiceQueue.d(OrcaServiceQueue.java:248)
W/fb4a(:<default>):fb:OrcaServiceQueue(18441): 	at com.facebook.orca.server.OrcaServiceQueue.d(OrcaServiceQueue.java:49)
W/fb4a(:<default>):fb:OrcaServiceQueue(18441): 	at com.facebook.orca.server.OrcaServiceQueue$3.run(OrcaServiceQueue.java:193)
W/fb4a(:<default>):fb:OrcaServiceQueue(18441): 	at java.util.concurrent.Executors$RunnableAdapter.call(Executors.java:442)
W/fb4a(:<default>):fb:OrcaServiceQueue(18441): 	at java.util.concurrent.FutureTask$Sync.innerRun(FutureTask.java:305)
W/fb4a(:<default>):fb:OrcaServiceQueue(18441): 	at java.util.concurrent.FutureTask.run(FutureTask.java:137)
W/fb4a(:<default>):fb:OrcaServiceQueue(18441): 	at com.facebook.common.util.HandlerExecutorServiceImpl$ListenableScheduledFuture.run(HandlerExecutorServiceImpl.java:268)
W/fb4a(:<default>):fb:OrcaServiceQueue(18441): 	at android.os.Handler.handleCallback(Handler.java:605)
W/fb4a(:<default>):fb:OrcaServiceQueue(18441): 	at android.os.Handler.dispatchMessage(Handler.java:92)
W/fb4a(:<default>):fb:OrcaServiceQueue(18441): 	at android.os.Looper.loop(Looper.java:137)
W/fb4a(:<default>):fb:OrcaServiceQueue(18441): 	at android.os.HandlerThread.run(HandlerThread.java:60)
W/fb4a(:<default>):fb:OrcaServiceQueue(18441): Caused by: libcore.io.GaiException: getaddrinfo failed: EAI_NODATA (No address associated with hostname)
W/fb4a(:<default>):fb:OrcaServiceQueue(18441): 	at libcore.io.Posix.getaddrinfo(Native Method)
W/fb4a(:<default>):fb:OrcaServiceQueue(18441): 	at libcore.io.ForwardingOs.getaddrinfo(ForwardingOs.java:55)
W/fb4a(:<default>):fb:OrcaServiceQueue(18441): 	at java.net.InetAddress.lookupHostByName(InetAddress.java:446)
W/fb4a(:<default>):fb:OrcaServiceQueue(18441): 	... 38 more
I/ActivityManager(  373): Process com.anod.calendar (pid 24699) has died.
W/ActivityManager(  373): Scheduling restart of crashed service com.anod.calendar/.services.UpdateService in 30967ms
D/DexLibLoader(32513): Deleting old version: /data/data/com.facebook.katana/app_dex/jackson-datatype-guava-2.0.4.dex.0.jar
D/DexLibLoader(32513): Deleting old version: /data/data/com.facebook.katana/app_dex/jackson-datatype-guava-2.0.4.dex.1.jar
D/DexLibLoader(32513): Deleting old version: /data/data/com.facebook.katana/app_dex/jackson-datatype-guava-2.0.4.dex.2.jar
D/DexLibLoader(32513): Deleting old version: /data/data/com.facebook.katana/app_dex/json_simple-1.1.dex.0.jar
D/DexLibLoader(32513): Deleting old version: /data/data/com.facebook.katana/app_dex/json_simple-1.1.dex.1.jar
D/DexLibLoader(32513): Deleting old version: /data/data/com.facebook.katana/app_dex/json-path-0.5.4-FB-Custom.dex.0.jar
D/DexLibLoader(32513): Deleting old version: /data/data/com.facebook.katana/app_dex/json-path-0.5.4-FB-Custom.dex.1.jar
D/DexLibLoader(32513): Deleting old version: /data/data/com.facebook.katana/app_dex/diffutils-1.2.1.dex.0.jar
D/DexLibLoader(32513): Deleting old version: /data/data/com.facebook.katana/app_dex/diffutils-1.2.1.dex.1.jar
D/wpa_supplicant(21344): nl80211: Event message available
D/wpa_supplicant(21344): nl80211: New scan results available
D/wpa_supplicant(21344): nl80211: Received scan results (12 BSSes)
D/wpa_supplicant(21344): nl80211: Survey data missing
I/dun_service(  155): process rmnet event
I/dun_service(  155): received event: DUN_EVENT_RMNET_DOWN 
I/dun_service(  155): received event(DUN_EVENT_RMNET_DOWN) in state(DUN_STATE_USB_UNPLUG)
I/dun_service(  155): Ignoring the event DUN_EVENT_RMNET_DOWN in USB_UNPLUG_STATE
I/dun_service(  155): Moved to state(DUN_STATE_USB_UNPLUG)
D/wpa_supplicant(21344): Add randomness: count=24372 entropy=1001
D/wpa_supplicant(21344): Add randomness: count=24373 entropy=1001
D/wpa_supplicant(21344): Add randomness: count=24374 entropy=1001
D/wpa_supplicant(21344): Add randomness: count=24375 entropy=1001
D/wpa_supplicant(21344): Add randomness: count=24376 entropy=1001
D/wpa_supplicant(21344): Add randomness: count=24377 entropy=1001
D/wpa_supplicant(21344): Add randomness: count=24378 entropy=1001
D/wpa_supplicant(21344): Add randomness: count=24379 entropy=1001
D/wpa_supplicant(21344): Add randomness: count=24380 entropy=1001
D/wpa_supplicant(21344): Add randomness: count=24381 entropy=1001
D/Tethering(  373): interfaceLinkStateChanged wlan0, false
D/Tethering(  373): interfaceStatusChanged wlan0, false
D/wpa_supplicant(21344): RTM_NEWLINK: operstate=0 ifi_flags=0x1003 ([UP])
D/wpa_supplicant(21344): RTM_NEWLINK, IFLA_IFNAME: Interface 'wlan0' added
D/NetdConnector(  373): RCV <- {600 Iface linkstate wlan0 down}
D/DexLibLoader(32513): Deleting old version: /data/data/com.facebook.katana/app_dex/nine_old_androids.dex.0.jar
D/DexLibLoader(32513): Deleting old version: /data/data/com.facebook.katana/app_dex/nine_old_androids.dex.1.jar
D/DexLibLoader(32513): Deleting old version: /data/data/com.facebook.katana/app_dex/nine_old_androids.dex.2.jar
D/DexLibLoader(32513): Deleting old version: /data/data/com.facebook.katana/app_dex/nine_old_androids.dex.3.jar
V/DexLibLoader(32513): Preparing secondary program dexes.
V/DexLibLoader(32513): Loaded 1 raw lines of metadata.
V/DexLibLoader(32513): Secondary program dex metadata: secondary-1.dex.jar 7931a93cd0b36b5e06c00dce5653ce53132fda57 com.facebook.device.DeviceModule
W/SignalStrength(  576): SignalStrength before validate=SignalStrength: 9 0 -1 -1 -1 -1 -1 99 -32767 -32767 -32767 -32767 cdma
W/SignalStrength(  576): SignalStrength after validate=SignalStrength: 9 0 -120 -160 -120 -1 -1 99 2147483647 2147483647 2147483647 2147483647 cdma
V/DexLibLoader(32513): Preparing to extract secondary-1.dex.jar to /data/data/com.facebook.katana/app_secondary_program_dex/program-7931a93cd0b36b5e06c00dce5653ce53132fda57.dex.jar
V/DexLibLoader(32513): Dex already copied
V/DexLibLoader(32513): Creating class loader
V/DexLibLoader(32513): Finished creating class loader
V/DexLibLoader(32513): Veryfing classes from secondary dexes.
V/DexLibLoader(32513): Dex already copied
V/DexLibLoader(32513): Creating class loader
V/DexLibLoader(32513): Finished creating class loader
D/DexLibLoader(32513): DexLibLoader.ensureDex took 167 ms
I/ActivityThread(32513): Pub com.facebook.katana.provider.LaunchablesProvider: com.facebook.dash.launchables.model.LaunchablesProvider
I/ActivityManager(  373): Start proc com.android.settings for service com.android.settings/.powersave.PowerSaveService: pid=32564 uid=1000 gids={1015, 3002, 3001, 1007, 3003, 4002, 1006, 1023, 1004, 2002, 3007}
E/msm7627a.gralloc(  137): ERROR FBIOGET_ESDCHECKLOOP failed
I/ActivityManager(  373): Process com.lge.lockscreensettings (pid 32449) has died.
I/PowerSaveService(32564): onCreate, service create
I/PowerSaveService(32564): checkPowerSaveStarted, POWER_SAVE_STARTED : -1
I/PowerSaveService(32564): initialize
D/PowerSave(32564): MINIMUM_BACKLIGHT : 20
I/PowerSaveService(32564): onStartCommand, service start
I/PowerSaveService(32564): mPowerSaveStarted : false, mCurrentBatteryLevel : 100, powerSaveModeValue : 30, plugType : 2
D/DebugPowerManagerService(  373): setPowerState call from userActivity() 
D/PowerManagerService(  373): setPowerState: mPowerState=0x3 newState=0x7 noChangeLights=false reason=2
I/PowerManagerService(  373): Setting brightess on 67: 4
I/[LGHome]EVENT(  640): [Launcher.java:8142:dispatchTouchEvent()]TOUCH EVENT: DOWN[1] MOVE[0] OTHER[0] UP[1]
I/[LGHome]EVENT(  640): [Launcher.java:7156:setState()]WORKSPACE -> APPS_CUSTOMIZE
I/ActivityManager(  373): Process com.android.gallery3d (pid 32415) has died.
D/fb4a(:dash):fb:BackgroundTaskController(32513): setTagDisabled(interface com.facebook.contacts.database.ContactsTaskTag, true)
I/fb4a(:dash):OrcaInjector(32513): Created just-in-time provider for class com.facebook.auth.ViewerContextFactory
D/fb4a(:dash):fb:HomeIntentHandlerHelper(32513): Chosen launcher com.lge.launcher2 of priority 1
W/SignalStrength(  576): SignalStrength before validate=SignalStrength: 9 0 -1 -1 -1 -1 -1 99 -32767 -32767 -32767 -32767 cdma
W/SignalStrength(  576): SignalStrength after validate=SignalStrength: 9 0 -120 -160 -120 -1 -1 99 2147483647 2147483647 2147483647 2147483647 cdma
I/fb4a(:dash):OrcaInjector(32513): Created just-in-time provider for class com.facebook.gk.FetchGatekeepersMethod
I/fb4a(:dash):OrcaInjector(32513): Created just-in-time provider for class com.facebook.camera.gating.CameraGatekeeperSetProvider
D/DebugPowerManagerService(  373): setPowerState call from userActivity() 
D/PowerManagerService(  373): setPowerState: mPowerState=0x7 newState=0x7 noChangeLights=false reason=2
I/[LGHome]EVENT(  640): [Launcher.java:8142:dispatchTouchEvent()]TOUCH EVENT: DOWN[1] MOVE[1] OTHER[0] UP[1]
I/ActivityManager(  373): Start proc com.lge.lgworld for broadcast com.lge.lgworld/.InstallerReceiver: pid=32584 uid=10081 gids={3003, 1015}
I/NativeLibrarySupport(32471): Native WEBP decoder, version=0.3.0
I/NativeLibrarySupport(32471): Native networking disabled
I/ActivityManager(  373): Process com.android.vending (pid 32158) has died.
W/dalvikvm(32513): VFY: unable to resolve virtual method 1416: Landroid/view/View;.setBackground (Landroid/graphics/drawable/Drawable;)V
I/[LGHome]EVENT(  640): [Launcher.java:3039:startActivityForResult()]start Activity for result: Intent { act=android.intent.action.MAIN cat=[android.intent.category.LAUNCHER] flg=0x10200000 cmp=com.brand.applicationname.android/.MainActivity }
I/ActivityManager(  373): Start proc com.android.gallery3d for broadcast com.android.gallery3d/.app.PackagesMonitor: pid=32603 uid=10011 gids={3003, 1015, 4002}
I/ActivityManager(  373): START {act=android.intent.action.MAIN cat=[android.intent.category.LAUNCHER] flg=0x10200000 cmp=com.brand.applicationname.android/.MainActivity} from pid 640
I/[LGHome]EVENT(  640): [Launcher.java:1511:onPause()]onPause
D/memalloc(  137): /dev/pmem: Allocated buffer base:0x419a1000 size:614400 offset:4915200 fd:30
D/memalloc(  373): /dev/pmem: Mapped buffer base:0x55dcc000 size:5529600 offset:4915200 fd:214
I/ActivityManager(  373): Start proc com.brand.applicationname.android for activity com.brand.applicationname.android/.MainActivity: pid=32617 uid=10032 gids={}
I/ActivityManager(  373): Process com.android.keychain (pid 32433) has died.
D/DebugPowerManagerService(  373): setPowerState call from TimeoutTask() 
D/PowerManagerService(  373): setPowerState: mPowerState=0x7 newState=0x3 noChangeLights=false reason=3
I/PowerManagerService(  373): Setting brightess off: 4
D/DebugPowerManagerService(  373): TimeoutTask : dim(1) or bright  3
I/ActivityThread(32603): Pub com.lge.gallery.picasa.contentprovider: com.lge.gallery.picasa.PicasaContentProvider
I/WindowManager(  373): SCREENLAYOUT_SIZE (1:small, 2:normal, 3:large, 4:xlarge) 2
D/memalloc(  640): /dev/pmem: Unmapping buffer base:0x546c3000 size:3215360 offset:2600960
D/memalloc(  640): /dev/pmem: Unmapping buffer base:0x54a13000 size:614400 offset:0
D/memalloc(  640): /dev/pmem: Unmapping buffer base:0x54235000 size:1228800 offset:614400
D/memalloc(  137): /dev/pmem: Freeing buffer base:0x41c1c000 size:614400 offset:2600960 fd:39
D/memalloc(  137): /dev/pmem: Freeing buffer base:0x41a37000 size:614400 offset:614400 fd:45
D/memalloc(  137): /dev/pmem: Freeing buffer base:0x419a1000 size:614400 offset:0 fd:51
I/ActivityThread(32603): Pub com.android.gallery3d.provider: com.android.gallery3d.provider.GalleryProvider
E/GalleryLG(32603): [Tapping] Model=LG-E610
E/GalleryLG(32603): [Tapping] Model=LG-E610
I/ActivityManager(  373): Start proc com.google.android.partnersetup for broadcast com.google.android.partnersetup/.RlzPingBroadcastReceiver: pid=32632 uid=10016 gids={3003}
I/ActivityManager(  373): Process com.google.android.apps.plus (pid 32471) has died.
I/ActivityThread(32632): Pub com.google.android.partnersetup.rlzprovider: com.google.android.partnersetup.RlzProvider
I/ActivityThread(32632): Pub com.google.android.partnersetup.rlzappprovider: com.google.android.partnersetup.RlzAppProvider
D/memalloc(  137): /dev/pmem: Allocated buffer base:0x419a1000 size:614400 offset:2600960 fd:39
D/memalloc(32617): /dev/pmem: Mapped buffer base:0x519fa000 size:3215360 offset:2600960 fd:43
W/SignalStrength(  576): SignalStrength before validate=SignalStrength: 9 0 -1 -1 -1 -1 -1 99 -32767 -32767 -32767 -32767 cdma
W/SignalStrength(  576): SignalStrength after validate=SignalStrength: 9 0 -120 -160 -120 -1 -1 99 2147483647 2147483647 2147483647 2147483647 cdma
W/InputManagerService(  373): Starting input on non-focused client com.android.internal.view.IInputMethodClient$Stub$Proxy@41bf04c0 (uid=10031 pid=640)
I/ActivityManager(  373): Start proc com.android.vending for broadcast com.android.vending/com.google.android.finsky.receivers.PackageMonitorReceiver$RegisteredReceiver: pid=32647 uid=10043 gids={3003, 1015}
D/memalloc(  137): /dev/pmem: Allocated buffer base:0x419a1000 size:614400 offset:0 fd:45
D/memalloc(32617): /dev/pmem: Mapped buffer base:0x52495000 size:614400 offset:0 fd:46
I/ActivityManager(  373): Displayed com.brand.applicationname.android/.MainActivity: +1s566ms
D/memalloc(  373): /dev/pmem: Unmapping buffer base:0x55dcc000 size:5529600 offset:4915200
D/memalloc(  137): /dev/pmem: Allocated buffer base:0x419a1000 size:614400 offset:614400 fd:48
D/memalloc(32617): /dev/pmem: Mapped buffer base:0x5279b000 size:1228800 offset:614400 fd:49
D/memalloc(  137): /dev/pmem: Freeing buffer base:0x41e51000 size:614400 offset:4915200 fd:30
I/[LGHome]EVENT(  640): [Launcher.java:8123:onStop()]onStop
I/[LGHome]EVENT(  640): [LauncherModel.java:1124:stopLoader()]stopLoader
I/ActivityThread(32647): Pub com.google.android.finsky.QSBSuggestionsProvider2: com.google.android.finsky.providers.QSBSuggestionsProvider
I/ActivityThread(32647): Pub com.google.android.finsky.AppIconProvider: com.google.android.finsky.providers.AppIconProvider
I/ActivityThread(32647): Pub com.google.android.finsky.RecentSuggestionsProvider: com.google.android.finsky.providers.RecentSuggestionsProvider
I/[LGHome]EVENT(  640): [Launcher.java:3025:onDestroy()]onDestroy
D/Finsky  (32647): [1] FinskyApp.onCreate: Initializing network with DFE https://android.clients.google.com/fdfe/
D/Finsky  (32647): [1] DailyHygiene.goMakeHygieneIfDirty: Dirty, need more hygiene.
D/Finsky  (32647): [1] 2.run: Loaded library for account: [M4BDyowpj__LiaN8JwxbEAnFWoI]
D/Finsky  (32647): [1] 2.run: Finished loading 1 libraries.
I/ActivityManager(  373): Start proc com.google.android.apps.plus for broadcast com.google.android.apps.plus/.service.PackagesMediaMonitor: pid=32677 uid=10044 gids={3003, 3002, 1015, 1006}
D/DebugPowerManagerService(  373): setPowerState call from userActivity() 
D/PowerManagerService(  373): setPowerState: mPowerState=0x3 newState=0x7 noChangeLights=false reason=2
I/PowerManagerService(  373): Setting brightess on 67: 4
I/ActivityThread(32677): Pub com.google.android.apps.plus.content.ApiProvider: com.google.android.apps.plus.content.EsApiProvider
I/ActivityThread(32677): Pub com.google.android.apps.plus.content.EsGooglePhotoProvider: com.google.android.picasasync.PicasaContentProvider
D/memalloc(  137): /dev/pmem: Allocated buffer base:0x419a1000 size:532480 offset:4915200 fd:30
D/memalloc(  559): /dev/pmem: Mapped buffer base:0x520e9000 size:5447680 offset:4915200 fd:50
I/ActivityThread(32677): Pub com.google.android.apps.plus.content.EsPicasaStoreProvider: com.google.android.picasastore.PicasaPhotoContentProvider
E/JavaBinder(  373): !!! FAILED BINDER TRANSACTION !!!
D/memalloc(  137): /dev/pmem: Allocated buffer base:0x419a1000 size:532480 offset:5447680 fd:51
D/memalloc(  559): /dev/pmem: Mapped buffer base:0x5261b000 size:5980160 offset:5447680 fd:55
I/ActivityManager(  373): Process com.facebook.katana:dash (pid 32513) has died.
I/ActivityThread(32677): Pub com.google.plus.platform: com.google.android.apps.plus.content.AdsProvider
I/ActivityThread(32677): Pub com.google.android.apps.plus.iu.EsGoogleIuProvider: com.google.android.apps.plus.iu.InstantUploadProvider
I/ActivityThread(32677): Pub com.google.android.apps.plus.content.EsProvider: com.google.android.apps.plus.content.EsProvider
D/DebugPowerManagerService(  373): setPowerState call from userActivity() 
D/PowerManagerService(  373): setPowerState: mPowerState=0x7 newState=0x7 noChangeLights=false reason=2
V/AudioSystem(  559): getOutput() read 1 from cache for stream 1
V/AudioSystem(  559): getOutputFrameCount() streamType 1, output 1, frameCount 1200
V/AudioSystem(  559): getOutput() read 1 from cache for stream 1
V/AudioSystem(  559): getOutputSamplingRate() reading from output desc
V/AudioSystem(  559): getOutputSamplingRate() streamType 1, output 1, sampling rate 44100
V/AudioSystem(  559): getOutput() read 1 from cache for stream 1
V/AudioSystem(  559): getOutputSamplingRate() reading from output desc
V/AudioSystem(  559): getOutputSamplingRate() streamType 1, output 1, sampling rate 44100
V/AudioSystem(  559): getOutput() read 1 from cache for stream 1
V/AudioSystem(  559): getOutputLatency() streamType 1, output 1, latency 54
V/AudioSystem(  559): getOutput() read 1 from cache for stream 1
V/AudioSystem(  559): getOutput() read 1 from cache for stream 1
V/AudioSystem(  559): getOutputSamplingRate() reading from output desc
V/AudioSystem(  559): getOutputSamplingRate() streamType 1, output 1, sampling rate 44100
V/AudioSystem(  559): getOutput() read 1 from cache for stream 1
V/AudioSystem(  559): getOutputFrameCount() streamType 1, output 1, frameCount 1200
V/AudioSystem(  559): getOutput() read 1 from cache for stream 1
V/AudioSystem(  559): getOutputLatency() streamType 1, output 1, latency 54
V/AudioFlinger(  140): createTrack() sessionId: 0
V/AudioFlinger(  140): createTrack() lSessionId: 2872
V/AudioFlinger(  140): Track constructor name 4100, calling thread 559
V/AudioFlinger(  140): acquiring 2872 from 559
V/AudioFlinger(  140):  added new entry for 2872
V/AudioFlinger(  140): start(4100), calling thread 559 session 2872
V/AudioFlinger(  140): ? => ACTIVE (4100) on thread 0x36ff0
V/AudioPolicyManager(  140): getDeviceForStrategy() from cache strategy 0, device 2
V/AudioPolicyManager(  140): setOutputDevice() output 1 device 2 delayMs 0
V/AudioPolicyManager(  140): setOutputDevice() setting same device 2 or null device for output 1
V/AudioFlinger(  140): mWaitWorkCV.broadcast
V/AudioFlinger(  140): MixerThread 0x110f0 TID 299 waking up
V/AudioFlinger(  140): acquireWakeLock_l() AudioOut_1 status 0
V/AudioFlinger(  140): releasing 2869 from 559
V/AudioFlinger(  140):  decremented refcount to 0
V/AudioFlinger(  140): purging stale effects
V/AudioFlinger(  140): remove track (4098) and delete from mixer
V/AudioFlinger(  140): PlaybackThread::Track destructor
V/AudioHardwareMSM76XXA(  140): open driver
V/AudioHardwareMSM76XXA(  140): get config
V/AudioHardwareMSM76XXA(  140): set config
V/AudioHardwareMSM76XXA(  140): buffer_size: 4800
V/AudioHardwareMSM76XXA(  140): buffer_count: 2
V/AudioHardwareMSM76XXA(  140): channel_count: 2
V/AudioHardwareMSM76XXA(  140): sample_rate: 44100
W/Finsky  (32647): [1] LibraryUpdateListener.onErrorResponse: Library replication failed: com.android.volley.NoConnectionError: java.net.UnknownHostException: Unable to resolve host "android.clients.google.com": No address associated with hostname
V/AudioFlinger(  140): stop(4100), calling thread 559
V/AudioFlinger(  140): (> STOPPED) => STOPPED (4100) on thread 0x110f0
V/AudioPolicyManager(  140): stopOutput() output 1, stream 1, session 2872
V/AudioPolicyManager(  140): setOutputDevice() output 1 device 0 delayMs 0
V/AudioPolicyManager(  140): setOutputDevice() setting same device 0 or null device for output 1
V/AudioSystem(  559): getOutput() read 1 from cache for stream 1
V/AudioSystem(  559): getOutputFrameCount() streamType 1, output 1, frameCount 1200
V/AudioSystem(  559): getOutput() read 1 from cache for stream 1
V/AudioSystem(  559): getOutputSamplingRate() reading from output desc
V/AudioSystem(  559): getOutputSamplingRate() streamType 1, output 1, sampling rate 44100
V/AudioSystem(  559): getOutput() read 1 from cache for stream 1
V/AudioSystem(  559): getOutputSamplingRate() reading from output desc
V/AudioSystem(  559): getOutputSamplingRate() streamType 1, output 1, sampling rate 44100
V/AudioSystem(  559): getOutput() read 1 from cache for stream 1
V/AudioSystem(  559): getOutputLatency() streamType 1, output 1, latency 54
V/AudioSystem(  559): getOutput() read 1 from cache for stream 1
V/AudioSystem(  559): getOutput() read 1 from cache for stream 1
V/AudioSystem(  559): getOutputSamplingRate() reading from output desc
V/AudioSystem(  559): getOutputSamplingRate() streamType 1, output 1, sampling rate 44100
V/AudioSystem(  559): getOutput() read 1 from cache for stream 1
V/AudioSystem(  559): getOutputFrameCount() streamType 1, output 1, frameCount 1200
V/AudioSystem(  559): getOutput() read 1 from cache for stream 1
V/AudioSystem(  559): getOutputLatency() streamType 1, output 1, latency 54
V/AudioFlinger(  140): createTrack() sessionId: 0
V/AudioFlinger(  140): createTrack() lSessionId: 2873
V/AudioFlinger(  140): Track constructor name 4098, calling thread 559
V/AudioFlinger(  140): acquiring 2873 from 559
V/AudioFlinger(  140):  added new entry for 2873
V/AudioFlinger(  140): start(4098), calling thread 559 session 2873
V/AudioFlinger(  140): ? => ACTIVE (4098) on thread 0xc6650
V/AudioPolicyManager(  140): getDeviceForStrategy() from cache strategy 0, device 2
V/AudioPolicyManager(  140): setOutputDevice() output 1 device 2 delayMs 0
V/AudioPolicyManager(  140): setOutputDevice() setting same device 2 or null device for output 1
V/AudioFlinger(  140): mWaitWorkCV.broadcast
V/AudioFlinger(  140): releasing 2872 from 559
V/AudioFlinger(  140):  decremented refcount to 0
V/AudioFlinger(  140): purging stale effects
I/AudioHardwareMSM76XXA(  140): set device to SND_DEVICE_SPEAKER device_id=0
V/AudioHardwareMSM76XXA(  140): MBADRC Enabled
I/AudioHardwareMSM76XXA(  140): Enabling post proc features with mask 0x0000
V/AudioFlinger(  140): remove track (4100) and delete from mixer
V/AudioFlinger(  140): PlaybackThread::Track destructor
V/AudioFlinger(  140): stop(4098), calling thread 559
V/AudioFlinger(  140): (> STOPPED) => STOPPED (4098) on thread 0x110f0
V/AudioPolicyManager(  140): stopOutput() output 1, stream 1, session 2873
V/AudioPolicyManager(  140): setOutputDevice() output 1 device 0 delayMs 0
V/AudioPolicyManager(  140): setOutputDevice() setting same device 0 or null device for output 1
V/AudioSystem(  559): getOutput() read 1 from cache for stream 1
V/AudioSystem(  559): getOutputFrameCount() streamType 1, output 1, frameCount 1200
V/AudioSystem(  559): getOutput() read 1 from cache for stream 1
V/AudioSystem(  559): getOutputSamplingRate() reading from output desc
V/AudioSystem(  559): getOutputSamplingRate() streamType 1, output 1, sampling rate 44100
V/AudioSystem(  559): getOutput() read 1 from cache for stream 1
V/AudioSystem(  559): getOutputSamplingRate() reading from output desc
V/AudioSystem(  559): getOutputSamplingRate() streamType 1, output 1, sampling rate 44100
V/AudioSystem(  559): getOutput() read 1 from cache for stream 1
V/AudioSystem(  559): getOutputLatency() streamType 1, output 1, latency 54
V/AudioSystem(  559): getOutput() read 1 from cache for stream 1
V/AudioSystem(  559): getOutput() read 1 from cache for stream 1
V/AudioSystem(  559): getOutputSamplingRate() reading from output desc
V/AudioSystem(  559): getOutputSamplingRate() streamType 1, output 1, sampling rate 44100
V/AudioSystem(  559): getOutput() read 1 from cache for stream 1
V/AudioSystem(  559): getOutputFrameCount() streamType 1, output 1, frameCount 1200
V/AudioSystem(  559): getOutput() read 1 from cache for stream 1
V/AudioSystem(  559): getOutputLatency() streamType 1, output 1, latency 54
V/AudioFlinger(  140): createTrack() sessionId: 0
V/AudioFlinger(  140): createTrack() lSessionId: 2874
V/AudioFlinger(  140): Track constructor name 4100, calling thread 559
V/AudioFlinger(  140): acquiring 2874 from 559
V/AudioFlinger(  140):  added new entry for 2874
V/AudioFlinger(  140): start(4100), calling thread 559 session 2874
V/AudioFlinger(  140): ? => ACTIVE (4100) on thread 0x36ff0
V/AudioPolicyManager(  140): getDeviceForStrategy() from cache strategy 0, device 2
V/AudioPolicyManager(  140): setOutputDevice() output 1 device 2 delayMs 0
V/AudioPolicyManager(  140): setOutputDevice() setting same device 2 or null device for output 1
V/AudioFlinger(  140): mWaitWorkCV.broadcast
V/AudioFlinger(  140): releasing 2873 from 559
V/AudioFlinger(  140):  decremented refcount to 0
V/AudioFlinger(  140): purging stale effects
V/AudioFlinger(  140): remove track (4098) and delete from mixer
V/AudioFlinger(  140): PlaybackThread::Track destructor
V/AudioFlinger(  140): stop(4100), calling thread 559
V/AudioFlinger(  140): (> STOPPED) => STOPPED (4100) on thread 0x110f0
V/AudioPolicyManager(  140): stopOutput() output 1, stream 1, session 2874
V/AudioPolicyManager(  140): setOutputDevice() output 1 device 0 delayMs 0
V/AudioPolicyManager(  140): setOutputDevice() setting same device 0 or null device for output 1
V/AudioSystem(  559): getOutput() read 1 from cache for stream 1
V/AudioSystem(  559): getOutputFrameCount() streamType 1, output 1, frameCount 1200
V/AudioSystem(  559): getOutput() read 1 from cache for stream 1
V/AudioSystem(  559): getOutputSamplingRate() reading from output desc
V/AudioSystem(  559): getOutputSamplingRate() streamType 1, output 1, sampling rate 44100
V/AudioSystem(  559): getOutput() read 1 from cache for stream 1
V/AudioSystem(  559): getOutputSamplingRate() reading from output desc
V/AudioSystem(  559): getOutputSamplingRate() streamType 1, output 1, sampling rate 44100
V/AudioSystem(  559): getOutput() read 1 from cache for stream 1
V/AudioSystem(  559): getOutputLatency() streamType 1, output 1, latency 54
V/AudioSystem(  559): getOutput() read 1 from cache for stream 1
V/AudioSystem(  559): getOutput() read 1 from cache for stream 1
V/AudioSystem(  559): getOutputSamplingRate() reading from output desc
V/AudioSystem(  559): getOutputSamplingRate() streamType 1, output 1, sampling rate 44100
V/AudioSystem(  559): getOutput() read 1 from cache for stream 1
V/AudioSystem(  559): getOutputFrameCount() streamType 1, output 1, frameCount 1200
V/AudioSystem(  559): getOutput() read 1 from cache for stream 1
V/AudioSystem(  559): getOutputLatency() streamType 1, output 1, latency 54
V/AudioFlinger(  140): createTrack() sessionId: 0
V/AudioFlinger(  140): createTrack() lSessionId: 2875
V/AudioFlinger(  140): Track constructor name 4098, calling thread 559
V/AudioFlinger(  140): acquiring 2875 from 559
V/AudioFlinger(  140):  added new entry for 2875
W/SignalStrength(  576): SignalStrength before validate=SignalStrength: 9 0 -1 -1 -1 -1 -1 99 -32767 -32767 -32767 -32767 cdma
W/SignalStrength(  576): SignalStrength after validate=SignalStrength: 9 0 -120 -160 -120 -1 -1 99 2147483647 2147483647 2147483647 2147483647 cdma
V/AudioFlinger(  140): start(4098), calling thread 559 session 2875
V/AudioFlinger(  140): ? => ACTIVE (4098) on thread 0xc6650
V/AudioPolicyManager(  140): getDeviceForStrategy() from cache strategy 0, device 2
V/AudioPolicyManager(  140): setOutputDevice() output 1 device 2 delayMs 0
V/AudioPolicyManager(  140): setOutputDevice() setting same device 2 or null device for output 1
V/AudioFlinger(  140): mWaitWorkCV.broadcast
V/AudioFlinger(  140): releasing 2874 from 559
V/AudioFlinger(  140):  decremented refcount to 0
V/AudioFlinger(  140): purging stale effects
V/AudioFlinger(  140): remove track (4100) and delete from mixer
V/AudioFlinger(  140): PlaybackThread::Track destructor
D/DebugPowerManagerService(  373): setPowerState call from userActivity() 
D/PowerManagerService(  373): setPowerState: mPowerState=0x7 newState=0x7 noChangeLights=false reason=2
V/AudioFlinger(  140): getNextBuffer() no more data for track 4098 on thread 0x110f0
V/AudioFlinger(  140): stop(4098), calling thread 559
V/AudioFlinger(  140): (> STOPPED) => STOPPED (4098) on thread 0x110f0
V/AudioPolicyManager(  140): stopOutput() output 1, stream 1, session 2875
V/AudioPolicyManager(  140): setOutputDevice() output 1 device 0 delayMs 0
V/AudioPolicyManager(  140): setOutputDevice() setting same device 0 or null device for output 1
V/AudioFlinger(  140): TrackBase::reset
I/ActivityManager(  373): START {act=com.google.zxing.client.android.SCAN cmp=com.google.zxing.client.android/.CaptureActivity (has extras)} from pid 32617
I/ActivityManager(  373): Start proc com.google.zxing.client.android for activity com.google.zxing.client.android/.CaptureActivity: pid=32702 uid=10082 gids={1006, 3003, 1015}
D/memalloc(  137): /dev/pmem: Allocated buffer base:0x419a1000 size:614400 offset:5980160 fd:54
D/memalloc(  373): /dev/pmem: Mapped buffer base:0x56ecb000 size:6594560 offset:5980160 fd:217
I/WindowManager(  373): SCREENLAYOUT_SIZE (1:small, 2:normal, 3:large, 4:xlarge) 2
I/ActivityManager(  373): Config changed: {1.0 -1fontTypeIndex260mcc6mnc pl_PL layoutdir=0 sw320dp w480dp h295dp nrml land finger -keyb/v/h -nav/h s.213}
D/memalloc(32617): /dev/pmem: Unmapping buffer base:0x519fa000 size:3215360 offset:2600960
D/memalloc(32617): /dev/pmem: Unmapping buffer base:0x52495000 size:614400 offset:0
D/memalloc(32617): /dev/pmem: Unmapping buffer base:0x5279b000 size:1228800 offset:614400
D/memalloc(  137): /dev/pmem: Freeing buffer base:0x419a1000 size:614400 offset:0 fd:45
D/memalloc(  137): /dev/pmem: Freeing buffer base:0x41a37000 size:614400 offset:614400 fd:48
D/memalloc(  137): /dev/pmem: Freeing buffer base:0x41c1c000 size:614400 offset:2600960 fd:39
D/PhoneApp(  576): updateProximitySensorMode: state = IDLE
D/PhoneApp(  576): - isOtaCallInActiveState false
D/PhoneApp(  576): getProximitySendor(set=true)...
D/PhoneApp(  576): updateProximitySensorMode: lock already released.
D/[brighthy_log](  576): [BRIGHTHY] Enter ACTION_CONFIGURATION_CHANGED
I/[LGHome]EVENT(  640): [LauncherModel.java:912:onReceive()]onReceive intent=Intent { act=android.intent.action.CONFIGURATION_CHANGED flg=0x60000010 }
D/memalloc(  137): /dev/pmem: Allocated buffer base:0x419a1000 size:614400 offset:2600960 fd:39
D/memalloc(  137): /dev/pmem: Freeing buffer base:0x41e51000 size:532480 offset:4915200 fd:30
D/memalloc(  559): /dev/pmem: Unmapping buffer base:0x520e9000 size:5447680 offset:4915200
D/memalloc(  559): /dev/pmem: Mapped buffer base:0x520e9000 size:3215360 offset:2600960 fd:50
W/TextView(  462): Selection Mode is null
W/TextView(  462): Selection Mode is null
W/TextView(  462): Selection Mode is null
W/TextView(  462): Selection Mode is null
W/TextView(  462): Selection Mode is null
W/TextView(  462): Selection Mode is null
W/TextView(  462): Selection Mode is null
W/TextView(  462): Selection Mode is null
W/TextView(  462): Selection Mode is null
W/TextView(  462): Selection Mode is null
W/TextView(  462): Selection Mode is null
W/TextView(  462): Selection Mode is null
W/TextView(  462): Selection Mode is null
W/TextView(  462): Selection Mode is null
W/TextView(  462): Selection Mode is null
W/TextView(  462): Selection Mode is null
W/TextView(  462): Selection Mode is null
W/TextView(  462): Selection Mode is null
W/TextView(  462): Selection Mode is null
W/TextView(  462): Selection Mode is null
W/TextView(  462): Selection Mode is null
W/TextView(  462): Selection Mode is null
W/TextView(  462): Selection Mode is null
W/TextView(  462): Selection Mode is null
W/TextView(  462): Selection Mode is null
W/TextView(  462): Selection Mode is null
W/TextView(  462): Selection Mode is null
W/TextView(  462): Selection Mode is null
W/TextView(  462): Selection Mode is null
W/TextView(  462): Selection Mode is null
W/TextView(  462): Selection Mode is null
W/TextView(  462): Selection Mode is null
W/TextView(  462): Selection Mode is null
W/TextView(  462): Selection Mode is null
W/TextView(  462): Selection Mode is null
W/TextView(  462): Selection Mode is null
W/TextView(  462): Selection Mode is null
W/TextView(  462): Selection Mode is null
W/TextView(  462): Selection Mode is null
W/TextView(  462): Selection Mode is null
W/TextView(  462): Selection Mode is null
W/TextView(  462): Selection Mode is null
W/TextView(  462): Selection Mode is null
W/TextView(  462): Selection Mode is null
W/TextView(  462): Selection Mode is null
W/TextView(  462): Selection Mode is null
W/TextView(  462): Selection Mode is null
W/TextView(  462): Selection Mode is null
W/TextView(  462): Selection Mode is null
W/TextView(  462): Selection Mode is null
W/TextView(  462): Selection Mode is null
D/ActivityManager(  373): com.google.zxing.client.android/.CaptureActivityis still working to display the top activity : LSB Mode
D/ActivityManager(  373): LSB Mode:com.lge.sizechangable.finance/.FinanceService, 1/18
W/ActivityManager(  373): Scheduling restart of crashed service com.lge.sizechangable.finance/.FinanceService in 29999ms
W/SignalStrength(  462): charels mCountryCode: mOperatorCode EUOPEN
W/SignalStrength(  462): [BRIGHTHY] 0. mDataNetType: 8
W/SignalStrength(  462): getGsmLevel=3
W/SignalStrength(  462): getLevel=3
D/StatusBar.NetworkController(  462): refreshViews connected={ } level=3 combinedSignalIconId=0x7f020246/com.android.systemui:drawable/stat_sys_signal_3_fully combinedActivityIconId=0x0 mAirplaneMode=false mDataActivity=0 mPhoneSignalIconId=0x7f020246 mDataDirectionIconId=0x0 mDataSignalIconId=0x7f020246 mDataTypeIconId=0x0 mNoSimIconId=0x0 mWifiIconId=0x7f020285 mBluetoothTetherIconId=0x1080563
D/memalloc(  137): /dev/pmem: Allocated buffer base:0x419a1000 size:61440 offset:3297280 fd:30
D/memalloc(  137): /dev/pmem: Freeing buffer base:0x41cb2000 size:40960 offset:3215360 fd:24
D/memalloc(  462): /dev/pmem: Unmapping buffer base:0x53431000 size:3256320 offset:3215360
D/memalloc(  462): /dev/pmem: Mapped buffer base:0x53431000 size:3358720 offset:3297280 fd:64
W/TextView(  559): Selection Mode is null
W/TextView(  559): Selection Mode is null
W/TextView(  559): Selection Mode is null
D/QuickSettings(  462): updateAllButtons()
D/memalloc(  137): /dev/pmem: Allocated buffer base:0x419a1000 size:614400 offset:0 fd:24
D/memalloc(  137): /dev/pmem: Freeing buffer base:0x41ed3000 size:532480 offset:5447680 fd:51
D/memalloc(  559): /dev/pmem: Unmapping buffer base:0x5261b000 size:5980160 offset:5447680
D/memalloc(  559): /dev/pmem: Mapped buffer base:0x51d1a000 size:614400 offset:0 fd:55
D/QuickSettings(  462): setGPSButton()
D/QuickSettings(  462): setAirplaneButton!!!
D/QuickSettings(  462): setHotspotButton:: !!!
D/DebugPowerManagerService(  373): setPowerState call from TimeoutTask() 
D/PowerManagerService(  373): setPowerState: mPowerState=0x7 newState=0x3 noChangeLights=false reason=3
I/PowerManagerService(  373): Setting brightess off: 4
D/DebugPowerManagerService(  373): TimeoutTask : dim(1) or bright  3
D/memalloc(  137): /dev/pmem: Allocated buffer base:0x419a1000 size:61440 offset:3358720 fd:45
D/memalloc(  137): /dev/pmem: Freeing buffer base:0x41cbc000 size:40960 offset:3256320 fd:36
D/memalloc(  462): /dev/pmem: Unmapping buffer base:0x52200000 size:3297280 offset:3256320
D/memalloc(  462): /dev/pmem: Mapped buffer base:0x52200000 size:3420160 offset:3358720 fd:70
I/PlatformSupportManager(32702): Using implementation class com.google.zxing.client.android.common.executor.HoneycombAsyncTaskExecInterface of interface com.google.zxing.client.android.common.executor.AsyncTaskExecInterface for SDK 11
W/Finsky  (32647): [1] LibraryUpdateListener.onErrorResponse: Library replication failed: com.android.volley.NoConnectionError: java.net.UnknownHostException: Unable to resolve host "android.clients.google.com": No address associated with hostname
I/DecodeHintManager(32702): Hints from the Intent: {}
D/memalloc(  137): /dev/pmem: Allocated buffer base:0x419a1000 size:614400 offset:614400 fd:36
D/memalloc(32702): /dev/pmem: Mapped buffer base:0x51932000 size:1228800 offset:614400 fd:42
E/QualcommCamera(  140): Qint android::get_camera_info(int, camera_info*): E
I/com.google.zxing.client.android.camera.open.OpenCameraInterface(32702): Opening camera #0
E/QualcommCamera(  140): Qint android::get_camera_info(int, camera_info*): E
E/QualcommCamera(  140): Qint android::camera_device_open(const hw_module_t*, const char*, hw_device_t**): E
E/CAM_FD  (  140): sensor_load_chromatix: Sensor name: hi542 cnt=13
E/CAM_FD  (  140): sensor_load_chromatix: libchromatix_hi542_preview.so: 29
E/CAM_FD  (  140): sensor_load_chromatix:1703: dlclose(libchromatix_handle) refcount 0
E/CAM_FD  (  140): hi542_process_start: start chromatix process 
E/CAM_FD  (  140): hi542_process_start : fd_chromatix=-1 
E/CAM_FD  (  140): hi542-chromatix : use default params
E/CAM_FD  (  140): chroma : 424cf698
