I/ActivityManager(  373): Start proc com.google.android.apps.maps:LocationFriendService for broadcast com.google.android.apps.maps/com.google.googlenav.friend.reporting.LocationReportingIntentReceiver: pid=527 uid=10010 gids={3003, 1015}
I/GCoreUlr(21675): Unbound from all location providers
I/GCoreUlr(21675): Unbound from all location providers
V/LocationManagerService(  373): _removeUpdates: listener = Receiver{41ab4ec0 Intent PendingIntent{41ae24b8: PendingIntentRecord{41ae2458 com.google.android.gms startService}}}mUpdateRecords: {}
V/LocationManagerService(  373): _removeUpdates: listener = Receiver{4193c900 Intent PendingIntent{41979ac8: PendingIntentRecord{41ae2458 com.google.android.gms startService}}}mUpdateRecords: {}
W/SignalStrength(  576): SignalStrength before validate=SignalStrength: 12 0 -1 -1 -1 -1 -1 99 -32767 -32767 -32767 -32767 cdma
W/SignalStrength(  576): SignalStrength after validate=SignalStrength: 12 0 -120 -160 -120 -1 -1 99 2147483647 2147483647 2147483647 2147483647 cdma
D/DebugPowerManagerService(  373): setPowerState call from userActivity() 
D/PowerManagerService(  373): setPowerState: mPowerState=0x3 newState=0x7 noChangeLights=false reason=2
I/PowerManagerService(  373): Setting brightess on 67: 4
D/GCM     (21519): GcmService start Intent { act=com.google.android.gms.INITIALIZE flg=0x10 pkg=com.google.android.gms cmp=com.google.android.gms/.gcm.GcmService } com.google.android.gms.INITIALIZE
I/WindowManager(  373): SCREENLAYOUT_SIZE (1:small, 2:normal, 3:large, 4:xlarge) 2
D/memalloc(  137): /dev/pmem: Allocated buffer base:0x419a1000 size:614400 offset:4915200 fd:24
D/memalloc(  373): /dev/pmem: Mapped buffer base:0x55dcc000 size:5529600 offset:4915200 fd:216
D/memalloc(  137): /dev/pmem: Allocated buffer base:0x419a1000 size:614400 offset:0 fd:39
D/memalloc(32739): /dev/pmem: Mapped buffer base:0x516b4000 size:614400 offset:0 fd:41
D/memalloc(32739): /dev/pmem: Unmapping buffer base:0x529a4000 size:3215360 offset:2600960
D/memalloc(32739): /dev/pmem: Unmapping buffer base:0x52cb5000 size:6144000 offset:5529600
D/memalloc(  137): /dev/pmem: Freeing buffer base:0x41ee7000 size:614400 offset:5529600 fd:51
D/memalloc(  137): /dev/pmem: Freeing buffer base:0x41c1c000 size:614400 offset:2600960 fd:36
D/AttachmentService(  397): Count: 0
V/LocationManagerService(  373): _removeUpdates: listener = Receiver{4189fc08 Intent PendingIntent{4180bce0: PendingIntentRecord{418c2610 com.google.android.apps.maps startService}}}mUpdateRecords: {passive=UpdateRecord{4189dd40 mProvider: passive mUid: 10010}}
V/LocationManagerService(  373): In removeUpdatesLocked.p.setMinTime:
V/LocationManagerService(  373): _requestLocationUpdates: provider = passive listener = Receiver{41c2eab8 Intent PendingIntent{41c15e30: PendingIntentRecord{41b89148 com.google.android.apps.maps startService}}}mUpdateRecords: {passive=UpdateRecord{41c2eb38 mProvider: passive mUid: 10010}}
D/KeyguardUpdateMonitor(  373): received broadcast android.intent.action.TIME_TICK
D/KeyguardUpdateMonitor(  373): handleTimeUpdate
I/ActivityManager(  373): Process com.facebook.katana:dash (pid 32760) has died.
D/memalloc(  137): /dev/pmem: Allocated buffer base:0x419a1000 size:614400 offset:2600960 fd:36
D/memalloc(32739): /dev/pmem: Mapped buffer base:0x52018000 size:3215360 offset:2600960 fd:48
I/Email   (  397): ReconcilePopImapAccountsSync: start
D/ExchangeService(  444): !!! EAS ExchangeService, onCreate
D/ExchangeService(  444): !!! EAS ExchangeService, onStartCommand, startingUp = false, running = false
D/ExchangeService(  444): Reconciling accounts...
I/ActivityManager(  373): Displayed com.brand.applicationname.android/.MainActivity: +1s115ms
D/WifiOffDelayIfNotUsed(  373): setHasWifiLocks(true)
D/memalloc(  373): /dev/pmem: Unmapping buffer base:0x55dcc000 size:5529600 offset:4915200
D/memalloc(  137): /dev/pmem: Allocated buffer base:0x419a1000 size:614400 offset:614400 fd:48
D/memalloc(  137): /dev/pmem: Freeing buffer base:0x41e51000 size:614400 offset:4915200 fd:24
D/memalloc(32739): /dev/pmem: Mapped buffer base:0x523e4000 size:1228800 offset:614400 fd:51
D/WifiOffDelayIfNotUsed(  373): setHasWifiLocks(false)
D/KeyguardModel(  373): received broadcast lge.intent.action.UNREAD_EMAILS
D/DebugPowerManagerService(  373): setPowerState call from TimeoutTask() 
D/PowerManagerService(  373): setPowerState: mPowerState=0x7 newState=0x3 noChangeLights=false reason=3
I/PowerManagerService(  373): Setting brightess off: 4
D/DebugPowerManagerService(  373): TimeoutTask : dim(1) or bright  3
I/Email   (  397): ReconcilePopImapAccountsSync: done
D/KeyguardModel(  373): received broadcast lge.intent.action.UNREAD_EMAILS
I/ActivityManager(  373): Start proc com.android.vending for service com.android.vending/com.google.android.finsky.services.ContentSyncService: pid=581 uid=10043 gids={3003, 1015}
I/ActivityThread(  581): Pub com.google.android.finsky.QSBSuggestionsProvider2: com.google.android.finsky.providers.QSBSuggestionsProvider
I/ActivityThread(  581): Pub com.google.android.finsky.AppIconProvider: com.google.android.finsky.providers.AppIconProvider
I/ActivityThread(  581): Pub com.google.android.finsky.RecentSuggestionsProvider: com.google.android.finsky.providers.RecentSuggestionsProvider
D/Finsky  (  581): [1] FinskyApp.onCreate: Initializing network with DFE https://android.clients.google.com/fdfe/
D/Finsky  (  581): [1] DailyHygiene.goMakeHygieneIfDirty: Dirty, need more hygiene.
D/Finsky  (  581): [1] 2.run: Loaded library for account: [M4BDyowpj__LiaN8JwxbEAnFWoI]
D/Finsky  (  581): [1] 2.run: Finished loading 1 libraries.
D/Finsky  (  581): [1] 5.onFinished: Installation state replication succeeded.
W/SignalStrength(  576): SignalStrength before validate=SignalStrength: 10 0 -1 -1 -1 -1 -1 99 -32767 -32767 -32767 -32767 cdma
W/SignalStrength(  576): SignalStrength after validate=SignalStrength: 10 0 -120 -160 -120 -1 -1 99 2147483647 2147483647 2147483647 2147483647 cdma
W/SignalStrength(  373): charels mCountryCode: mOperatorCode EUOPEN
W/SignalStrength(  373): [BRIGHTHY] 0. mDataNetType: 8
W/SignalStrength(  373): getGsmLevel=3
W/SignalStrength(  462): charels mCountryCode: mOperatorCode EUOPEN
W/SignalStrength(  462): [BRIGHTHY] 0. mDataNetType: 8
W/SignalStrength(  462): getGsmLevel=3
W/SignalStrength(  462): getLevel=3
W/SignalStrength(  462): charels mCountryCode: mOperatorCode EUOPEN
W/SignalStrength(  462): [BRIGHTHY] 0. mDataNetType: 8
W/SignalStrength(  462): getGsmLevel=3
W/SignalStrength(  462): getLevel=3
W/SignalStrength(  462): charels mCountryCode: mOperatorCode EUOPEN
W/SignalStrength(  373): getLevel=3
D/StatusBar.NetworkController(  462): onSignalStrengthsChanged signalStrength=SignalStrength: 10 0 -120 -160 -120 -1 -1 99 2147483647 2147483647 2147483647 2147483647 gsm|lte level=3
D/StatusBar.NetworkController(  462): [BRIGHTHY] curNetwork=26006 curHPLMN=26006
D/StatusBar.NetworkController(  462): [BRIGHTHY]  Roaming=false
W/SignalStrength(  462): [BRIGHTHY] 0. mDataNetType: 8
W/SignalStrength(  462): getGsmLevel=3
W/SignalStrength(  462): getLevel=3
D/StatusBar.NetworkController(  462): refreshViews connected={ } level=3 combinedSignalIconId=0x7f020246/com.android.systemui:drawable/stat_sys_signal_3_fully combinedActivityIconId=0x0 mAirplaneMode=false mDataActivity=0 mPhoneSignalIconId=0x7f020246 mDataDirectionIconId=0x0 mDataSignalIconId=0x7f020246 mDataTypeIconId=0x0 mNoSimIconId=0x0 mWifiIconId=0x7f020285 mBluetoothTetherIconId=0x1080563
D/PhoneStatusBarPolicy(  462): ACTION_SIGNAL_STRENGTH_CHANGED!!!
W/Finsky  (  581): [1] LibraryUpdateListener.onErrorResponse: Library replication failed: com.android.volley.NoConnectionError: java.net.UnknownHostException: Unable to resolve host "android.clients.google.com": No address associated with hostname
W/Finsky  (  581): [1] LibraryUpdateListener.onErrorResponse: Library replication failed: com.android.volley.NoConnectionError: java.net.UnknownHostException: Unable to resolve host "android.clients.google.com": No address associated with hostname
W/Finsky  (  581): [1] 2.onErrorResponse: Update check failed: com.android.volley.NoConnectionError: java.net.UnknownHostException: Unable to resolve host "android.clients.google.com": No address associated with hostname
D/Finsky  (  581): [1] DailyHygiene.flushEventLogs: Flushing event logs for [M4BDyowpj__LiaN8JwxbEAnFWoI]
D/Finsky  (  581): [1] DailyHygiene.reschedule: Scheduling new run in 30 minutes (failures=2)
E/PlayEventLogger(  581): Upload failed class java.net.UnknownHostException (Unable to resolve host "play.googleapis.com": No address associated with hostname)
W/SignalStrength(  576): SignalStrength before validate=SignalStrength: 9 0 -1 -1 -1 -1 -1 99 -32767 -32767 -32767 -32767 cdma
W/SignalStrength(  576): SignalStrength after validate=SignalStrength: 9 0 -120 -160 -120 -1 -1 99 2147483647 2147483647 2147483647 2147483647 cdma
W/SignalStrength(  373): charels mCountryCode: mOperatorCode EUOPEN
W/SignalStrength(  462): charels mCountryCode: mOperatorCode EUOPEN
W/SignalStrength(  462): [BRIGHTHY] 0. mDataNetType: 8
W/SignalStrength(  462): getGsmLevel=3
W/SignalStrength(  462): getLevel=3
W/SignalStrength(  462): charels mCountryCode: mOperatorCode EUOPEN
W/SignalStrength(  373): [BRIGHTHY] 0. mDataNetType: 8
W/SignalStrength(  373): getGsmLevel=3
W/SignalStrength(  373): getLevel=3
D/StatusBar.NetworkController(  462): onSignalStrengthsChanged signalStrength=SignalStrength: 9 0 -120 -160 -120 -1 -1 99 2147483647 2147483647 2147483647 2147483647 gsm|lte level=3
W/SignalStrength(  462): [BRIGHTHY] 0. mDataNetType: 8
W/SignalStrength(  462): getGsmLevel=3
W/SignalStrength(  462): getLevel=3
W/SignalStrength(  462): charels mCountryCode: mOperatorCode EUOPEN
D/StatusBar.NetworkController(  462): [BRIGHTHY] curNetwork=26006 curHPLMN=26006
D/StatusBar.NetworkController(  462): [BRIGHTHY]  Roaming=false
W/SignalStrength(  462): [BRIGHTHY] 0. mDataNetType: 8
W/SignalStrength(  462): getGsmLevel=3
W/SignalStrength(  462): getLevel=3
D/PhoneStatusBarPolicy(  462): ACTION_SIGNAL_STRENGTH_CHANGED!!!
D/StatusBar.NetworkController(  462): refreshViews connected={ } level=3 combinedSignalIconId=0x7f020246/com.android.systemui:drawable/stat_sys_signal_3_fully combinedActivityIconId=0x0 mAirplaneMode=false mDataActivity=0 mPhoneSignalIconId=0x7f020246 mDataDirectionIconId=0x0 mDataSignalIconId=0x7f020246 mDataTypeIconId=0x0 mNoSimIconId=0x0 mWifiIconId=0x7f020285 mBluetoothTetherIconId=0x1080563
I/ActivityManager(  373): Start proc com.anod.calendar for service com.anod.calendar/.services.UpdateService: pid=670 uid=10067 gids={1015}
D/wpa_supplicant(21344): Scan requested (ret=0) - scan timeout 30 seconds
D/wpa_supplicant(21344): nl80211: Event message available
D/wpa_supplicant(21344): nl80211: Scan trigger
I/ActivityThread(  670): Pub com.anod.calendar.events.provider: com.anod.calendar.scrollable.ScrollableDataProvider
I/Microlog.PropertyConfiguration(  670): Configure using the simple style (aka classic style)
I/Microlog.PropertyConfiguration(  670): Root level: TRACE
E/Microlog.PropertyConfiguration(  670): Failed to find appender class: java.lang.ClassNotFoundException: com.google.code.microlog4android.appender.LogCatAppender
E/Microlog.PropertyConfiguration(  670): Failed to find Formatter class: java.lang.ClassNotFoundException: com.google.code.microlog4android.format.SimpleFormatter
W/Microlog.Logger(  670): Warning! No appender is set, using LogCatAppender with PatternFormatter
I/System.out(  670): Precision specifier for %c is 1
I/Microlog(  670): 0  [INFO] [-1] Register content observer : 0 
I/Microlog(  670): 26  [INFO] [-1] Unregister content observer : 1 
I/Microlog(  670): 26  [INFO] [-1] Unregister content observer : 2 
I/Microlog(  670): 35  [INFO] [-1] Register content observer : 0 
I/Microlog(  670): 35  [INFO] [-1] Unregister content observer : 1 
I/Microlog(  670): 35  [INFO] [-1] Unregister content observer : 2 
D/wpa_supplicant(21344): nl80211: Event message available
D/wpa_supplicant(21344): nl80211: New scan results available
D/wpa_supplicant(21344): nl80211: Received scan results (11 BSSes)
D/wpa_supplicant(21344): nl80211: Survey data missing
I/dun_service(  155): process rmnet event
D/NetdConnector(  373): RCV <- {600 Iface linkstate wlan0 down}
I/dun_service(  155): received event: DUN_EVENT_RMNET_DOWN 
I/dun_service(  155): received event(DUN_EVENT_RMNET_DOWN) in state(DUN_STATE_USB_UNPLUG)
I/dun_service(  155): Ignoring the event DUN_EVENT_RMNET_DOWN in USB_UNPLUG_STATE
I/dun_service(  155): Moved to state(DUN_STATE_USB_UNPLUG)
D/wpa_supplicant(21344): Add randomness: count=24392 entropy=1001
D/wpa_supplicant(21344): Add randomness: count=24393 entropy=1001
D/wpa_supplicant(21344): Add randomness: count=24394 entropy=1001
D/wpa_supplicant(21344): Add randomness: count=24395 entropy=1001
D/wpa_supplicant(21344): Add randomness: count=24396 entropy=1001
D/wpa_supplicant(21344): Add randomness: count=24397 entropy=1001
D/wpa_supplicant(21344): Add randomness: count=24398 entropy=1001
D/wpa_supplicant(21344): Add randomness: count=24399 entropy=1001
D/wpa_supplicant(21344): Add randomness: count=24400 entropy=1001
D/wpa_supplicant(21344): Add randomness: count=24401 entropy=1001
D/wpa_supplicant(21344): RTM_NEWLINK: operstate=0 ifi_flags=0x1003 ([UP])
D/wpa_supplicant(21344): RTM_NEWLINK, IFLA_IFNAME: Interface 'wlan0' added
D/Tethering(  373): interfaceLinkStateChanged wlan0, false
D/Tethering(  373): interfaceStatusChanged wlan0, false
W/SignalStrength(  576): SignalStrength before validate=SignalStrength: 9 0 -1 -1 -1 -1 -1 99 -32767 -32767 -32767 -32767 cdma
W/SignalStrength(  576): SignalStrength after validate=SignalStrength: 9 0 -120 -160 -120 -1 -1 99 2147483647 2147483647 2147483647 2147483647 cdma
W/SignalStrength(  576): SignalStrength before validate=SignalStrength: 9 0 -1 -1 -1 -1 -1 99 -32767 -32767 -32767 -32767 cdma
W/SignalStrength(  576): SignalStrength after validate=SignalStrength: 9 0 -120 -160 -120 -1 -1 99 2147483647 2147483647 2147483647 2147483647 cdma
E/msm7627a.gralloc(  137): ERROR FBIOGET_ESDCHECKLOOP failed
E/rmt_storage(  120): rmt_storage write event
E/rmt_storage(  120): rmt_storage events processing done
E/rmt_storage(  120): unblock rmt_storage client thread
E/rmt_storage(  120): rmt_storage fop(1): bytes transferred = 3145216
E/rmt_storage(  120): rmt_storage fop(1): bytes transferred = 512
W/SignalStrength(  576): SignalStrength before validate=SignalStrength: 9 0 -1 -1 -1 -1 -1 99 -32767 -32767 -32767 -32767 cdma
W/SignalStrength(  576): SignalStrength after validate=SignalStrength: 9 0 -120 -160 -120 -1 -1 99 2147483647 2147483647 2147483647 2147483647 cdma
I/ActivityManager(  373): Start proc com.lge.sizechangable.finance for service com.lge.sizechangable.finance/.FinanceService: pid=691 uid=10009 gids={3003}
I/ActivityThread(  691): Pub com.lge.android.finance.provider: com.lge.sizechangable.finance.FinanceContentProvider
W/SignalStrength(  576): SignalStrength before validate=SignalStrength: 9 0 -1 -1 -1 -1 -1 99 -32767 -32767 -32767 -32767 cdma
W/SignalStrength(  576): SignalStrength after validate=SignalStrength: 9 0 -120 -160 -120 -1 -1 99 2147483647 2147483647 2147483647 2147483647 cdma
D/Finsky  (  581): [1] 5.onFinished: Installation state replication succeeded.
W/SignalStrength(  576): SignalStrength before validate=SignalStrength: 9 0 -1 -1 -1 -1 -1 99 -32767 -32767 -32767 -32767 cdma
W/SignalStrength(  576): SignalStrength after validate=SignalStrength: 9 0 -120 -160 -120 -1 -1 99 2147483647 2147483647 2147483647 2147483647 cdma
D/wpa_supplicant(21344): Scan requested (ret=0) - scan timeout 30 seconds
D/wpa_supplicant(21344): nl80211: Event message available
D/wpa_supplicant(21344): nl80211: Scan trigger
D/wpa_supplicant(21344): nl80211: Event message available
D/wpa_supplicant(21344): nl80211: New scan results available
D/wpa_supplicant(21344): nl80211: Received scan results (15 BSSes)
D/wpa_supplicant(21344): nl80211: Survey data missing
I/dun_service(  155): process rmnet event
D/Tethering(  373): interfaceLinkStateChanged wlan0, false
D/Tethering(  373): interfaceStatusChanged wlan0, false
D/NetdConnector(  373): RCV <- {600 Iface linkstate wlan0 down}
I/dun_service(  155): received event: DUN_EVENT_RMNET_DOWN 
I/dun_service(  155): received event(DUN_EVENT_RMNET_DOWN) in state(DUN_STATE_USB_UNPLUG)
I/dun_service(  155): Ignoring the event DUN_EVENT_RMNET_DOWN in USB_UNPLUG_STATE
I/dun_service(  155): Moved to state(DUN_STATE_USB_UNPLUG)
D/wpa_supplicant(21344): Add randomness: count=24402 entropy=1001
D/wpa_supplicant(21344): Add randomness: count=24403 entropy=1001
D/wpa_supplicant(21344): Add randomness: count=24404 entropy=1001
D/wpa_supplicant(21344): Add randomness: count=24405 entropy=1001
D/wpa_supplicant(21344): Add randomness: count=24406 entropy=1001
D/wpa_supplicant(21344): Add randomness: count=24407 entropy=1001
D/wpa_supplicant(21344): Add randomness: count=24408 entropy=1001
D/wpa_supplicant(21344): Add randomness: count=24409 entropy=1001
D/wpa_supplicant(21344): Add randomness: count=24410 entropy=1001
D/wpa_supplicant(21344): Add randomness: count=24411 entropy=1001
D/wpa_supplicant(21344): RTM_NEWLINK: operstate=0 ifi_flags=0x1003 ([UP])
D/wpa_supplicant(21344): RTM_NEWLINK, IFLA_IFNAME: Interface 'wlan0' added
D/DebugPowerManagerService(  373): setPowerState call from TimeoutTask() 
D/PowerManagerService(  373): setPowerState: mPowerState=0x3 newState=0x1 noChangeLights=false reason=3
I/DebugPowerManagerService(  373): Setting screen brightness: 20
D/DebugPowerManagerService(  373): TimeoutTask : dim(1) or bright  1
I/DebugPowerManagerService(  373): Set LCD brightness: 63/brightnessMode: 0
I/DebugPowerManagerService(  373): Set LCD brightness: 60/brightnessMode: 0
I/DebugPowerManagerService(  373): Set LCD brightness: 57/brightnessMode: 0
I/DebugPowerManagerService(  373): Set LCD brightness: 54/brightnessMode: 0
I/DebugPowerManagerService(  373): Set LCD brightness: 51/brightnessMode: 0
I/DebugPowerManagerService(  373): Set LCD brightness: 48/brightnessMode: 0
I/DebugPowerManagerService(  373): Set LCD brightness: 45/brightnessMode: 0
I/DebugPowerManagerService(  373): Set LCD brightness: 41/brightnessMode: 0
I/DebugPowerManagerService(  373): Set LCD brightness: 38/brightnessMode: 0
I/DebugPowerManagerService(  373): Set LCD brightness: 35/brightnessMode: 0
I/DebugPowerManagerService(  373): Set LCD brightness: 32/brightnessMode: 0
I/DebugPowerManagerService(  373): Set LCD brightness: 29/brightnessMode: 0
I/DebugPowerManagerService(  373): Set LCD brightness: 26/brightnessMode: 0
I/DebugPowerManagerService(  373): Set LCD brightness: 23/brightnessMode: 0
I/DebugPowerManagerService(  373): Set LCD brightness: 20/brightnessMode: 0
W/SignalStrength(  576): SignalStrength before validate=SignalStrength: 8 0 -1 -1 -1 -1 -1 99 -32767 -32767 -32767 -32767 cdma
W/SignalStrength(  576): SignalStrength after validate=SignalStrength: 8 0 -120 -160 -120 -1 -1 99 2147483647 2147483647 2147483647 2147483647 cdma
W/SignalStrength(  462): charels mCountryCode: mOperatorCode EUOPEN
W/SignalStrength(  462): [BRIGHTHY] 0. mDataNetType: 8
W/SignalStrength(  462): getGsmLevel=3
W/SignalStrength(  462): getLevel=3
W/SignalStrength(  462): charels mCountryCode: mOperatorCode EUOPEN
W/SignalStrength(  373): charels mCountryCode: mOperatorCode EUOPEN
D/StatusBar.NetworkController(  462): onSignalStrengthsChanged signalStrength=SignalStrength: 8 0 -120 -160 -120 -1 -1 99 2147483647 2147483647 2147483647 2147483647 gsm|lte level=3
W/SignalStrength(  373): [BRIGHTHY] 0. mDataNetType: 8
W/SignalStrength(  373): getGsmLevel=3
W/SignalStrength(  373): getLevel=3
W/SignalStrength(  462): [BRIGHTHY] 0. mDataNetType: 8
W/SignalStrength(  462): getGsmLevel=3
W/SignalStrength(  462): getLevel=3
W/SignalStrength(  462): charels mCountryCode: mOperatorCode EUOPEN
D/StatusBar.NetworkController(  462): [BRIGHTHY] curNetwork=26006 curHPLMN=26006
D/StatusBar.NetworkController(  462): [BRIGHTHY]  Roaming=false
W/SignalStrength(  462): [BRIGHTHY] 0. mDataNetType: 8
W/SignalStrength(  462): getGsmLevel=3
W/SignalStrength(  462): getLevel=3
D/PhoneStatusBarPolicy(  462): ACTION_SIGNAL_STRENGTH_CHANGED!!!
D/StatusBar.NetworkController(  462): refreshViews connected={ } level=3 combinedSignalIconId=0x7f020246/com.android.systemui:drawable/stat_sys_signal_3_fully combinedActivityIconId=0x0 mAirplaneMode=false mDataActivity=0 mPhoneSignalIconId=0x7f020246 mDataDirectionIconId=0x0 mDataSignalIconId=0x7f020246 mDataTypeIconId=0x0 mNoSimIconId=0x0 mWifiIconId=0x7f020285 mBluetoothTetherIconId=0x1080563
W/SignalStrength(  576): SignalStrength before validate=SignalStrength: 8 0 -1 -1 -1 -1 -1 99 -32767 -32767 -32767 -32767 cdma
W/SignalStrength(  576): SignalStrength after validate=SignalStrength: 8 0 -120 -160 -120 -1 -1 99 2147483647 2147483647 2147483647 2147483647 cdma
W/SignalStrength(  576): SignalStrength before validate=SignalStrength: 9 0 -1 -1 -1 -1 -1 99 -32767 -32767 -32767 -32767 cdma
W/SignalStrength(  576): SignalStrength after validate=SignalStrength: 9 0 -120 -160 -120 -1 -1 99 2147483647 2147483647 2147483647 2147483647 cdma
W/SignalStrength(  462): charels mCountryCode: mOperatorCode EUOPEN
W/SignalStrength(  462): [BRIGHTHY] 0. mDataNetType: 8
W/SignalStrength(  462): getGsmLevel=3
W/SignalStrength(  462): getLevel=3
W/SignalStrength(  462): charels mCountryCode: mOperatorCode EUOPEN
D/DebugPowerManagerService(  373): setPowerState call from TimeoutTask() 
D/PowerManagerService(  373): setPowerState: mPowerState=0x1 newState=0x0 noChangeLights=false reason=3
I/DebugPowerManagerService(  373): Setting screen brightness: 0
D/DebugPowerManagerService(  373): TimeoutTask : dim(1) or bright  0
I/DebugPowerManagerService(  373): Set LCD brightness: 16/brightnessMode: 0
D/StatusBar.NetworkController(  462): onSignalStrengthsChanged signalStrength=SignalStrength: 9 0 -120 -160 -120 -1 -1 99 2147483647 2147483647 2147483647 2147483647 gsm|lte level=3
W/SignalStrength(  373): charels mCountryCode: mOperatorCode EUOPEN
W/SignalStrength(  373): [BRIGHTHY] 0. mDataNetType: 8
W/SignalStrength(  373): getGsmLevel=3
W/SignalStrength(  373): getLevel=3
W/SignalStrength(  462): [BRIGHTHY] 0. mDataNetType: 8
W/SignalStrength(  462): getGsmLevel=3
I/DebugPowerManagerService(  373): Set LCD brightness: 13/brightnessMode: 0
W/SignalStrength(  462): getLevel=3
W/SignalStrength(  462): charels mCountryCode: mOperatorCode EUOPEN
D/StatusBar.NetworkController(  462): [BRIGHTHY] curNetwork=26006 curHPLMN=26006
D/StatusBar.NetworkController(  462): [BRIGHTHY]  Roaming=false
W/SignalStrength(  462): [BRIGHTHY] 0. mDataNetType: 8
W/SignalStrength(  462): getGsmLevel=3
W/SignalStrength(  462): getLevel=3
D/PhoneStatusBarPolicy(  462): ACTION_SIGNAL_STRENGTH_CHANGED!!!
D/StatusBar.NetworkController(  462): refreshViews connected={ } level=3 combinedSignalIconId=0x7f020246/com.android.systemui:drawable/stat_sys_signal_3_fully combinedActivityIconId=0x0 mAirplaneMode=false mDataActivity=0 mPhoneSignalIconId=0x7f020246 mDataDirectionIconId=0x0 mDataSignalIconId=0x7f020246 mDataTypeIconId=0x0 mNoSimIconId=0x0 mWifiIconId=0x7f020285 mBluetoothTetherIconId=0x1080563
I/DebugPowerManagerService(  373): Set LCD brightness: 10/brightnessMode: 0
I/DebugPowerManagerService(  373): Set LCD brightness: 6/brightnessMode: 0
I/DebugPowerManagerService(  373): Set LCD brightness: 3/brightnessMode: 0
I/DebugPowerManagerService(  373): Set LCD brightness: 0/brightnessMode: 0
I/DebugPowerManagerService(  373): Set screen state: false
D/KeyguardViewMediator(  373): onScreenTurnedOff(3)
D/KeyguardViewMediator(  373): notifyScreenOffLocked
I/DebugPowerManagerService(  373): Set screen state ==> err :  0  , mUseSoftwareAutoBrightness: false
I/DebugPowerManagerService(  373): sendNotificationLocked: false , why: 3
I/DebugPowerManagerService(  373): mSkippedScreenOn ==> false , index : 0
D/KeyguardViewMediator(  373): setting alarm to turn off keyguard, seq = 279
D/KeyguardViewMediator(  373): handleNotifyScreenOff
D/KeyguardViewManager(  373): onScreenTurnedOff()
E/msm7627a.hwcomposer(  137): hwc_set invalid list or module
I/CpuGovernorService(  373): intent action: android.intent.action.SCREEN_OFF
V/AudioFlinger(  140): setParameters(): io 0, keyvalue screen_state=off, tid 300, calling tid 373
E/AudioHardwareMSM76XXA(  140): setParameters() screen_state=off
D/MusicStatusBarControl(  462): BroadcastReceiver()
V/FASTDORMANCY(  576): [UNKNOWN] intent received :android.intent.action.SCREEN_OFF
D/WifiOffDelayIfNotUsed(  373): ACTION_SCREEN_OFF
D/WifiOffDelayIfNotUsed(  373): stopMonitoring
D/WifiService(  373): [wo0gi-dbg] setDriverStartfalse
D/WifiStateMachine(  373): [wo0gi-dbg] acquire wakelock
D/WifiStateMachine(  373): [wo0gi-dbg] Not IN_ECM_STATE. send CMD_DELAYED_STOP_DRIVER
I/ActivityManager(  373): Process com.android.defcontainer (pid 32372) has died.
E/msm7627a.gralloc(  137): ERROR FBIOGET_ESDCHECKLOOP failed
D/KeyguardViewMediator(  373): received DELAYED_KEYGUARD_ACTION with seq = 279, mDelayedShowingSequence = 279
D/KeyguardViewMediator(  373): isLTEVTActive() result = 
D/KeyguardUpdateMonitor(  373): isHdmiPluggedIn :false
D/KeyguardViewMediator(  373): doKeyguard: showing the lock screen
D/KeyguardViewMediator(  373): showLocked
D/KeyguardViewMediator(  373): handleShow
D/KeyguardViewManager(  373): show(); mKeyguardView==null
D/KeyguardViewManager(  373): Rotation sensor for lock screen Off!
D/KeyguardViewManager(  373): keyguard view is null, creating it...
D/LockPatternKeyguardView(  373): phone state: 0
V/LockPatternKeyguardView(  373): createLgeLockScreen...
D/LgeLockScreen(  373): LgeLockScreen()
D/LgeLockScreen(  373): mCreationOrientation : 2, Theme : 0
D/wpa_supplicant(21344): wpa_driver_nl80211_set_operstate: operstate 0->0 (DORMANT)
D/wpa_supplicant(21344): netlink: Operstate: linkmode=-1, operstate=5
D/wpa_supplicant(21344): EAPOL: External notification - portEnabled=0
D/wpa_supplicant(21344): EAPOL: Supplicant port status: Unauthorized
D/wpa_supplicant(21344): EAPOL: External notification - portValid=0
D/wpa_supplicant(21344): EAPOL: Supplicant port status: Unauthorized
D/wpa_supplicant(21344): EAPOL: External notification - EAP success=0
D/wpa_supplicant(21344): EAPOL: Supplicant port status: Unauthorized
D/Tethering(  373): interfaceLinkStateChanged wlan0, false
D/Tethering(  373): interfaceStatusChanged wlan0, false
I/dun_service(  155): process rmnet event
I/dun_service(  155): received event: DUN_EVENT_RMNET_DOWN 
I/dun_service(  155): received event(DUN_EVENT_RMNET_DOWN) in state(DUN_STATE_USB_UNPLUG)
I/dun_service(  155): Ignoring the event DUN_EVENT_RMNET_DOWN in USB_UNPLUG_STATE
I/dun_service(  155): Moved to state(DUN_STATE_USB_UNPLUG)
I/wpa_supplicant(21344): wlan0: CTRL-EVENT-DRIVER-STATE STOPPED
D/NetdConnector(  373): RCV <- {600 Iface linkstate wlan0 down}
D/WifiStateMachine(  373): [wo0gi-dbg] release wakelock
D/wpa_supplicant(21344): RTM_NEWLINK: operstate=0 ifi_flags=0x1002 ()
D/wpa_supplicant(21344): nl80211: Interface down
D/wpa_supplicant(21344): wpa_driver_nl80211_set_operstate: operstate 0->0 (DORMANT)
D/wpa_supplicant(21344): netlink: Operstate: linkmode=-1, operstate=5
D/wpa_supplicant(21344): EAPOL: External notification - portEnabled=0
D/wpa_supplicant(21344): EAPOL: Supplicant port status: Unauthorized
D/wpa_supplicant(21344): EAPOL: External notification - portValid=0
D/wpa_supplicant(21344): EAPOL: Supplicant port status: Unauthorized
D/wpa_supplicant(21344): EAPOL: External notification - EAP success=0
D/wpa_supplicant(21344): EAPOL: Supplicant port status: Unauthorized
D/wpa_supplicant(21344): RTM_NEWLINK, IFLA_IFNAME: Interface 'wlan0' added
D/wpa_supplicant(21344): l2_packet_receive - recvfrom: Network is down
I/ActivityManager(  373): Start proc com.nullsoft.winamp for broadcast com.nullsoft.winamp/.wifi.WifiStateChangeListener: pid=715 uid=10060 gids={3003, 1015}
V/LgeKeyguardStatusView(  373): LgeKeyguardStatusViewManager()
D/LgeDigitalClock(  373): java.util.GregorianCalendar[time=1374699994965,areFieldsSet=true,lenient=true,zone=Europe/Warsaw,firstDayOfWeek=2,minimalDaysInFirstWeek=4,ERA=1,YEAR=2013,MONTH=6,WEEK_OF_YEAR=30,WEEK_OF_MONTH=4,DAY_OF_MONTH=24,DAY_OF_YEAR=205,DAY_OF_WEEK=4,DAY_OF_WEEK_IN_MONTH=4,AM_PM=1,HOUR=11,HOUR_OF_DAY=23,MINUTE=6,SECOND=34,MILLISECOND=965,ZONE_OFFSET=3600000,DST_OFFSET=3600000]
D/LgeKeyguardStatusView(  373): onInflate
D/UpdateKeyguradStatusFactory(  373): Country= EU Carrier= OPEN
V/LgeKeyguardStatusView(  373): updateStatusLines(false)
I/LgeKeyguardStatusView(  373): dual= false single= false total= false
D/LgeKeyguardStatusView(  373): updateCarrierTextWithSimStatus(), simState = null
D/LgeKeyguardStatusView(  373): updateCarrierTextWithSimStatus(), mStatus = Normal
D/LgeKeyguardStatusView(  373): updateCarrierTextWithSimStatus(), mPlmn = null SPN=PLAY
V/LgeKeyguardStatusView(  373): updateStatusLines(false)
V/LgeKeyguardStatusView(  373): updateStatusLines(false)
I/LgeKeyguardStatusView(  373): dual= false single= false total= false
D/LgeKeyguardStatusView(  373): updateCarrierTextWithSimStatus(), simState = READY
D/LgeKeyguardStatusView(  373): updateCarrierTextWithSimStatus(), mStatus = Normal
D/LgeKeyguardStatusView(  373): updateCarrierTextWithSimStatus(), mPlmn = null SPN=PLAY
V/LgeKeyguardStatusView(  373): updateStatusLines(false)
V/LgeKeyguardStatusView(  373): updateStatusLines(false)
I/LgeKeyguardStatusView(  373): dual= false single= false total= false
V/LgeKeyguardStatusView(  373): updateStatusLines(true)
D/LgeKeyguardStatusView(  373): LockScreen : 1
D/LockDragLayer(  373): ping()
V/LgeLockScreen(  373): *** LgeLockScreen accel is off
D/LgeLockScreen(  373): onHdmiPlugStateChanged(false)
D/KeyguardModel(  373): registerShortcutListListener()
D/LockDragLayer(  373): onShortcutListChanged...
D/KeyguardModel(  373): registerKeygrardNotificationCallback()
W/LockPatternKeyguardView(  373): Couldn't find transport control widget
W/LockPatternKeyguardView(  373): no unlock screen when trying to enable fallback
D/KeyguardViewMediator(  373): adjustUserActivityLocked mShowing: true mHidden: false
D/KeyguardViewMediator(  373): adjustStatusBarLocked: mShowing=true mHidden=false isSecure=false --> flags=0x1000000
D/PhoneStatusBar(  462): disable: < expand icons alerts ticker system_info back home RECENT* clock >
I/WindowManager(  373): SCREENLAYOUT_SIZE (1:small, 2:normal, 3:large, 4:xlarge) 2
I/ActivityManager(  373): Config changed: {1.0 -1fontTypeIndex260mcc6mnc pl_PL layoutdir=0 sw320dp w320dp h455dp nrml port finger -keyb/v/h -nav/h s.214}
E/JavaBinder(  373): !!! FAILED BINDER TRANSACTION !!!
I/ActivityManager(  373): Process com.google.android.apps.maps:FriendService (pid 468) has died.
W/TextView(  373): Selection Mode is null
W/TextView(  373): Selection Mode is null
W/TextView(  373): Selection Mode is null
W/TextView(  373): Selection Mode is null
W/TextView(  373): Selection Mode is null
W/TextView(  373): Selection Mode is null
W/TextView(  373): Selection Mode is null
W/TextView(  373): Selection Mode is null
W/TextView(  373): Selection Mode is null
W/TextView(  373): Selection Mode is null
W/TextView(  373): Selection Mode is null
W/TextView(  373): Selection Mode is null
W/TextView(  373): Selection Mode is null
W/TextView(  373): Selection Mode is null
W/TextView(  373): Selection Mode is null
W/TextView(  373): Selection Mode is null
W/TextView(  373): Selection Mode is null
W/TextView(  373): Selection Mode is null
W/TextView(  373): Selection Mode is null
W/TextView(  373): Selection Mode is null
W/TextView(  373): Selection Mode is null
W/TextView(  373): Selection Mode is null
D/memalloc(  137): /dev/pmem: Allocated buffer base:0x419a1000 size:614400 offset:4915200 fd:24
D/memalloc(  137): /dev/pmem: Freeing buffer base:0x41a37000 size:614400 offset:614400 fd:48
D/memalloc(32739): /dev/pmem: Unmapping buffer base:0x523e4000 size:1228800 offset:614400
D/memalloc(32739): /dev/pmem: Mapped buffer base:0x5273e000 size:5529600 offset:4915200 fd:51
D/LockPatternKeyguardView(  373): focused
D/LgeLockScreen(  373): OnPause()
V/LgeKeyguardStatusView(  373): onPause()
V/LockDragLayer(  373): reset() : resets state to STATE_RESET_LOCK
D/memalloc(32739): /dev/pmem: Unmapping buffer base:0x516b4000 size:614400 offset:0
D/memalloc(32739): /dev/pmem: Unmapping buffer base:0x52018000 size:3215360 offset:2600960
D/memalloc(32739): /dev/pmem: Unmapping buffer base:0x5273e000 size:5529600 offset:4915200
D/memalloc(  137): /dev/pmem: Freeing buffer base:0x419a1000 size:614400 offset:0 fd:39
D/memalloc(  137): /dev/pmem: Freeing buffer base:0x41e51000 size:614400 offset:4915200 fd:24
D/LgeLockScreen(  373): cleanUp()
D/LgeKeyguardStatusView(  373): LockScreen : 0
V/LockPatternKeyguardView(  373): createLgeLockScreen...
I/[LGHome]EVENT(  640): [LauncherModel.java:912:onReceive()]onReceive intent=Intent { act=android.intent.action.CONFIGURATION_CHANGED flg=0x60000010 }
I/ActivityThread(  715): Pub com.nullsoft.winamp.media: com.nullsoft.winamp.MediaSearchProvider
I/WinampApp(  715): Release Build for Winamp, debug disabled
D/LgeLockScreen(  373): LgeLockScreen()
D/LgeLockScreen(  373): mCreationOrientation : 1, mTheme : 0
D/memalloc(  137): /dev/pmem: Freeing buffer base:0x41c1c000 size:614400 offset:2600960 fd:36
W/TextView(  462): Selection Mode is null
W/TextView(  462): Selection Mode is null
W/TextView(  462): Selection Mode is null
W/TextView(  462): Selection Mode is null
W/TextView(  462): Selection Mode is null
W/TextView(  462): Selection Mode is null
W/TextView(  462): Selection Mode is null
W/TextView(  462): Selection Mode is null
W/TextView(  462): Selection Mode is null
W/TextView(  462): Selection Mode is null
W/TextView(  462): Selection Mode is null
W/TextView(  462): Selection Mode is null
W/TextView(  462): Selection Mode is null
W/TextView(  462): Selection Mode is null
W/TextView(  462): Selection Mode is null
W/TextView(  462): Selection Mode is null
W/TextView(  462): Selection Mode is null
W/TextView(  462): Selection Mode is null
W/TextView(  462): Selection Mode is null
W/TextView(  462): Selection Mode is null
W/TextView(  462): Selection Mode is null
W/TextView(  462): Selection Mode is null
W/TextView(  462): Selection Mode is null
W/TextView(  462): Selection Mode is null
W/TextView(  462): Selection Mode is null
W/TextView(  462): Selection Mode is null
W/TextView(  462): Selection Mode is null
D/PhoneApp(  576): updateProximitySensorMode: state = IDLE
D/PhoneApp(  576): - isOtaCallInActiveState false
D/PhoneApp(  576): getProximitySendor(set=true)...
D/PhoneApp(  576): updateProximitySensorMode: lock already released.
D/[brighthy_log](  576): [BRIGHTHY] Enter ACTION_CONFIGURATION_CHANGED
I/ActivityManager(  373): Process com.lge.appbox.client (pid 368) has died.
W/TextView(  462): Selection Mode is null
W/TextView(  462): Selection Mode is null
W/TextView(  462): Selection Mode is null
W/TextView(  462): Selection Mode is null
W/TextView(  462): Selection Mode is null
W/TextView(  462): Selection Mode is null
W/TextView(  462): Selection Mode is null
W/TextView(  462): Selection Mode is null
W/TextView(  462): Selection Mode is null
W/TextView(  462): Selection Mode is null
W/TextView(  462): Selection Mode is null
W/TextView(  462): Selection Mode is null
W/TextView(  462): Selection Mode is null
W/TextView(  462): Selection Mode is null
W/TextView(  462): Selection Mode is null
W/TextView(  462): Selection Mode is null
W/TextView(  462): Selection Mode is null
W/TextView(  462): Selection Mode is null
W/SignalStrength(  462): charels mCountryCode: mOperatorCode EUOPEN
W/SignalStrength(  462): [BRIGHTHY] 0. mDataNetType: 8
W/SignalStrength(  462): getGsmLevel=3
W/SignalStrength(  462): getLevel=3
D/StatusBar.NetworkController(  462): refreshViews connected={ } level=3 combinedSignalIconId=0x7f020246/com.android.systemui:drawable/stat_sys_signal_3_fully combinedActivityIconId=0x0 mAirplaneMode=false mDataActivity=0 mPhoneSignalIconId=0x7f020246 mDataDirectionIconId=0x0 mDataSignalIconId=0x7f020246 mDataTypeIconId=0x0 mNoSimIconId=0x0 mWifiIconId=0x7f020285 mBluetoothTetherIconId=0x1080563
D/PhoneStatusBar(  462): disable: < expand icons alerts ticker system_info BACK* HOME* RECENT clock >
V/LgeKeyguardStatusView(  373): LgeKeyguardStatusViewManager()
D/LgeDigitalClock(  373): java.util.GregorianCalendar[time=1374699995577,areFieldsSet=true,lenient=true,zone=Europe/Warsaw,firstDayOfWeek=2,minimalDaysInFirstWeek=4,ERA=1,YEAR=2013,MONTH=6,WEEK_OF_YEAR=30,WEEK_OF_MONTH=4,DAY_OF_MONTH=24,DAY_OF_YEAR=205,DAY_OF_WEEK=4,DAY_OF_WEEK_IN_MONTH=4,AM_PM=1,HOUR=11,HOUR_OF_DAY=23,MINUTE=6,SECOND=35,MILLISECOND=577,ZONE_OFFSET=3600000,DST_OFFSET=3600000]
D/memalloc(  137): /dev/pmem: Allocated buffer base:0x419a1000 size:40960 offset:3420160 fd:24
D/memalloc(  137): /dev/pmem: Freeing buffer base:0x41cc6000 size:61440 offset:3297280 fd:30
D/memalloc(  462): /dev/pmem: Unmapping buffer base:0x53431000 size:3358720 offset:3297280
D/memalloc(  462): /dev/pmem: Mapped buffer base:0x53a69000 size:3461120 offset:3420160 fd:64
D/LgeKeyguardStatusView(  373): onInflate
D/UpdateKeyguradStatusFactory(  373): Country= EU Carrier= OPEN
D/QuickSettings(  462): updateAllButtons()
V/LgeKeyguardStatusView(  373): updateStatusLines(false)
I/LgeKeyguardStatusView(  373): dual= false single= false total= false
D/LgeKeyguardStatusView(  373): updateCarrierTextWithSimStatus(), simState = null
D/LgeKeyguardStatusView(  373): updateCarrierTextWithSimStatus(), mStatus = Normal
D/LgeKeyguardStatusView(  373): updateCarrierTextWithSimStatus(), mPlmn = null SPN=PLAY
V/LgeKeyguardStatusView(  373): updateStatusLines(false)
V/LgeKeyguardStatusView(  373): updateStatusLines(false)
I/LgeKeyguardStatusView(  373): dual= false single= false total= false
D/LgeKeyguardStatusView(  373): updateCarrierTextWithSimStatus(), simState = READY
D/LgeKeyguardStatusView(  373): updateCarrierTextWithSimStatus(), mStatus = Normal
D/LgeKeyguardStatusView(  373): updateCarrierTextWithSimStatus(), mPlmn = null SPN=PLAY
V/LgeKeyguardStatusView(  373): updateStatusLines(false)
V/LgeKeyguardStatusView(  373): updateStatusLines(false)
I/LgeKeyguardStatusView(  373): dual= false single= false total= false
V/LgeKeyguardStatusView(  373): updateStatusLines(true)
D/LgeKeyguardStatusView(  373): LockScreen : 1
D/LockDragLayer(  373): ping()
V/LgeLockScreen(  373): *** LgeLockScreen accel is off
D/LgeLockScreen(  373): onHdmiPlugStateChanged(false)
D/KeyguardModel(  373): registerShortcutListListener()
D/LockDragLayer(  373): onShortcutListChanged...
I/libreplicant(  715): [ThreadLoop] ARMv7 implementation
I/libreplicant(  715): [JNIData] JNINativeClassInit complete.
D/KeyguardModel(  373): registerKeygrardNotificationCallback()
W/LockPatternKeyguardView(  373): Couldn't find transport control widget
D/QuickSettings(  462): setGPSButton()
D/QuickSettings(  462): setAirplaneButton!!!
D/QuickSettings(  462): setHotspotButton:: !!!
D/memalloc(  137): /dev/pmem: Allocated buffer base:0x419a1000 size:40960 offset:3461120 fd:30
D/memalloc(  137): /dev/pmem: Freeing buffer base:0x41cd5000 size:61440 offset:3358720 fd:45
D/memalloc(  462): /dev/pmem: Unmapping buffer base:0x52200000 size:3420160 offset:3358720
D/memalloc(  462): /dev/pmem: Mapped buffer base:0x52200000 size:3502080 offset:3461120 fd:70
D/memalloc(  137): /dev/pmem: Allocated buffer base:0x419a1000 size:614400 offset:2600960 fd:36
D/memalloc(  373): /dev/pmem: Mapped buffer base:0x56b76000 size:3215360 offset:2600960 fd:217
W/ActivityManager(  373): Unable to start service Intent { act=com.nullsoft.prostub.service.IWinampLicenseCheckService }: not found
D/m       (  715): Does Stub exist: false
D/memalloc(  137): /dev/pmem: Allocated buffer base:0x419a1000 size:614400 offset:0 fd:39
D/memalloc(32739): /dev/pmem: Mapped buffer base:0x516b4000 size:614400 offset:0 fd:41
D/m       (  715): No stub cache, pro remains: false
I/libreplicant(  715): setting data path to /data/data/com.nullsoft.winamp
I/libreplicant(  715): Loading components from /data/data/com.nullsoft.winamp/lib
I/libreplicant(  715): [ComponentManager] successfully loaded /data/data/com.nullsoft.winamp/lib/libalac.ARMv7.w6c.so
I/libreplicant(  715): [ComponentManager] successfully loaded /data/data/com.nullsoft.winamp/lib/libmp4.ARMv7.w6c.so
I/libreplicant(  715): [ComponentManager] FAILED loading /data/data/com.nullsoft.winamp/lib/libaudiotrack-pro.ARMv7.w6c.so
I/libreplicant(  715): [ComponentManager] successfully loaded /data/data/com.nullsoft.winamp/lib/libhttp.ARMv7.w6c.so
I/libreplicant(  715): [ThreadLoop] ARMv7 implementation
I/libreplicant(  715): [ComponentManager] successfully loaded /data/data/com.nullsoft.winamp/lib/libOpenSL-out.ARMv7.w6c.so
I/libreplicant(  715): [ComponentManager] successfully loaded /data/data/com.nullsoft.winamp/lib/libicy.ARMv7.w6c.so
I/libreplicant(  715): [ComponentManager] successfully loaded /data/data/com.nullsoft.winamp/lib/libgracenote.ARMv7.w6c.so
I/libreplicant(  715): [ComponentManager] successfully loaded /data/data/com.nullsoft.winamp/lib/libaac.ARMv7.w6c.so
I/libreplicant(  715): [ThreadLoop] ARMv7 implementation
I/libreplicant(  715): [ComponentManager] successfully loaded /data/data/com.nullsoft.winamp/lib/libaudiotrack9-pro.ARMv7.w6c.so
I/libreplicant(  715): [ComponentManager] successfully loaded /data/data/com.nullsoft.winamp/lib/libflac.ARMv7.w6c.so
I/libreplicant(  715): [ComponentManager] successfully loaded /data/data/com.nullsoft.winamp/lib/libmp3.ARMv7.w6c.so
I/libreplicant(  715): [AAC] B000E448 0 0 0 0 0
I/libreplicant(  715): [AAC] Warning: Cannot find all valid AAC functions in library 'libstagefright.so'
I/libreplicant(  715): [AAC] Warning: Cannot find library 'libomx_aacdec_sharedlibrary.so'
I/libreplicant(  715): [AAC] Warning: Cannot find library 'libopencore_common.so'
D/memalloc(  137): /dev/pmem: Allocated buffer base:0x419a1000 size:614400 offset:614400 fd:45
D/memalloc(32739): /dev/pmem: Mapped buffer base:0x52018000 size:1228800 offset:614400 fd:48
I/libreplicant(  715): [AAC] B0010CC0 518ED394 518ED418 518EC580 518EC488 518ED4F8
I/libreplicant(  715): [AAC] Success: Found valid AAC functions in library 'libstagefright_soft_aacdec.so'
I/libreplicant(  715): [AAC] Testing Decoder
I/ActivityManager(  373): Process com.lge.lgworld (pid 350) has died.
D/memalloc(  137): /dev/pmem: Allocated buffer base:0x419a1000 size:614400 offset:4915200 fd:48
D/memalloc(32739): /dev/pmem: Mapped buffer base:0x5273e000 size:5529600 offset:4915200 fd:51
I/libreplicant(  715): [AAC] Test Succeeded
E/Wifi_Pair(  715): Error occured while reading paired Winamp Ids.
D/WifiStateChangeListener(  715): received broadcast intent with action: android.net.wifi.supplicant.STATE_CHANGE
D/WifiStateChangeListener(  715): isConnected: false
D/WifiStateChangeListener(  715): use_wifi_sync is: false
D/WifiStateChangeListener(  715): received broadcast intent with action: android.net.wifi.supplicant.STATE_CHANGE
D/WifiStateChangeListener(  715): isConnected: false
D/WifiStateChangeListener(  715): use_wifi_sync is: false
E/WindowManager(  373): interceptKeyBeforeQueueing;;;;;keyCode : 3 down : true
D/KeyguardViewMediator(  373): onWakeKeyWhenKeyguardShowing(3)
D/KeyguardViewMediator(  373): handleWakeWhenReady(3)
D/KeyguardViewManager(  373): wakeWhenReady(3)
D/LockPatternKeyguardView(  373): onWakeKey
D/LockPatternKeyguardView(  373): poking wake lock immediately
D/KeyguardViewMediator(  373): onScreenTurnedOn, seq = 280
D/KeyguardViewMediator(  373): notifyScreenOnLocked
D/DebugPowerManagerService(  373): setPowerState call from acquireWakeLockLocked()  1
D/PowerManagerService(  373): setPowerState: mPowerState=0x0 newState=0x7 noChangeLights=false reason=3
I/DebugPowerManagerService(  373): Set screen state: true
I/PowerManagerService(  373): Forcing brightness 0: mPowerState=0x0 mSkippedScreenOn=false
I/DebugPowerManagerService(  373): Set LCD brightness: 0/brightnessMode: 0
I/DebugPowerManagerService(  373): Set screen state ==> err :  0  , mUseSoftwareAutoBrightness: false
I/DebugPowerManagerService(  373): call setscreen from setPowerState() :  0
I/DebugPowerManagerService(  373): sendNotificationLocked: true , why: -1
I/DebugPowerManagerService(  373): mSkippedScreenOn ==> false , index : 0
I/PowerManagerService(  373): Setting brightess on 67: 4
D/KeyguardViewMediator(  373): handleNotifyScreenOn
D/KeyguardViewManager(  373): onScreenTurnedOn()
D/LockPatternKeyguardView(  373): screen on
D/LgeLockScreen(  373): onResume()
V/LgeKeyguardStatusView(  373): onResume()
V/LgeKeyguardStatusView(  373): updateStatusLines(true)
D/memalloc(  137): /dev/pmem: Allocated buffer base:0x419a1000 size:614400 offset:5529600 fd:51
D/memalloc(  373): /dev/pmem: Mapped buffer base:0x56f80000 size:6144000 offset:5529600 fd:235
I/WindowManager(  373): SCREENLAYOUT_SIZE (1:small, 2:normal, 3:large, 4:xlarge) 2
D/LockDragLayer(  373): ping()
I/WindowManager(  373): Lock screen displayed!
I/DebugPowerManagerService(  373): Setting screen brightness: 67
I/DebugPowerManagerService(  373): Set LCD brightness: 67/brightnessMode: 0
I/CpuGovernorService(  373): intent action: android.intent.action.SCREEN_ON
V/AudioFlinger(  140): setParameters(): io 0, keyvalue screen_state=on, tid 140, calling tid 373
E/AudioHardwareMSM76XXA(  140): setParameters() screen_state=on
W/SignalStrength(  576): SignalStrength before validate=SignalStrength: 10 0 -1 -1 -1 -1 -1 99 -32767 -32767 -32767 -32767 cdma
W/SignalStrength(  576): SignalStrength after validate=SignalStrength: 10 0 -120 -160 -120 -1 -1 99 2147483647 2147483647 2147483647 2147483647 cdma
W/SignalStrength(  462): charels mCountryCode: mOperatorCode EUOPEN
W/SignalStrength(  373): charels mCountryCode: mOperatorCode EUOPEN
W/SignalStrength(  462): [BRIGHTHY] 0. mDataNetType: 8
W/SignalStrength(  462): getGsmLevel=3
W/SignalStrength(  462): getLevel=3
W/SignalStrength(  462): charels mCountryCode: mOperatorCode EUOPEN
W/SignalStrength(  462): [BRIGHTHY] 0. mDataNetType: 8
W/SignalStrength(  462): getGsmLevel=3
W/SignalStrength(  462): getLevel=3
W/SignalStrength(  462): charels mCountryCode: mOperatorCode EUOPEN
W/SignalStrength(  462): [BRIGHTHY] 0. mDataNetType: 8
W/SignalStrength(  462): getGsmLevel=3
W/SignalStrength(  462): getLevel=3
W/SignalStrength(  576): SignalStrength before validate=SignalStrength: 10 0 -1 -1 -1 -1 -1 99 -32767 -32767 -32767 -32767 cdma
W/SignalStrength(  576): SignalStrength after validate=SignalStrength: 10 0 -120 -160 -120 -1 -1 99 2147483647 2147483647 2147483647 2147483647 cdma
W/SignalStrength(  373): [BRIGHTHY] 0. mDataNetType: 8
W/SignalStrength(  373): getGsmLevel=3
W/SignalStrength(  373): getLevel=3
D/MusicStatusBarControl(  462): BroadcastReceiver()
D/StatusBar.NetworkController(  462): onSignalStrengthsChanged signalStrength=SignalStrength: 10 0 -120 -160 -120 -1 -1 99 2147483647 2147483647 2147483647 2147483647 gsm|lte level=3
D/StatusBar.NetworkController(  462): [BRIGHTHY] curNetwork=26006 curHPLMN=26006
D/StatusBar.NetworkController(  462): [BRIGHTHY]  Roaming=false
D/StatusBar.NetworkController(  462): refreshViews connected={ } level=3 combinedSignalIconId=0x7f020246/com.android.systemui:drawable/stat_sys_signal_3_fully combinedActivityIconId=0x0 mAirplaneMode=false mDataActivity=0 mPhoneSignalIconId=0x7f020246 mDataDirectionIconId=0x0 mDataSignalIconId=0x7f020246 mDataTypeIconId=0x0 mNoSimIconId=0x0 mWifiIconId=0x7f020285 mBluetoothTetherIconId=0x1080563
D/PhoneStatusBarPolicy(  462): ACTION_SIGNAL_STRENGTH_CHANGED!!!
V/FASTDORMANCY(  576): [UNKNOWN] intent received :android.intent.action.SCREEN_ON
D/WifiOffDelayIfNotUsed(  373): ACTION_SCREEN_ON
I/wpa_supplicant(21344): wlan0: CTRL-EVENT-DRIVER-STATE STARTED
D/wpa_supplicant(21344): RTM_NEWLINK: operstate=0 ifi_flags=0x1003 ([UP])
D/wpa_supplicant(21344): nl80211: Interface up
D/wpa_supplicant(21344): wpa_driver_nl80211_set_operstate: operstate 0->0 (DORMANT)
D/wpa_supplicant(21344): netlink: Operstate: linkmode=-1, operstate=5
D/wpa_supplicant(21344): RTM_NEWLINK, IFLA_IFNAME: Interface 'wlan0' added
D/wpa_supplicant(21344): wpa_driver_nl80211_set_operstate: operstate 0->0 (DORMANT)
D/wpa_supplicant(21344): netlink: Operstate: linkmode=-1, operstate=5
I/dun_service(  155): process rmnet event
I/dun_service(  155): received event: DUN_EVENT_RMNET_DOWN 
I/dun_service(  155): received event(DUN_EVENT_RMNET_DOWN) in state(DUN_STATE_USB_UNPLUG)
I/dun_service(  155): Ignoring the event DUN_EVENT_RMNET_DOWN in USB_UNPLUG_STATE
I/dun_service(  155): Moved to state(DUN_STATE_USB_UNPLUG)
D/Tethering(  373): interfaceLinkStateChanged wlan0, false
D/Tethering(  373): interfaceStatusChanged wlan0, false
D/NetdConnector(  373): RCV <- {600 Iface linkstate wlan0 down}
D/wpa_supplicant(21344): Scan requested (ret=0) - scan timeout 30 seconds
D/wpa_supplicant(21344): nl80211: Event message available
D/wpa_supplicant(21344): nl80211: Scan trigger
D/wpa_supplicant(21344): Ongoing scan action - reject new request
W/SignalStrength(  576): SignalStrength before validate=SignalStrength: 10 0 -1 -1 -1 -1 -1 99 -32767 -32767 -32767 -32767 cdma
