D/StatusBar.NetworkController(  462): refreshViews connected={ } level=4 combinedSignalIconId=0x7f02024e/com.android.systemui:drawable/stat_sys_signal_4_fully combinedActivityIconId=0x0 mAirplaneMode=false mDataActivity=0 mPhoneSignalIconId=0x7f02024e mDataDirectionIconId=0x0 mDataSignalIconId=0x7f02024e mDataTypeIconId=0x0 mNoSimIconId=0x0 mWifiIconId=0x7f020285 mBluetoothTetherIconId=0x1080563
E/msm7627a.gralloc(  137): ERROR FBIOGET_ESDCHECKLOOP failed
D/DebugPowerManagerService(  373): setPowerState call from TimeoutTask() 
D/PowerManagerService(  373): setPowerState: mPowerState=0x3 newState=0x1 noChangeLights=false reason=3
I/DebugPowerManagerService(  373): Setting screen brightness: 20
D/DebugPowerManagerService(  373): TimeoutTask : dim(1) or bright  1
I/DebugPowerManagerService(  373): Set LCD brightness: 63/brightnessMode: 0
I/DebugPowerManagerService(  373): Set LCD brightness: 60/brightnessMode: 0
I/DebugPowerManagerService(  373): Set LCD brightness: 57/brightnessMode: 0
I/DebugPowerManagerService(  373): Set LCD brightness: 54/brightnessMode: 0
I/DebugPowerManagerService(  373): Set LCD brightness: 51/brightnessMode: 0
I/DebugPowerManagerService(  373): Set LCD brightness: 48/brightnessMode: 0
I/DebugPowerManagerService(  373): Set LCD brightness: 45/brightnessMode: 0
I/DebugPowerManagerService(  373): Set LCD brightness: 41/brightnessMode: 0
I/DebugPowerManagerService(  373): Set LCD brightness: 38/brightnessMode: 0
I/DebugPowerManagerService(  373): Set LCD brightness: 35/brightnessMode: 0
I/DebugPowerManagerService(  373): Set LCD brightness: 32/brightnessMode: 0
I/DebugPowerManagerService(  373): Set LCD brightness: 29/brightnessMode: 0
I/DebugPowerManagerService(  373): Set LCD brightness: 26/brightnessMode: 0
I/DebugPowerManagerService(  373): Set LCD brightness: 23/brightnessMode: 0
I/DebugPowerManagerService(  373): Set LCD brightness: 20/brightnessMode: 0
W/SignalStrength(  576): SignalStrength before validate=SignalStrength: 12 0 -1 -1 -1 -1 -1 99 -32767 -32767 -32767 -32767 cdma
W/SignalStrength(  576): SignalStrength after validate=SignalStrength: 12 0 -120 -160 -120 -1 -1 99 2147483647 2147483647 2147483647 2147483647 cdma
W/SignalStrength(  576): SignalStrength before validate=SignalStrength: 11 0 -1 -1 -1 -1 -1 99 -32767 -32767 -32767 -32767 cdma
W/SignalStrength(  576): SignalStrength after validate=SignalStrength: 11 0 -120 -160 -120 -1 -1 99 2147483647 2147483647 2147483647 2147483647 cdma
W/SignalStrength(  462): charels mCountryCode: mOperatorCode EUOPEN
W/SignalStrength(  462): [BRIGHTHY] 0. mDataNetType: 8
W/SignalStrength(  462): getGsmLevel=3
W/SignalStrength(  462): getLevel=3
W/SignalStrength(  462): charels mCountryCode: mOperatorCode EUOPEN
D/StatusBar.NetworkController(  462): onSignalStrengthsChanged signalStrength=SignalStrength: 11 0 -120 -160 -120 -1 -1 99 2147483647 2147483647 2147483647 2147483647 gsm|lte level=3
W/SignalStrength(  373): charels mCountryCode: mOperatorCode EUOPEN
W/SignalStrength(  373): [BRIGHTHY] 0. mDataNetType: 8
W/SignalStrength(  373): getGsmLevel=3
W/SignalStrength(  373): getLevel=3
W/SignalStrength(  462): [BRIGHTHY] 0. mDataNetType: 8
W/SignalStrength(  462): getGsmLevel=3
W/SignalStrength(  462): getLevel=3
W/SignalStrength(  462): charels mCountryCode: mOperatorCode EUOPEN
D/StatusBar.NetworkController(  462): [BRIGHTHY] curNetwork=26006 curHPLMN=26006
D/StatusBar.NetworkController(  462): [BRIGHTHY]  Roaming=false
W/SignalStrength(  462): [BRIGHTHY] 0. mDataNetType: 8
W/SignalStrength(  462): getGsmLevel=3
W/SignalStrength(  462): getLevel=3
D/PhoneStatusBarPolicy(  462): ACTION_SIGNAL_STRENGTH_CHANGED!!!
D/StatusBar.NetworkController(  462): refreshViews connected={ } level=3 combinedSignalIconId=0x7f020246/com.android.systemui:drawable/stat_sys_signal_3_fully combinedActivityIconId=0x0 mAirplaneMode=false mDataActivity=0 mPhoneSignalIconId=0x7f020246 mDataDirectionIconId=0x0 mDataSignalIconId=0x7f020246 mDataTypeIconId=0x0 mNoSimIconId=0x0 mWifiIconId=0x7f020285 mBluetoothTetherIconId=0x1080563
W/SignalStrength(  576): SignalStrength before validate=SignalStrength: 11 0 -1 -1 -1 -1 -1 99 -32767 -32767 -32767 -32767 cdma
W/SignalStrength(  576): SignalStrength after validate=SignalStrength: 11 0 -120 -160 -120 -1 -1 99 2147483647 2147483647 2147483647 2147483647 cdma
D/DebugPowerManagerService(  373): setPowerState call from userActivity() 
D/PowerManagerService(  373): setPowerState: mPowerState=0x1 newState=0x7 noChangeLights=false reason=2
I/DebugPowerManagerService(  373): Setting screen brightness: 67
I/PowerManagerService(  373): Setting brightess on 67: 4
I/DebugPowerManagerService(  373): Set LCD brightness: 67/brightnessMode: 0
I/ActivityManager(  373): START {act=com.google.zxing.client.android.SCAN cmp=com.google.zxing.client.android/.CaptureActivity (has extras)} from pid 12777
I/WindowManager(  373): SCREENLAYOUT_SIZE (1:small, 2:normal, 3:large, 4:xlarge) 2
I/PlatformSupportManager(12790): Using implementation class com.google.zxing.client.android.common.executor.HoneycombAsyncTaskExecInterface of interface com.google.zxing.client.android.common.executor.AsyncTaskExecInterface for SDK 11
I/DecodeHintManager(12790): Hints from the Intent: {}
D/DebugPowerManagerService(  373): setPowerState call from acquireWakeLockLocked()  1
D/PowerManagerService(  373): setPowerState: mPowerState=0x7 newState=0x7 noChangeLights=false reason=3
D/memalloc(  137): /dev/pmem: Allocated buffer base:0x419a1000 size:614400 offset:675840 fd:36
D/memalloc(12790): /dev/pmem: Mapped buffer base:0x51976000 size:1290240 offset:675840 fd:44
E/QualcommCamera(  140): Qint android::get_camera_info(int, camera_info*): E
I/com.google.zxing.client.android.camera.open.OpenCameraInterface(12790): Opening camera #0
E/QualcommCamera(  140): Qint android::get_camera_info(int, camera_info*): E
E/QualcommCamera(  140): Qint android::camera_device_open(const hw_module_t*, const char*, hw_device_t**): E
E/CAM_FD  (  140): sensor_load_chromatix: Sensor name: hi542 cnt=13
E/CAM_FD  (  140): sensor_load_chromatix: libchromatix_hi542_preview.so: 29
E/CAM_FD  (  140): sensor_load_chromatix:1703: dlclose(libchromatix_handle) refcount 0
E/CAM_FD  (  140): hi542_process_start: start chromatix process 
E/CAM_FD  (  140): hi542_process_start : fd_chromatix=-1 
E/CAM_FD  (  140): hi542-chromatix : use default params
E/CAM_FD  (  140): chroma : 424cf698
E/mm-camera(  140): AF_LENS_STEP : pixel_size=1.400000, f_number=2.800000, focal_length=3.430000, min_resolution=0.003000
E/mm-camera(  140): AF_LENS_STEP : coc=0.002800 ,hyper_focal_dist=1504.055298 
E/mm-camera(  140): AF_LENS_STEP : lens_mov_at_max_near_dist_focus = 0.121828, max_near_dist_focus = 100.000000
E/mm-camera(  140): AF_LENS_STEP : total_step=73 , modified_step=73, max_lens_movement=0.220000 
E/mm-camera(  140): AF_LENS_STEP : final_steps = 42
E/mm-camera(  140): AF_LENS_STEP : <best_focus_dist, near_dist, far_dist>= Inf NaN NaN
E/mm-camera(  140): AF_LENS_STEP : <best_focus_dist, near_dist, far_dist>= 3925.06 1086.27 -2432.89
E/mm-camera(  140): AF_LENS_STEP : <best_focus_dist, near_dist, far_dist>= 1964.25 851.55 -6405.16
E/mm-camera(  140): AF_LENS_STEP : <best_focus_dist, near_dist, far_dist>= 1310.64 700.46 10168.76
E/mm-camera(  140): AF_LENS_STEP : <best_focus_dist, near_dist, far_dist>= 983.84 595.06 2837.99
E/mm-camera(  140): AF_LENS_STEP : <best_focus_dist, near_dist, far_dist>= 787.76 517.35 1650.33
E/mm-camera(  140): AF_LENS_STEP : <best_focus_dist, near_dist, far_dist>= 657.04 457.69 1164.04
E/mm-camera(  140): AF_LENS_STEP : <best_focus_dist, near_dist, far_dist>= 563.66 410.43 899.46
E/mm-camera(  140): AF_LENS_STEP : <best_focus_dist, near_dist, far_dist>= 493.63 372.09 733.12
E/mm-camera(  140): AF_LENS_STEP : <best_focus_dist, near_dist, far_dist>= 439.17 340.34 618.87
E/mm-camera(  140): AF_LENS_STEP : <best_focus_dist, near_dist, far_dist>= 395.59 313.63 535.55
E/mm-camera(  140): AF_LENS_STEP : <best_focus_dist, near_dist, far_dist>= 359.94 290.84 472.10
E/mm-camera(  140): AF_LENS_STEP : <best_focus_dist, near_dist, far_dist>= 330.23 271.18 422.17
E/mm-camera(  140): AF_LENS_STEP : <best_focus_dist, near_dist, far_dist>= 305.09 254.03 381.86
E/mm-camera(  140): AF_LENS_STEP : <best_focus_dist, near_dist, far_dist>= 283.55 238.94 348.62
E/mm-camera(  140): AF_LENS_STEP : <best_focus_dist, near_dist, far_dist>= 264.87 225.57 320.75
E/mm-camera(  140): AF_LENS_STEP : <best_focus_dist, near_dist, far_dist>= 248.53 213.64 297.05
E/mm-camera(  140): AF_LENS_STEP : <best_focus_dist, near_dist, far_dist>= 234.11 202.92 276.64
E/mm-camera(  140): AF_LENS_STEP : <best_focus_dist, near_dist, far_dist>= 221.30 193.24 258.88
E/mm-camera(  140): AF_LENS_STEP : <best_focus_dist, near_dist, far_dist>= 209.83 184.46 243.30
E/mm-camera(  140): AF_LENS_STEP : <best_focus_dist, near_dist, far_dist>= 199.51 176.45 229.50
E/mm-camera(  140): AF_LENS_STEP : <best_focus_dist, near_dist, far_dist>= 190.17 169.13 217.20
E/mm-camera(  140): AF_LENS_STEP : <best_focus_dist, near_dist, far_dist>= 181.69 162.40 206.18
E/mm-camera(  140): AF_LENS_STEP : <best_focus_dist, near_dist, far_dist>= 173.94 156.19 196.23
E/mm-camera(  140): AF_LENS_STEP : <best_focus_dist, near_dist, far_dist>= 166.83 150.45 187.22
E/mm-camera(  140): AF_LENS_STEP : <best_focus_dist, near_dist, far_dist>= 160.30 145.12 179.01
E/mm-camera(  140): AF_LENS_STEP : <best_focus_dist, near_dist, far_dist>= 154.26 140.17 171.50
E/mm-camera(  140): AF_LENS_STEP : <best_focus_dist, near_dist, far_dist>= 148.68 135.56 164.61
E/mm-camera(  140): AF_LENS_STEP : <best_focus_dist, near_dist, far_dist>= 143.49 131.24 158.26
E/mm-camera(  140): AF_LENS_STEP : <best_focus_dist, near_dist, far_dist>= 138.66 127.20 152.39
E/mm-camera(  140): AF_LENS_STEP : <best_focus_dist, near_dist, far_dist>= 134.15 123.40 146.95
E/mm-camera(  140): AF_LENS_STEP : <best_focus_dist, near_dist, far_dist>= 129.93 119.83 141.90
E/mm-camera(  140): AF_LENS_STEP : <best_focus_dist, near_dist, far_dist>= 125.98 116.47 137.18
E/mm-camera(  140): AF_LENS_STEP : <best_focus_dist, near_dist, far_dist>= 122.27 113.30 132.78
E/mm-camera(  140): AF_LENS_STEP : <best_focus_dist, near_dist, far_dist>= 118.77 110.29 128.66
E/mm-camera(  140): AF_LENS_STEP : <best_focus_dist, near_dist, far_dist>= 115.48 107.45 124.79
E/mm-camera(  140): AF_LENS_STEP : <best_focus_dist, near_dist, far_dist>= 112.36 104.76 121.16
E/mm-camera(  140): AF_LENS_STEP : <best_focus_dist, near_dist, far_dist>= 109.42 102.20 117.74
E/mm-camera(  140): AF_LENS_STEP : <best_focus_dist, near_dist, far_dist>= 106.63 99.77 114.51
E/mm-camera(  140): AF_LENS_STEP : <best_focus_dist, near_dist, far_dist>= 103.98 97.45 111.45
E/mm-camera(  140): AF_LENS_STEP : <best_focus_dist, near_dist, far_dist>= 101.47 95.25 108.56
E/mm-camera(  140): AF_LENS_STEP : <best_focus_dist, near_dist, far_dist>= 99.08 93.14 105.82
E/QualcommCameraHardware(  140): Maximum zoom value is 60
E/CAM_FD  (  140): config_proc_CAMERA_SET_REDEYE_REDUCTION: mode =0
E/QualcommCameraHardware(  140): [FPS] idx[0] Range Values: mParameters.getPreviewFpsRange : 5000x30000
E/QualcommCameraHardware(  140): [FPS] params.getPreviewFrameRate() fps = 30  
E/QualcommCameraHardware(  140): [FPS] BACK_CAMERA : 30
E/mm-camera(  140): aec_set_parm_fps E
E/QualcommCameraHardware(  140): FocusMode =auto
E/QualcommCameraHardware(  140): [LGE_FAST_CAF] setFocusMode(NO CAF)
E/QualcommCameraHardware(  140): [LGE_SUPPORT_FAST_CAF] Set isLGCAF=0 and Execute CAMERA_PARM_LG_CAF
E/QualcommCameraHardware(  140): ### setFocusMode: Focus Type : 
E/QualcommCameraHardware(  140): [LGE_FAST_CAF] setFocusMode() mHasAutoFocusSupport=1
E/QualcommCameraHardware(  140): [LGE_FAST_CAF] setFocusMode() isLGCAF=0, cafSupport=0
E/QualcommCamera(  140): Qvoid android::set_callbacks(camera_device*, void (*)(int32_t, int32_t, int32_t, void*), void (*)(int32_t, const camera_memory_t*, unsigned int, camera_frame_metadata_t*, void*), void (*)(int64_t, int32_t, const camera_memory_t*, unsigned int, void*), camera_memory_t* (*)(int, size_t, unsigned int, void*), void*): E
E/QualcommCamera(  140): cam_nt_cb =0x0,cam_dt_cb=0x0,cam_dt_timestamp_cb=0x0
E/CameraService(  140): attempt to same use a camera  (pid com.google.zxing.client.android , com.lge.camera)
V/AudioFlinger(  140): acquiring 2351 from 12790
V/AudioFlinger(  140):  added new entry for 2351
V/MediaPlayerService(  140): Client(148) constructor
V/MediaPlayerService(  140): Create new client(148) from pid 140, uid 10082, 
V/MediaPlayerService(  140): setDataSource(/system/media/audio/ui/camera_click.ogg)
V/MediaPlayerService(  140): player type = 3
V/MediaPlayerService(  140):  create StagefrightPlayer
V/AudioSink(  140): AudioOutput(2351)
V/MediaPlayerService(  140):  setDataSource
V/MediaPlayerService(  140): [148] setAudioStreamType(7)
V/MediaPlayerService(  140): [148] prepareAsync
E/OMXCodec(  140): Attempting to allocate OMX node 'OMX.google.vorbis.decoder'
E/OMXCodec(  140): Successfully allocated OMX node 'OMX.google.vorbis.decoder'
V/MediaPlayerService(  140): [148] notify (0x1c3b0, 5, 0, 0)
V/MediaPlayerService(  140): [148] notify (0x1c3b0, 1, 0, 0)
V/AudioFlinger(  140): acquiring 2352 from 12790
V/AudioFlinger(  140):  added new entry for 2352
V/MediaPlayerService(  140): Client(149) constructor
V/MediaPlayerService(  140): Create new client(149) from pid 140, uid 10082, 
V/MediaPlayerService(  140): setDataSource(/system/media/audio/ui/VideoRecord.ogg)
V/MediaPlayerService(  140): player type = 3
V/MediaPlayerService(  140):  create StagefrightPlayer
V/AudioSink(  140): AudioOutput(2352)
V/MediaPlayerService(  140):  setDataSource
V/MediaPlayerService(  140): [149] setAudioStreamType(7)
V/MediaPlayerService(  140): [149] prepareAsync
E/OMXCodec(  140): Attempting to allocate OMX node 'OMX.google.vorbis.decoder'
E/OMXCodec(  140): Successfully allocated OMX node 'OMX.google.vorbis.decoder'
V/MediaPlayerService(  140): [149] notify (0xc8960, 5, 0, 0)
V/MediaPlayerService(  140): [149] notify (0xc8960, 1, 0, 0)
E/QualcommCamera(  140): Qint android::preview_enabled(camera_device*): E
E/QualcommCamera(  140): Qchar* android::get_parameters(camera_device*): E
E/QualcommCamera(  140): get_parameters X
E/QualcommCamera(  140): Qvoid android::put_parameters(camera_device*, char*): E
E/QualcommCamera(  140): put_parameters X
I/CameraConfiguration(12790): Screen resolution: Point(480, 320)
I/CameraConfiguration(12790): Supported preview sizes: 864x480 800x480 720x480 768x432 640x480 576x432 480x320 384x288 432x240 352x288 320x240 240x160 176x144 
I/CameraConfiguration(12790): Found preview size exactly matching screen size: Point(480, 320)
I/CameraConfiguration(12790): Camera resolution: Point(480, 320)
E/QualcommCamera(  140): Qchar* android::get_parameters(camera_device*): E
E/QualcommCamera(  140): get_parameters X
E/QualcommCamera(  140): Qvoid android::put_parameters(camera_device*, char*): E
E/QualcommCamera(  140): put_parameters X
E/QualcommCamera(  140): Qchar* android::get_parameters(camera_device*): E
E/QualcommCamera(  140): get_parameters X
E/QualcommCamera(  140): Qvoid android::put_parameters(camera_device*, char*): E
E/QualcommCamera(  140): put_parameters X
I/CameraConfiguration(12790): Initial camera parameters: zoom=0;redeye-reduction-values=enable,disable;scene-detect-values=;face-detection-values=;hdr-values=;whitebalance=auto;max-sharpness=30;preview-format-values=yuv420sp,yuv420p;jpeg-thumbnail-quality=90;preview-format=yuv420sp;face-detection=off;touch-index-af=320x240;auto-exposure-values=frame-average,center-weighted,spot-metering;video-zoom-support=false;iso=auto;mce-values=enable,disable;flash-mode-values=off,auto,on,torch;preview-frame-rate=30;full-video-snap-supported=false;jpeg-thumbnail-width=512;video-size=;scene-mode-values=off,auto,action,portrait,landscape,night,night-portrait,theatre,beach,snow,sunset,steadyphoto,fireworks,sports,party,candlelight,backlight,flowers,AR;redeye-reduction=disable;preview-fps-range-values=(5000,30000);auto-exposure=center-weighted;histogram=disable;camera-mode=0;preview-size-values=864x480,800x480,768x432,720x480,640x480,576x432,480x320,432x240,384x288,352x288,320x240,240x160,176x144;touch-af-aec=touch-on;preview-fps-range=5000,30000;auto-whitebalance-lock=false;min-exposure-compensation=-12;antibanding=50hz;max-num-focus-areas=1;vertical-view-angle=42.5;max-saturation=10;max-contrast=10;preview-frame-rate-modes=frame-rate-auto,frame-rate-fixed;picture-format-values=jpeg,raw;video-hfr=off;exposure-compensation-step=0.166667;scene-detect=off;picture-size=640x480;saturation=5;whitebalance-values=auto,incandescent,fluorescent,daylight,cloudy-daylight;picture-format=jpeg;zsl=off;lensshade-values=enable,disable;selectable-zone-af=auto;video-hfr-values=off,60,90,120;iso-values=auto,ISO_HJR,100,200,400,800,1600;selectable-zone-af-values=;lensshade=enable;mce=enable;hfr-size-values=432x240,320x240;zoom-supported=true;strtextures=OFF;denoise-values=denoise-off,denoise-on;zsl-values=off,on;sharpness=10;contrast=5;scene-mode=auto;jpeg-quality=85;histogram-values=;overlay-format=265;metering-areas=(-1000,-1000,1000,1000,1000);lge-camera=0;skinToneEnhancement=disable;preview-size=640x480;focal-length=4.13;denoise=denoise-on;preview-frame-rate-values=5,6,7,8,9,10,11,12,13,14,15,16,17,18,19,20,21,22,23,24,25,26,27,28,29,30;max-num-metering-areas=1;focus-mode-values=auto,infinity,normal,macro,continuous-picture,continuous-video;preview-frame-rate-mode=frame-rate-auto;jpeg-thumbnail-size-values=512x288,480x288,432x288,512x384,352x288,0x0;zoom-ratios=100,102,104,107,109,112,114,117,120,123,125,128,131,135,138,141,144,148,151,155,158,162,166,170,174,178,182,186,190,195,200,204,209,214,219,224,229,235,240,246,251,257,263,270,276,282,289,296,303,310,317,324,332,340,348,356,364,373,381,390;picture-size-values=2560x1920,2560x1536,2048x1536,2240x1344,1600x1200,1280x960,1280x768,800x480,640x480,352x288,320x240,176x144,2304x1296,1920x1080,1536x864,1280x720,1024x768,800x600;touch-af-aec-values=touch-off,touch-on;luma-adaptation=3;horizontal-view-angle=54.8;touch-index-aec=320x240;skinToneEnhancement-values=;jpeg-thumbnail-height=384;focus-mode=auto;auto-whitebalance-lock-supported=true;video-frame-format=yuv420sp;hdr=disable;max-exposure-compensation=12;focus-areas=(-1000,-1000,1000,1000,1000);video-snapshot-supported=false;num-snaps-per-shutter=1;exposure-compensation=0;flash-mode=off;auto-exposure-lock=false;effect-values=none,mono,negative,solarize,sepia,posterize,whiteboard,blackboard,aqua;max-zoom=59;effect=none;focus-distances=3.408478,3.408614,3.408750;touchAfAec-dx=100;touchAfAec-dy=100;auto-exposure-lock-supported=true;antibanding-values=off,50hz,60hz,auto
I/CameraConfiguration(12790): Supported values: [off, auto, on, torch]
I/CameraConfiguration(12790): Settable value: off
I/CameraConfiguration(12790): Supported values: [auto, infinity, normal, macro, continuous-picture, continuous-video]
I/CameraConfiguration(12790): Settable value: auto
E/QualcommCamera(  140): Qint android::set_parameters(camera_device*, const char*): E
E/CAM_FD  (  140): config_proc_CAMERA_SET_REDEYE_REDUCTION: mode =0
E/QualcommCameraHardware(  140): [FPS] idx[0] Range Values: mParameters.getPreviewFpsRange : 5000x30000
E/QualcommCameraHardware(  140): [FPS] params.getPreviewFrameRate() fps = 30  
E/QualcommCameraHardware(  140): [FPS] BACK_CAMERA : 30
E/mm-camera(  140): aec_set_parm_fps E
E/QualcommCameraHardware(  140): FocusMode =auto
E/QualcommCameraHardware(  140): [LGE_FAST_CAF] setFocusMode(NO CAF)
E/QualcommCameraHardware(  140): [LGE_SUPPORT_FAST_CAF] Set isLGCAF=0 and Execute CAMERA_PARM_LG_CAF
E/QualcommCameraHardware(  140): ### setFocusMode: Focus Type : auto
E/QualcommCameraHardware(  140): [LGE_FAST_CAF] setFocusMode() mHasAutoFocusSupport=1
E/QualcommCameraHardware(  140): [LGE_FAST_CAF] setFocusMode() isLGCAF=0, cafSupport=0
I/DecodeThread(12790): Hints: {POSSIBLE_FORMATS=[CODABAR, CODE_39, CODE_93, CODE_128, DATA_MATRIX, EAN_8, EAN_13, ITF, QR_CODE, RSS_14, RSS_EXPANDED, UPC_A, UPC_E], NEED_RESULT_POINT_CALLBACK=com.google.zxing.client.android.ViewfinderResultPointCallback@415404f0}
E/QualcommCamera(  140): Qint android::preview_enabled(camera_device*): E
E/QualcommCamera(  140): Qint android::set_preview_window(camera_device*, preview_stream_ops*): E window = 0x1acb0
E/QualcommCamera(  140): Qint android::start_preview(camera_device*): E
D/memalloc(  137): /dev/pmem_adsp: Allocated buffer base:0x416d0000 size:233472 fd:48
D/memalloc(  140): /dev/pmem_adsp: Mapped buffer base:0x43557000 size:233472, fd:51
D/memalloc(  137): /dev/pmem_adsp: Allocated buffer base:0x418b7000 size:233472 fd:54
D/memalloc(  140): /dev/pmem_adsp: Mapped buffer base:0x43735000 size:233472, fd:55
D/memalloc(  137): /dev/pmem_adsp: Allocated buffer base:0x43fa1000 size:233472 fd:57
D/memalloc(  140): /dev/pmem_adsp: Mapped buffer base:0x43880000 size:233472, fd:59
D/memalloc(  137): /dev/pmem_adsp: Allocated buffer base:0x4490e000 size:233472 fd:60
D/memalloc(  140): /dev/pmem_adsp: Mapped buffer base:0x4398d000 size:233472, fd:63
D/memalloc(  137): /dev/pmem_adsp: Allocated buffer base:0x4498d000 size:233472 fd:63
D/memalloc(  140): /dev/pmem_adsp: Mapped buffer base:0x43ad6000 size:233472, fd:67
D/memalloc(  137): /dev/pmem_adsp: Allocated buffer base:0x449fa000 size:233472 fd:66
D/memalloc(  140): /dev/pmem_adsp: Mapped buffer base:0x43c01000 size:233472, fd:71
D/memalloc(  137): /dev/pmem_adsp: Allocated buffer base:0x44ac0000 size:233472 fd:69
D/memalloc(  140): /dev/pmem_adsp: Mapped buffer base:0x43da7000 size:233472, fd:75
D/memalloc(  137): /dev/pmem_adsp: Allocated buffer base:0x44b46000 size:233472 fd:72
D/memalloc(  140): /dev/pmem_adsp: Mapped buffer base:0x43f2c000 size:233472, fd:79
D/memalloc(  137): /dev/pmem_adsp: Allocated buffer base:0x44c11000 size:233472 fd:75
D/memalloc(  140): /dev/pmem_adsp: Mapped buffer base:0x4414e000 size:233472, fd:83
E/mm-camera(  140): Waiting for frame thread to start ! 
E/mm-camera(  140): Wait over, frame thread ready !!!! 
E/QualcommCamera(  140): Qint android::start_preview(camera_device*): X
I/PlatformSupportManager(12790): Using implementation class com.google.zxing.client.android.common.executor.HoneycombAsyncTaskExecInterface of interface com.google.zxing.client.android.common.executor.AsyncTaskExecInterface for SDK 11
E/QualcommCamera(  140): Qchar* android::get_parameters(camera_device*): E
E/QualcommCamera(  140): get_parameters X
E/QualcommCamera(  140): Qvoid android::put_parameters(camera_device*, char*): E
E/QualcommCamera(  140): put_parameters X
I/AutoFocusManager(12790): Current focus mode 'auto'; use auto focus? true
E/QualcommCamera(  140): Qint android::auto_focus(camera_device*): E
E/mm-camera(  140): PROFILE Camera_interface AF : 1374608551.167663602
E/mm-camera(  140): PROFILE set_parm_AF: : 1374608551.170438602
E/CAM_FD  (  140): LG_AF : vfe_util_af_start, roi_info->num_roi = 1, focusrect_sel = 1 
D/CameraManager(12790): Calculated framing rect: Rect(90, 40 - 390, 280)
E/QualcommCamera(  140): Qvoid android::disable_msg_type(camera_device*, int32_t): E
D/memalloc(  137): /dev/pmem: Allocated buffer base:0x419a1000 size:614400 offset:1290240 fd:78
D/memalloc(12790): /dev/pmem: Mapped buffer base:0x51fdb000 size:1904640 offset:1290240 fd:51
I/ActivityManager(  373): Displayed com.google.zxing.client.android/.CaptureActivity: +915ms
D/memalloc(12777): /dev/pmem: Unmapping buffer base:0x5198f000 size:675840 offset:61440
D/memalloc(12777): /dev/pmem: Unmapping buffer base:0x51e64000 size:2519040 offset:1904640
D/memalloc(12777): /dev/pmem: Unmapping buffer base:0x52426000 size:3133440 offset:2519040
D/memalloc(  137): /dev/pmem: Freeing buffer base:0x419b0000 size:614400 offset:61440 fd:39
D/memalloc(  137): /dev/pmem: Freeing buffer base:0x41c08000 size:614400 offset:2519040 fd:24
D/memalloc(  137): /dev/pmem: Freeing buffer base:0x41b72000 size:614400 offset:1904640 fd:45
E/mm-camera(  140): af_process_focus_sensor: 529:Failed: Invalid AF stat from VFE: Focus = 0, NFocus = 133
E/mm-camera(  140): PROFILE Camera_interface post AF : 1374608551.330443602
E/QualcommCameraHardware(  140): native_start_ops: type 4 error Success
W/IInputConnectionWrapper(12777): showStatusIcon on inactive InputConnection
W/InputManagerService(  373): Starting input on non-focused client com.android.internal.view.IInputMethodClient$Stub$Proxy@416daea0 (uid=10032 pid=12777)
D/memalloc(  137): /dev/pmem: Allocated buffer base:0x419a1000 size:614400 offset:61440 fd:24
D/memalloc(12790): /dev/pmem: Mapped buffer base:0x51bb1000 size:675840 offset:61440 fd:54
E/QualcommCamera(  140): Qvoid android::disable_msg_type(camera_device*, int32_t): E
E/QualcommCamera(  140): Qvoid android::disable_msg_type(camera_device*, int32_t): E
E/QualcommCamera(  140): Qvoid android::disable_msg_type(camera_device*, int32_t): E
D/DebugPowerManagerService(  373): setPowerState call from TimeoutTask() 
D/PowerManagerService(  373): setPowerState: mPowerState=0x7 newState=0x3 noChangeLights=false reason=3
I/PowerManagerService(  373): Setting brightess off: 4
D/DebugPowerManagerService(  373): TimeoutTask : dim(1) or bright  3
E/QualcommCamera(  140): Qvoid android::disable_msg_type(camera_device*, int32_t): E
E/QualcommCamera(  140): Qvoid android::disable_msg_type(camera_device*, int32_t): E
E/QualcommCamera(  140): Qvoid android::disable_msg_type(camera_device*, int32_t): E
E/QualcommCamera(  140): Qvoid android::disable_msg_type(camera_device*, int32_t): E
E/QualcommCamera(  140): Qvoid android::disable_msg_type(camera_device*, int32_t): E
E/QualcommCamera(  140): Qvoid android::disable_msg_type(camera_device*, int32_t): E
E/QualcommCamera(  140): Qvoid android::disable_msg_type(camera_device*, int32_t): E
E/QualcommCamera(  140): Qvoid android::disable_msg_type(camera_device*, int32_t): E
E/QualcommCamera(  140): Qvoid android::disable_msg_type(camera_device*, int32_t): E
E/QualcommCamera(  140): Qvoid android::disable_msg_type(camera_device*, int32_t): E
E/QualcommCamera(  140): Qvoid android::disable_msg_type(camera_device*, int32_t): E
E/QualcommCamera(  140): Qvoid android::disable_msg_type(camera_device*, int32_t): E
W/SignalStrength(  576): SignalStrength before validate=SignalStrength: 11 0 -1 -1 -1 -1 -1 99 -32767 -32767 -32767 -32767 cdma
W/SignalStrength(  576): SignalStrength after validate=SignalStrength: 11 0 -120 -160 -120 -1 -1 99 2147483647 2147483647 2147483647 2147483647 cdma
E/QualcommCamera(  140): Qvoid android::disable_msg_type(camera_device*, int32_t): E
E/QualcommCamera(  140): Qint android::auto_focus(camera_device*): E
E/mm-camera(  140): PROFILE Camera_interface AF : 1374608553.414060267
E/mm-camera(  140): PROFILE set_parm_AF: : 1374608553.414301934
E/CAM_FD  (  140): LG_AF : vfe_util_af_start, roi_info->num_roi = 1, focusrect_sel = 1 
D/wpa_supplicant(21344): Scan requested (ret=0) - scan timeout 30 seconds
D/wpa_supplicant(21344): nl80211: Event message available
D/wpa_supplicant(21344): nl80211: Scan trigger
E/QualcommCamera(  140): Qvoid android::disable_msg_type(camera_device*, int32_t): E
E/QualcommCamera(  140): Qvoid android::disable_msg_type(camera_device*, int32_t): E
E/QualcommCamera(  140): Qvoid android::disable_msg_type(camera_device*, int32_t): E
E/QualcommCamera(  140): Qvoid android::disable_msg_type(camera_device*, int32_t): E
D/wpa_supplicant(21344): nl80211: Event message available
D/wpa_supplicant(21344): nl80211: New scan results available
D/wpa_supplicant(21344): nl80211: Received scan results (18 BSSes)
D/wpa_supplicant(21344): nl80211: Survey data missing
D/wpa_supplicant(21344): Add randomness: count=6356 entropy=1001
D/wpa_supplicant(21344): Add randomness: count=6357 entropy=1001
D/wpa_supplicant(21344): Add randomness: count=6358 entropy=1001
D/wpa_supplicant(21344): Add randomness: count=6359 entropy=1001
D/wpa_supplicant(21344): Add randomness: count=6360 entropy=1001
D/wpa_supplicant(21344): Add randomness: count=6361 entropy=1001
D/wpa_supplicant(21344): Add randomness: count=6362 entropy=1001
D/wpa_supplicant(21344): Add randomness: count=6363 entropy=1001
D/wpa_supplicant(21344): Add randomness: count=6364 entropy=1001
D/wpa_supplicant(21344): Add randomness: count=6365 entropy=1001
I/dun_service(  155): process rmnet event
I/dun_service(  155): received event: DUN_EVENT_RMNET_DOWN 
I/dun_service(  155): received event(DUN_EVENT_RMNET_DOWN) in state(DUN_STATE_USB_UNPLUG)
I/dun_service(  155): Ignoring the event DUN_EVENT_RMNET_DOWN in USB_UNPLUG_STATE
I/dun_service(  155): Moved to state(DUN_STATE_USB_UNPLUG)
D/Tethering(  373): interfaceLinkStateChanged wlan0, false
D/Tethering(  373): interfaceStatusChanged wlan0, false
D/wpa_supplicant(21344): RTM_NEWLINK: operstate=0 ifi_flags=0x1003 ([UP])
D/wpa_supplicant(21344): RTM_NEWLINK, IFLA_IFNAME: Interface 'wlan0' added
D/NetdConnector(  373): RCV <- {600 Iface linkstate wlan0 down}
E/QualcommCamera(  140): Qvoid android::disable_msg_type(camera_device*, int32_t): E
E/QualcommCamera(  140): Qvoid android::disable_msg_type(camera_device*, int32_t): E
E/QualcommCamera(  140): Qvoid android::disable_msg_type(camera_device*, int32_t): E
E/QualcommCamera(  140): Qvoid android::disable_msg_type(camera_device*, int32_t): E
E/msm7627a.gralloc(  137): ERROR FBIOGET_ESDCHECKLOOP failed
E/QualcommCamera(  140): Qvoid android::disable_msg_type(camera_device*, int32_t): E
E/QualcommCamera(  140): Qvoid android::disable_msg_type(camera_device*, int32_t): E
E/QualcommCamera(  140): Qvoid android::disable_msg_type(camera_device*, int32_t): E
E/QualcommCamera(  140): Qvoid android::disable_msg_type(camera_device*, int32_t): E
E/QualcommCamera(  140): Qvoid android::disable_msg_type(camera_device*, int32_t): E
E/QualcommCamera(  140): Qvoid android::disable_msg_type(camera_device*, int32_t): E
E/QualcommCamera(  140): Qvoid android::disable_msg_type(camera_device*, int32_t): E
E/mm-camera(  140): PROFILE Camera_interface post AF : 1374608555.312135267
E/QualcommCamera(  140): Qvoid android::disable_msg_type(camera_device*, int32_t): E
E/QualcommCamera(  140): Qvoid android::disable_msg_type(camera_device*, int32_t): E
E/QualcommCamera(  140): Qvoid android::disable_msg_type(camera_device*, int32_t): E
E/QualcommCamera(  140): Qvoid android::disable_msg_type(camera_device*, int32_t): E
E/QualcommCamera(  140): Qvoid android::disable_msg_type(camera_device*, int32_t): E
E/QualcommCamera(  140): Qvoid android::disable_msg_type(camera_device*, int32_t): E
E/QualcommCamera(  140): Qvoid android::disable_msg_type(camera_device*, int32_t): E
E/QualcommCamera(  140): Qvoid android::disable_msg_type(camera_device*, int32_t): E
W/SignalStrength(  576): SignalStrength before validate=SignalStrength: 8 0 -1 -1 -1 -1 -1 99 -32767 -32767 -32767 -32767 cdma
W/SignalStrength(  576): SignalStrength after validate=SignalStrength: 8 0 -120 -160 -120 -1 -1 99 2147483647 2147483647 2147483647 2147483647 cdma
W/SignalStrength(  462): charels mCountryCode: mOperatorCode EUOPEN
W/SignalStrength(  462): [BRIGHTHY] 0. mDataNetType: 8
W/SignalStrength(  462): getGsmLevel=3
W/SignalStrength(  462): getLevel=3
W/SignalStrength(  462): charels mCountryCode: mOperatorCode EUOPEN
D/WifiOffDelayIfNotUsed(  373): setHasWifiLocks(true)
D/StatusBar.NetworkController(  462): onSignalStrengthsChanged signalStrength=SignalStrength: 8 0 -120 -160 -120 -1 -1 99 2147483647 2147483647 2147483647 2147483647 gsm|lte level=3
W/SignalStrength(  373): charels mCountryCode: mOperatorCode EUOPEN
W/SignalStrength(  462): [BRIGHTHY] 0. mDataNetType: 8
W/SignalStrength(  462): getGsmLevel=3
W/SignalStrength(  462): getLevel=3
W/SignalStrength(  462): charels mCountryCode: mOperatorCode EUOPEN
W/SignalStrength(  373): [BRIGHTHY] 0. mDataNetType: 8
W/SignalStrength(  373): getGsmLevel=3
W/SignalStrength(  373): getLevel=3
D/StatusBar.NetworkController(  462): [BRIGHTHY] curNetwork=26006 curHPLMN=26006
D/StatusBar.NetworkController(  462): [BRIGHTHY]  Roaming=false
W/SignalStrength(  462): [BRIGHTHY] 0. mDataNetType: 8
W/SignalStrength(  462): getGsmLevel=3
W/SignalStrength(  462): getLevel=3
D/PhoneStatusBarPolicy(  462): ACTION_SIGNAL_STRENGTH_CHANGED!!!
D/StatusBar.NetworkController(  462): refreshViews connected={ } level=3 combinedSignalIconId=0x7f020246/com.android.systemui:drawable/stat_sys_signal_3_fully combinedActivityIconId=0x0 mAirplaneMode=false mDataActivity=0 mPhoneSignalIconId=0x7f020246 mDataDirectionIconId=0x0 mDataSignalIconId=0x7f020246 mDataTypeIconId=0x0 mNoSimIconId=0x0 mWifiIconId=0x7f020285 mBluetoothTetherIconId=0x1080563
E/QualcommCamera(  140): Qvoid android::disable_msg_type(camera_device*, int32_t): E
W/System.err( 9999): java.net.UnknownHostException: Unable to resolve host "www.google.com": No address associated with hostname
W/System.err( 9999): 	at java.net.InetAddress.lookupHostByName(InetAddress.java:461)
W/System.err( 9999): 	at java.net.InetAddress.getAllByNameImpl(InetAddress.java:277)
W/System.err( 9999): 	at java.net.InetAddress.getAllByName(InetAddress.java:251)
W/System.err( 9999): 	at org.apache.http.impl.conn.DefaultClientConnectionOperator.openConnection(DefaultClientConnectionOperator.java:137)
W/System.err( 9999): 	at org.apache.http.impl.conn.AbstractPoolEntry.open(AbstractPoolEntry.java:164)
W/System.err( 9999): 	at org.apache.http.impl.conn.AbstractPooledConnAdapter.open(AbstractPooledConnAdapter.java:119)
W/System.err( 9999): 	at org.apache.http.impl.client.DefaultRequestDirector.execute(DefaultRequestDirector.java:360)
W/System.err( 9999): 	at org.apache.http.impl.client.AbstractHttpClient.execute(AbstractHttpClient.java:555)
W/System.err( 9999): 	at org.apache.http.impl.client.AbstractHttpClient.execute(AbstractHttpClient.java:487)
W/System.err( 9999): 	at android.net.http.AndroidHttpClient.execute(AndroidHttpClient.java:257)
W/System.err( 9999): 	at kw.a(SourceFile:202)
W/System.err( 9999): 	at kw.execute(SourceFile:244)
W/System.err( 9999): 	at kw.execute(SourceFile:312)
W/System.err( 9999): 	at dtl.g(SourceFile:126)
W/System.err( 9999): 	at dtl.c(SourceFile:172)
W/System.err( 9999): 	at dvx.run(SourceFile:418)
W/System.err( 9999): 	at dvw.b(SourceFile:224)
W/System.err( 9999): 	at dvw.run(SourceFile:198)
W/System.err( 9999): 	at dtt.run(SourceFile:96)
W/System.err( 9999): Caused by: libcore.io.GaiException: getaddrinfo failed: EAI_NODATA (No address associated with hostname)
W/System.err( 9999): 	at libcore.io.Posix.getaddrinfo(Native Method)
W/System.err( 9999): 	at libcore.io.ForwardingOs.getaddrinfo(ForwardingOs.java:55)
W/System.err( 9999): 	at java.net.InetAddress.lookupHostByName(InetAddress.java:446)
W/System.err( 9999): 	... 18 more
D/WifiOffDelayIfNotUsed(  373): setHasWifiLocks(false)
E/QualcommCamera(  140): Qvoid android::disable_msg_type(camera_device*, int32_t): E
E/QualcommCamera(  140): Qvoid android::disable_msg_type(camera_device*, int32_t): E
E/QualcommCamera(  140): Qvoid android::disable_msg_type(camera_device*, int32_t): E
E/QualcommCamera(  140): Qvoid android::disable_msg_type(camera_device*, int32_t): E
E/QualcommCamera(  140): Qvoid android::disable_msg_type(camera_device*, int32_t): E
E/QualcommCamera(  140): Qint android::auto_focus(camera_device*): E
E/mm-camera(  140): PROFILE Camera_interface AF : 1374608557.348710265
E/mm-camera(  140): PROFILE set_parm_AF: : 1374608557.349153599
E/CAM_FD  (  140): LG_AF : vfe_util_af_start, roi_info->num_roi = 1, focusrect_sel = 1 
E/QualcommCamera(  140): Qvoid android::disable_msg_type(camera_device*, int32_t): E
E/QualcommCamera(  140): Qvoid android::disable_msg_type(camera_device*, int32_t): E
E/QualcommCamera(  140): Qvoid android::disable_msg_type(camera_device*, int32_t): E
E/QualcommCamera(  140): Qvoid android::disable_msg_type(camera_device*, int32_t): E
E/QualcommCamera(  140): Qvoid android::disable_msg_type(camera_device*, int32_t): E
E/QualcommCamera(  140): Qvoid android::disable_msg_type(camera_device*, int32_t): E
E/QualcommCamera(  140): Qvoid android::disable_msg_type(camera_device*, int32_t): E
E/QualcommCamera(  140): Qvoid android::disable_msg_type(camera_device*, int32_t): E
E/QualcommCamera(  140): Qvoid android::disable_msg_type(camera_device*, int32_t): E
E/QualcommCamera(  140): Qvoid android::disable_msg_type(camera_device*, int32_t): E
E/QualcommCamera(  140): Qvoid android::disable_msg_type(camera_device*, int32_t): E
E/QualcommCamera(  140): Qvoid android::disable_msg_type(camera_device*, int32_t): E
E/QualcommCamera(  140): Qvoid android::disable_msg_type(camera_device*, int32_t): E
E/QualcommCamera(  140): Qvoid android::disable_msg_type(camera_device*, int32_t): E
E/QualcommCamera(  140): Qvoid android::disable_msg_type(camera_device*, int32_t): E
E/mm-camera(  140): PROFILE Camera_interface post AF : 1374608559.047830265
E/QualcommCamera(  140): Qvoid android::disable_msg_type(camera_device*, int32_t): E
W/SignalStrength(  576): SignalStrength before validate=SignalStrength: 7 0 -1 -1 -1 -1 -1 99 -32767 -32767 -32767 -32767 cdma
W/SignalStrength(  576): SignalStrength after validate=SignalStrength: 7 0 -120 -160 -120 -1 -1 99 2147483647 2147483647 2147483647 2147483647 cdma
W/SignalStrength(  462): charels mCountryCode: mOperatorCode EUOPEN
W/SignalStrength(  462): [BRIGHTHY] 0. mDataNetType: 8
W/SignalStrength(  462): getGsmLevel=2
W/SignalStrength(  462): getLevel=2
W/SignalStrength(  462): charels mCountryCode: mOperatorCode EUOPEN
W/SignalStrength(  373): charels mCountryCode: mOperatorCode EUOPEN
W/SignalStrength(  462): [BRIGHTHY] 0. mDataNetType: 8
W/SignalStrength(  462): getGsmLevel=2
W/SignalStrength(  462): getLevel=2
W/SignalStrength(  462): charels mCountryCode: mOperatorCode EUOPEN
W/SignalStrength(  373): [BRIGHTHY] 0. mDataNetType: 8
W/SignalStrength(  373): getGsmLevel=2
W/SignalStrength(  373): getLevel=2
W/SignalStrength(  462): [BRIGHTHY] 0. mDataNetType: 8
W/SignalStrength(  462): getGsmLevel=2
W/SignalStrength(  462): getLevel=2
D/StatusBar.NetworkController(  462): onSignalStrengthsChanged signalStrength=SignalStrength: 7 0 -120 -160 -120 -1 -1 99 2147483647 2147483647 2147483647 2147483647 gsm|lte level=2
D/StatusBar.NetworkController(  462): [BRIGHTHY] curNetwork=26006 curHPLMN=26006
D/StatusBar.NetworkController(  462): [BRIGHTHY]  Roaming=false
D/PhoneStatusBarPolicy(  462): ACTION_SIGNAL_STRENGTH_CHANGED!!!
D/StatusBar.NetworkController(  462): refreshViews connected={ } level=2 combinedSignalIconId=0x7f02023e/com.android.systemui:drawable/stat_sys_signal_2_fully combinedActivityIconId=0x0 mAirplaneMode=false mDataActivity=0 mPhoneSignalIconId=0x7f02023e mDataDirectionIconId=0x0 mDataSignalIconId=0x7f02023e mDataTypeIconId=0x0 mNoSimIconId=0x0 mWifiIconId=0x7f020285 mBluetoothTetherIconId=0x1080563
E/QualcommCamera(  140): Qvoid android::disable_msg_type(camera_device*, int32_t): E
E/QualcommCamera(  140): Qvoid android::disable_msg_type(camera_device*, int32_t): E
E/QualcommCamera(  140): Qvoid android::disable_msg_type(camera_device*, int32_t): E
E/msm7627a.gralloc(  137): ERROR FBIOGET_ESDCHECKLOOP failed
I/dun_service(  155): received event: DUN_EVENT_USB_UNPLUG 
I/dun_service(  155): received event(DUN_EVENT_USB_UNPLUG) in state(DUN_STATE_USB_UNPLUG)
I/dun_service(  155): Ignoring the event DUN_EVENT_USB_UNPLUG in USB_UNPLUG_STATE
I/dun_service(  155): Moved to state(DUN_STATE_USB_UNPLUG)
D/KeyguardUpdateMonitor(  373): received broadcast android.intent.action.BATTERY_CHANGED
D/KeyguardUpdateMonitor(  373): handleBatteryUpdate (2) (65)
I/PowerUI (  462): intent: Intent { act=android.intent.action.BATTERY_CHANGED flg=0x60000010 (has extras) }
D/PowerUI (  462): buckets   .....20 .. 16 .. 5
D/PowerUI (  462): level          64 --> 65
D/PowerUI (  462): status         2 --> 2
D/PowerUI (  462): plugType       2 --> 2
D/PowerUI (  462): invalidCharger 0 --> 0
E/QualcommCamera(  140): Qvoid android::disable_msg_type(camera_device*, int32_t): E
D/PowerUI (  462): bucket         1 --> 1
D/PowerUI (  462): plugged        true --> true
I/PowerSaveService(10180): mPowerSaveStarted : false, mCurrentBatteryLevel : 65, powerSaveModeValue : 30, plugType : 2
E/QualcommCamera(  140): Qvoid android::disable_msg_type(camera_device*, int32_t): E
E/QualcommCamera(  140): Qvoid android::disable_msg_type(camera_device*, int32_t): E
E/QualcommCamera(  140): Qvoid android::disable_msg_type(camera_device*, int32_t): E
E/QualcommCamera(  140): Qvoid android::disable_msg_type(camera_device*, int32_t): E
E/QualcommCamera(  140): Qint android::auto_focus(camera_device*): E
E/mm-camera(  140): PROFILE Camera_interface AF : 1374608561.079128598
E/mm-camera(  140): PROFILE set_parm_AF: : 1374608561.080926932
E/CAM_FD  (  140): LG_AF : vfe_util_af_start, roi_info->num_roi = 1, focusrect_sel = 1 
E/QualcommCamera(  140): Qvoid android::disable_msg_type(camera_device*, int32_t): E
E/QualcommCamera(  140): Qvoid android::disable_msg_type(camera_device*, int32_t): E
E/QualcommCamera(  140): Qvoid android::disable_msg_type(camera_device*, int32_t): E
E/QualcommCamera(  140): Qvoid android::disable_msg_type(camera_device*, int32_t): E
E/QualcommCamera(  140): Qvoid android::disable_msg_type(camera_device*, int32_t): E
E/QualcommCamera(  140): Qvoid android::disable_msg_type(camera_device*, int32_t): E
E/QualcommCamera(  140): Qvoid android::disable_msg_type(camera_device*, int32_t): E
E/QualcommCamera(  140): Qvoid android::disable_msg_type(camera_device*, int32_t): E
E/QualcommCamera(  140): Qvoid android::disable_msg_type(camera_device*, int32_t): E
W/SignalStrength(  576): SignalStrength before validate=SignalStrength: 7 0 -1 -1 -1 -1 -1 99 -32767 -32767 -32767 -32767 cdma
W/SignalStrength(  576): SignalStrength after validate=SignalStrength: 7 0 -120 -160 -120 -1 -1 99 2147483647 2147483647 2147483647 2147483647 cdma
E/QualcommCamera(  140): Qvoid android::disable_msg_type(camera_device*, int32_t): E
E/QualcommCamera(  140): Qvoid android::disable_msg_type(camera_device*, int32_t): E
E/QualcommCamera(  140): Qvoid android::disable_msg_type(camera_device*, int32_t): E
E/QualcommCamera(  140): Qvoid android::disable_msg_type(camera_device*, int32_t): E
E/mm-camera(  140): PROFILE Camera_interface post AF : 1374608562.780736931
E/QualcommCamera(  140): Qvoid android::disable_msg_type(camera_device*, int32_t): E
E/QualcommCamera(  140): Qvoid android::disable_msg_type(camera_device*, int32_t): E
E/QualcommCamera(  140): Qvoid android::disable_msg_type(camera_device*, int32_t): E
E/QualcommCamera(  140): Qvoid android::disable_msg_type(camera_device*, int32_t): E
E/QualcommCamera(  140): Qvoid android::disable_msg_type(camera_device*, int32_t): E
E/QualcommCamera(  140): Qvoid android::disable_msg_type(camera_device*, int32_t): E
E/QualcommCamera(  140): Qvoid android::disable_msg_type(camera_device*, int32_t): E
D/DecodeHandler(12790): Found barcode in 7 ms
D/CaptureActivityHandler(12790): Got decode succeeded message
E/QualcommCamera(  140): Qint android::auto_focus(camera_device*): E
E/mm-camera(  140): PROFILE Camera_interface AF : 1374608564.801813598
E/mm-camera(  140): PROFILE set_parm_AF: : 1374608564.803733598
E/CAM_FD  (  140): LG_AF : vfe_util_af_start, roi_info->num_roi = 1, focusrect_sel = 1 
W/SignalStrength(  576): SignalStrength before validate=SignalStrength: 8 0 -1 -1 -1 -1 -1 99 -32767 -32767 -32767 -32767 cdma
W/SignalStrength(  576): SignalStrength after validate=SignalStrength: 8 0 -120 -160 -120 -1 -1 99 2147483647 2147483647 2147483647 2147483647 cdma
W/SignalStrength(  462): charels mCountryCode: mOperatorCode EUOPEN
W/SignalStrength(  462): [BRIGHTHY] 0. mDataNetType: 8
W/SignalStrength(  462): getGsmLevel=3
W/SignalStrength(  462): getLevel=3
W/SignalStrength(  373): charels mCountryCode: mOperatorCode EUOPEN
W/SignalStrength(  462): charels mCountryCode: mOperatorCode EUOPEN
D/StatusBar.NetworkController(  462): onSignalStrengthsChanged signalStrength=SignalStrength: 8 0 -120 -160 -120 -1 -1 99 2147483647 2147483647 2147483647 2147483647 gsm|lte level=3
W/SignalStrength(  373): [BRIGHTHY] 0. mDataNetType: 8
W/SignalStrength(  373): getGsmLevel=3
W/SignalStrength(  373): getLevel=3
W/SignalStrength(  462): [BRIGHTHY] 0. mDataNetType: 8
W/SignalStrength(  462): getGsmLevel=3
W/SignalStrength(  462): getLevel=3
W/SignalStrength(  462): charels mCountryCode: mOperatorCode EUOPEN
W/SignalStrength(  462): [BRIGHTHY] 0. mDataNetType: 8
W/SignalStrength(  462): getGsmLevel=3
W/SignalStrength(  462): getLevel=3
D/StatusBar.NetworkController(  462): [BRIGHTHY] curNetwork=26006 curHPLMN=26006
D/StatusBar.NetworkController(  462): [BRIGHTHY]  Roaming=false
D/PhoneStatusBarPolicy(  462): ACTION_SIGNAL_STRENGTH_CHANGED!!!
D/StatusBar.NetworkController(  462): refreshViews connected={ } level=3 combinedSignalIconId=0x7f020246/com.android.systemui:drawable/stat_sys_signal_3_fully combinedActivityIconId=0x0 mAirplaneMode=false mDataActivity=0 mPhoneSignalIconId=0x7f020246 mDataDirectionIconId=0x0 mDataSignalIconId=0x7f020246 mDataTypeIconId=0x0 mNoSimIconId=0x0 mWifiIconId=0x7f020285 mBluetoothTetherIconId=0x1080563
D/CaptureActivityHandler(12790): Got return scan result message
E/mm-camera(  140): af_process_focus_sensor: 529:Failed: Invalid AF stat from VFE: Focus = 0, NFocus = 133
E/mm-camera(  140): PROFILE Camera_interface post AF : 1374608565.542996930
E/QualcommCameraHardware(  140): native_start_ops: type 4 error Success
E/QualcommCamera(  140): Qint android::cancel_auto_focus(camera_device*): E
E/QualcommCamera(  140): Qvoid android::disable_msg_type(camera_device*, int32_t): E
E/QualcommCamera(  140): Qvoid android::disable_msg_type(camera_device*, int32_t): E
E/QualcommCamera(  140): Qvoid android::stop_preview(camera_device*): E
E/SurfaceTexture(  137): [SurfaceView] cancelBuffer: slot 0 is not owned by the client (state=2)
E/SurfaceTexture(  137): [SurfaceView] cancelBuffer: slot 1 is not owned by the client (state=0)
E/QualcommCameraHardware(  140):  Cancelling preview buffers 59 
E/QualcommCamera(  140): Qvoid android::disable_msg_type(camera_device*, int32_t): E
E/QualcommCameraHardware(  140):  Cancelling preview buffers 63 
E/QualcommCamera(  140): Qvoid android::disable_msg_type(camera_device*, int32_t): E
E/QualcommCamera(  140): Qvoid android::stop_preview(camera_device*): E
E/QualcommCamera(  140): Qint android::cancel_picture(camera_device*): E
E/QualcommCamera(  140): Qvoid android::release(camera_device*): E
E/CAM_FD  (  140): cam_conf: CAMERA_EXIT
E/QualcommCameraHardware(  140):  Cancelling preview buffers 67 
E/QualcommCameraHardware(  140):  Cancelling preview buffers 71 
E/QualcommCameraHardware(  140):  Cancelling preview buffers 75 
E/QualcommCameraHardware(  140):  Cancelling preview buffers 79 
D/memalloc(  137): /dev/pmem_adsp: Freeing buffer base:0x418b7000 size:233472 fd:54
D/memalloc(  137): /dev/pmem_adsp: Freeing buffer base:0x43fa1000 size:233472 fd:57
D/memalloc(  137): /dev/pmem_adsp: Freeing buffer base:0x4490e000 size:233472 fd:60
D/memalloc(  137): /dev/pmem_adsp: Freeing buffer base:0x4498d000 size:233472 fd:63
D/memalloc(  137): /dev/pmem_adsp: Freeing buffer base:0x449fa000 size:233472 fd:66
D/memalloc(  137): /dev/pmem_adsp: Freeing buffer base:0x44ac0000 size:233472 fd:69
D/memalloc(  137): /dev/pmem_adsp: Freeing buffer base:0x44b46000 size:233472 fd:72
D/memalloc(  137): /dev/pmem_adsp: Freeing buffer base:0x44c11000 size:233472 fd:75
E/QualcommCamera(  140): Qint android::set_preview_window(camera_device*, preview_stream_ops*): E window = 0x0
W/QualcommCameraHardware(  140):  Setting NULL preview window 
E/QualcommCamera(  140): Qint android::close_camera_device(hw_device_t*): device =0x33700 E
I/QualcommCamera(  140): void android::close_Hal_obj(camera_device*): E
I/QualcommCamera(  140): void android::close_Hal_obj(camera_device*): clear hw
I/QualcommCamera(  140): void android::close_Hal_obj(camera_device*): X
I/WindowManager(  373): SCREENLAYOUT_SIZE (1:small, 2:normal, 3:large, 4:xlarge) 2
V/MediaPlayerService(  140): disconnect(148) from pid 140
V/MediaPlayerService(  140): Client(148) destructor pid = 140
V/AudioSink(  140): close
V/AudioSink(  140): closeSession
V/MediaPlayerService(  140): disconnect(148) from pid 140
V/AudioFlinger(  140): releasing 2351 from 140
W/AudioFlinger(  140): session id 2351 not found for pid 140
V/MediaPlayerService(  140): disconnect(149) from pid 140
V/MediaPlayerService(  140): Client(149) destructor pid = 140
V/AudioSink(  140): close
V/AudioSink(  140): closeSession
V/MediaPlayerService(  140): disconnect(149) from pid 140
V/AudioFlinger(  140): releasing 2352 from 140
W/AudioFlinger(  140): session id 2352 not found for pid 140
D/memalloc(  137): /dev/pmem: Allocated buffer base:0x419a1000 size:614400 offset:1904640 fd:39
D/memalloc(  373): /dev/pmem: Mapped buffer base:0x55ecc000 size:2519040 offset:1904640 fd:280
D/memalloc(12790): /dev/pmem: Unmapping buffer base:0x51976000 size:1290240 offset:675840
D/memalloc(  137): /dev/pmem_adsp: Freeing buffer base:0x416d0000 size:233472 fd:48
D/memalloc(12790): /dev/pmem: Unmapping buffer base:0x51fdb000 size:1904640 offset:1290240
D/memalloc(12790): /dev/pmem: Unmapping buffer base:0x51bb1000 size:675840 offset:61440
D/memalloc(  137): /dev/pmem: Freeing buffer base:0x41a46000 size:614400 offset:675840 fd:36
D/memalloc(  137): /dev/pmem: Freeing buffer base:0x41adc000 size:614400 offset:1290240 fd:78
