D/DebugPowerManagerService(  373): setPowerState call from userActivity() 
D/PowerManagerService(  373): setPowerState: mPowerState=0x3 newState=0x7 noChangeLights=false reason=2
I/PowerManagerService(  373): Setting brightess on 67: 4
D/DebugPowerManagerService(  373): setPowerState call from releaseWakeLockLocked()
D/PowerManagerService(  373): setPowerState: mPowerState=0x7 newState=0x7 noChangeLights=false reason=3
D/memalloc(  137): /dev/pmem: Freeing buffer base:0x419b0000 size:614400 offset:61440 fd:24
D/memalloc(  137): /dev/pmem: Allocated buffer base:0x419a1000 size:614400 offset:2519040 fd:24
D/memalloc(  373): /dev/pmem: Mapped buffer base:0x56b76000 size:3133440 offset:2519040 fd:289
D/memalloc(  137): /dev/pmem: Allocated buffer base:0x419a1000 size:614400 offset:61440 fd:36
D/memalloc(12777): /dev/pmem: Mapped buffer base:0x51937000 size:675840 offset:61440 fd:40
D/memalloc(  137): /dev/pmem: Allocated buffer base:0x419a1000 size:614400 offset:675840 fd:45
D/memalloc(12777): /dev/pmem: Mapped buffer base:0x51f64000 size:1290240 offset:675840 fd:46
I/ActivityManager(  373): Displayed com.brand.applicationname.android/.MainActivity: +354ms
D/memalloc(  373): /dev/pmem: Unmapping buffer base:0x55ecc000 size:2519040 offset:1904640
D/memalloc(  137): /dev/pmem: Freeing buffer base:0x41b72000 size:614400 offset:1904640 fd:39
D/memalloc(  373): /dev/pmem: Unmapping buffer base:0x56b76000 size:3133440 offset:2519040
D/memalloc(  137): /dev/pmem: Freeing buffer base:0x41c08000 size:614400 offset:2519040 fd:24
E/msm7627a.gralloc(  137): ERROR FBIOGET_ESDCHECKLOOP failed
D/memalloc(  137): /dev/pmem: Allocated buffer base:0x419a1000 size:614400 offset:1290240 fd:24
D/memalloc(12777): /dev/pmem: Mapped buffer base:0x5209f000 size:1904640 offset:1290240 fd:49
D/DebugPowerManagerService(  373): setPowerState call from TimeoutTask() 
D/PowerManagerService(  373): setPowerState: mPowerState=0x7 newState=0x3 noChangeLights=false reason=3
I/PowerManagerService(  373): Setting brightess off: 4
D/DebugPowerManagerService(  373): TimeoutTask : dim(1) or bright  3
W/SignalStrength(  576): SignalStrength before validate=SignalStrength: 14 0 -1 -1 -1 -1 -1 99 -32767 -32767 -32767 -32767 cdma
W/SignalStrength(  576): SignalStrength after validate=SignalStrength: 14 0 -120 -160 -120 -1 -1 99 2147483647 2147483647 2147483647 2147483647 cdma
W/SignalStrength(  462): charels mCountryCode: mOperatorCode EUOPEN
W/SignalStrength(  462): [BRIGHTHY] 0. mDataNetType: 8
W/SignalStrength(  462): getGsmLevel=4
W/SignalStrength(  462): getLevel=4
W/SignalStrength(  462): charels mCountryCode: mOperatorCode EUOPEN
W/SignalStrength(  373): charels mCountryCode: mOperatorCode EUOPEN
W/SignalStrength(  373): [BRIGHTHY] 0. mDataNetType: 8
W/SignalStrength(  373): getGsmLevel=4
W/SignalStrength(  373): getLevel=4
W/SignalStrength(  462): [BRIGHTHY] 0. mDataNetType: 8
W/SignalStrength(  462): getGsmLevel=4
W/SignalStrength(  462): getLevel=4
W/SignalStrength(  462): charels mCountryCode: mOperatorCode EUOPEN
D/StatusBar.NetworkController(  462): onSignalStrengthsChanged signalStrength=SignalStrength: 14 0 -120 -160 -120 -1 -1 99 2147483647 2147483647 2147483647 2147483647 gsm|lte level=4
D/StatusBar.NetworkController(  462): [BRIGHTHY] curNetwork=26006 curHPLMN=26006
D/StatusBar.NetworkController(  462): [BRIGHTHY]  Roaming=false
W/SignalStrength(  462): [BRIGHTHY] 0. mDataNetType: 8
W/SignalStrength(  462): getGsmLevel=4
W/SignalStrength(  462): getLevel=4
D/StatusBar.NetworkController(  462): refreshViews connected={ } level=4 combinedSignalIconId=0x7f02024e/com.android.systemui:drawable/stat_sys_signal_4_fully combinedActivityIconId=0x0 mAirplaneMode=false mDataActivity=0 mPhoneSignalIconId=0x7f02024e mDataDirectionIconId=0x0 mDataSignalIconId=0x7f02024e mDataTypeIconId=0x0 mNoSimIconId=0x0 mWifiIconId=0x7f020285 mBluetoothTetherIconId=0x1080563
D/PhoneStatusBarPolicy(  462): ACTION_SIGNAL_STRENGTH_CHANGED!!!
D/wpa_supplicant(21344): Scan requested (ret=0) - scan timeout 30 seconds
D/wpa_supplicant(21344): nl80211: Event message available
D/wpa_supplicant(21344): nl80211: Scan trigger
D/wpa_supplicant(21344): nl80211: Event message available
D/wpa_supplicant(21344): nl80211: New scan results available
D/wpa_supplicant(21344): nl80211: Received scan results (13 BSSes)
D/wpa_supplicant(21344): nl80211: Survey data missing
I/dun_service(  155): process rmnet event
D/Tethering(  373): interfaceLinkStateChanged wlan0, false
D/Tethering(  373): interfaceStatusChanged wlan0, false
D/NetdConnector(  373): RCV <- {600 Iface linkstate wlan0 down}
I/dun_service(  155): received event: DUN_EVENT_RMNET_DOWN 
I/dun_service(  155): received event(DUN_EVENT_RMNET_DOWN) in state(DUN_STATE_USB_UNPLUG)
I/dun_service(  155): Ignoring the event DUN_EVENT_RMNET_DOWN in USB_UNPLUG_STATE
I/dun_service(  155): Moved to state(DUN_STATE_USB_UNPLUG)
D/wpa_supplicant(21344): Add randomness: count=6366 entropy=1001
D/wpa_supplicant(21344): Add randomness: count=6367 entropy=1001
D/wpa_supplicant(21344): Add randomness: count=6368 entropy=1001
D/wpa_supplicant(21344): Add randomness: count=6369 entropy=1001
D/wpa_supplicant(21344): Add randomness: count=6370 entropy=1001
D/wpa_supplicant(21344): Add randomness: count=6371 entropy=1001
D/wpa_supplicant(21344): Add randomness: count=6372 entropy=1001
D/wpa_supplicant(21344): Add randomness: count=6373 entropy=1001
D/wpa_supplicant(21344): Add randomness: count=6374 entropy=1001
D/wpa_supplicant(21344): Add randomness: count=6375 entropy=1001
D/wpa_supplicant(21344): RTM_NEWLINK: operstate=0 ifi_flags=0x1003 ([UP])
D/wpa_supplicant(21344): RTM_NEWLINK, IFLA_IFNAME: Interface 'wlan0' added
W/SignalStrength(  576): SignalStrength before validate=SignalStrength: 14 0 -1 -1 -1 -1 -1 99 -32767 -32767 -32767 -32767 cdma
W/SignalStrength(  576): SignalStrength after validate=SignalStrength: 14 0 -120 -160 -120 -1 -1 99 2147483647 2147483647 2147483647 2147483647 cdma
W/SignalStrength(  576): SignalStrength before validate=SignalStrength: 15 0 -1 -1 -1 -1 -1 99 -32767 -32767 -32767 -32767 cdma
W/SignalStrength(  576): SignalStrength after validate=SignalStrength: 15 0 -120 -160 -120 -1 -1 99 2147483647 2147483647 2147483647 2147483647 cdma
W/SignalStrength(  462): charels mCountryCode: mOperatorCode EUOPEN
W/SignalStrength(  462): [BRIGHTHY] 0. mDataNetType: 8
W/SignalStrength(  462): getGsmLevel=4
W/SignalStrength(  462): getLevel=4
W/SignalStrength(  462): charels mCountryCode: mOperatorCode EUOPEN
W/SignalStrength(  373): charels mCountryCode: mOperatorCode EUOPEN
W/SignalStrength(  373): [BRIGHTHY] 0. mDataNetType: 8
W/SignalStrength(  373): getGsmLevel=4
W/SignalStrength(  373): getLevel=4
W/SignalStrength(  462): [BRIGHTHY] 0. mDataNetType: 8
W/SignalStrength(  462): getGsmLevel=4
W/SignalStrength(  462): getLevel=4
W/SignalStrength(  462): charels mCountryCode: mOperatorCode EUOPEN
D/StatusBar.NetworkController(  462): onSignalStrengthsChanged signalStrength=SignalStrength: 15 0 -120 -160 -120 -1 -1 99 2147483647 2147483647 2147483647 2147483647 gsm|lte level=4
D/StatusBar.NetworkController(  462): [BRIGHTHY] curNetwork=26006 curHPLMN=26006
D/StatusBar.NetworkController(  462): [BRIGHTHY]  Roaming=false
W/SignalStrength(  462): [BRIGHTHY] 0. mDataNetType: 8
W/SignalStrength(  462): getGsmLevel=4
W/SignalStrength(  462): getLevel=4
D/PhoneStatusBarPolicy(  462): ACTION_SIGNAL_STRENGTH_CHANGED!!!
D/StatusBar.NetworkController(  462): refreshViews connected={ } level=4 combinedSignalIconId=0x7f02024e/com.android.systemui:drawable/stat_sys_signal_4_fully combinedActivityIconId=0x0 mAirplaneMode=false mDataActivity=0 mPhoneSignalIconId=0x7f02024e mDataDirectionIconId=0x0 mDataSignalIconId=0x7f02024e mDataTypeIconId=0x0 mNoSimIconId=0x0 mWifiIconId=0x7f020285 mBluetoothTetherIconId=0x1080563
W/SignalStrength(  576): SignalStrength before validate=SignalStrength: 14 0 -1 -1 -1 -1 -1 99 -32767 -32767 -32767 -32767 cdma
W/SignalStrength(  576): SignalStrength after validate=SignalStrength: 14 0 -120 -160 -120 -1 -1 99 2147483647 2147483647 2147483647 2147483647 cdma
W/SignalStrength(  462): charels mCountryCode: mOperatorCode EUOPEN
W/SignalStrength(  462): [BRIGHTHY] 0. mDataNetType: 8
W/SignalStrength(  462): getGsmLevel=4
W/SignalStrength(  462): getLevel=4
W/SignalStrength(  462): charels mCountryCode: mOperatorCode EUOPEN
W/SignalStrength(  373): charels mCountryCode: mOperatorCode EUOPEN
W/SignalStrength(  373): [BRIGHTHY] 0. mDataNetType: 8
W/SignalStrength(  373): getGsmLevel=4
W/SignalStrength(  373): getLevel=4
D/StatusBar.NetworkController(  462): onSignalStrengthsChanged signalStrength=SignalStrength: 14 0 -120 -160 -120 -1 -1 99 2147483647 2147483647 2147483647 2147483647 gsm|lte level=4
W/SignalStrength(  462): [BRIGHTHY] 0. mDataNetType: 8
W/SignalStrength(  462): getGsmLevel=4
W/SignalStrength(  462): getLevel=4
W/SignalStrength(  462): charels mCountryCode: mOperatorCode EUOPEN
W/SignalStrength(  462): [BRIGHTHY] 0. mDataNetType: 8
W/SignalStrength(  462): getGsmLevel=4
W/SignalStrength(  462): getLevel=4
D/StatusBar.NetworkController(  462): [BRIGHTHY] curNetwork=26006 curHPLMN=26006
D/StatusBar.NetworkController(  462): [BRIGHTHY]  Roaming=false
D/StatusBar.NetworkController(  462): refreshViews connected={ } level=4 combinedSignalIconId=0x7f02024e/com.android.systemui:drawable/stat_sys_signal_4_fully combinedActivityIconId=0x0 mAirplaneMode=false mDataActivity=0 mPhoneSignalIconId=0x7f02024e mDataDirectionIconId=0x0 mDataSignalIconId=0x7f02024e mDataTypeIconId=0x0 mNoSimIconId=0x0 mWifiIconId=0x7f020285 mBluetoothTetherIconId=0x1080563
D/PhoneStatusBarPolicy(  462): ACTION_SIGNAL_STRENGTH_CHANGED!!!
D/KeyguardUpdateMonitor(  373): received broadcast android.intent.action.TIME_TICK
D/KeyguardUpdateMonitor(  373): handleTimeUpdate
W/SignalStrength(  576): SignalStrength before validate=SignalStrength: 14 0 -1 -1 -1 -1 -1 99 -32767 -32767 -32767 -32767 cdma
W/SignalStrength(  576): SignalStrength after validate=SignalStrength: 14 0 -120 -160 -120 -1 -1 99 2147483647 2147483647 2147483647 2147483647 cdma
W/SignalStrength(  576): SignalStrength before validate=SignalStrength: 14 0 -1 -1 -1 -1 -1 99 -32767 -32767 -32767 -32767 cdma
W/SignalStrength(  576): SignalStrength after validate=SignalStrength: 14 0 -120 -160 -120 -1 -1 99 2147483647 2147483647 2147483647 2147483647 cdma
D/wpa_supplicant(21344): Scan requested (ret=0) - scan timeout 30 seconds
D/wpa_supplicant(21344): nl80211: Event message available
D/wpa_supplicant(21344): nl80211: Scan trigger
D/wpa_supplicant(21344): nl80211: Event message available
D/wpa_supplicant(21344): nl80211: New scan results available
D/wpa_supplicant(21344): nl80211: Received scan results (16 BSSes)
D/wpa_supplicant(21344): nl80211: Survey data missing
I/dun_service(  155): process rmnet event
I/dun_service(  155): received event: DUN_EVENT_RMNET_DOWN 
I/dun_service(  155): received event(DUN_EVENT_RMNET_DOWN) in state(DUN_STATE_USB_UNPLUG)
I/dun_service(  155): Ignoring the event DUN_EVENT_RMNET_DOWN in USB_UNPLUG_STATE
I/dun_service(  155): Moved to state(DUN_STATE_USB_UNPLUG)
D/Tethering(  373): interfaceLinkStateChanged wlan0, false
D/Tethering(  373): interfaceStatusChanged wlan0, false
D/wpa_supplicant(21344): Add randomness: count=6376 entropy=1001
D/wpa_supplicant(21344): Add randomness: count=6377 entropy=1001
D/wpa_supplicant(21344): Add randomness: count=6378 entropy=1001
D/wpa_supplicant(21344): Add randomness: count=6379 entropy=1001
D/wpa_supplicant(21344): Add randomness: count=6380 entropy=1001
D/wpa_supplicant(21344): Add randomness: count=6381 entropy=1001
D/wpa_supplicant(21344): Add randomness: count=6382 entropy=1001
D/wpa_supplicant(21344): Add randomness: count=6383 entropy=1001
D/wpa_supplicant(21344): Add randomness: count=6384 entropy=1001
D/wpa_supplicant(21344): Add randomness: count=6385 entropy=1001
D/wpa_supplicant(21344): RTM_NEWLINK: operstate=0 ifi_flags=0x1003 ([UP])
D/wpa_supplicant(21344): RTM_NEWLINK, IFLA_IFNAME: Interface 'wlan0' added
D/NetdConnector(  373): RCV <- {600 Iface linkstate wlan0 down}
W/SignalStrength(  576): SignalStrength before validate=SignalStrength: 14 0 -1 -1 -1 -1 -1 99 -32767 -32767 -32767 -32767 cdma
W/SignalStrength(  576): SignalStrength after validate=SignalStrength: 14 0 -120 -160 -120 -1 -1 99 2147483647 2147483647 2147483647 2147483647 cdma
D/DebugPowerManagerService(  373): setPowerState call from TimeoutTask() 
D/PowerManagerService(  373): setPowerState: mPowerState=0x3 newState=0x1 noChangeLights=false reason=3
I/DebugPowerManagerService(  373): Setting screen brightness: 20
D/DebugPowerManagerService(  373): TimeoutTask : dim(1) or bright  1
I/DebugPowerManagerService(  373): Set LCD brightness: 63/brightnessMode: 0
I/DebugPowerManagerService(  373): Set LCD brightness: 60/brightnessMode: 0
I/DebugPowerManagerService(  373): Set LCD brightness: 57/brightnessMode: 0
I/DebugPowerManagerService(  373): Set LCD brightness: 54/brightnessMode: 0
I/DebugPowerManagerService(  373): Set LCD brightness: 51/brightnessMode: 0
I/DebugPowerManagerService(  373): Set LCD brightness: 48/brightnessMode: 0
I/DebugPowerManagerService(  373): Set LCD brightness: 45/brightnessMode: 0
I/DebugPowerManagerService(  373): Set LCD brightness: 41/brightnessMode: 0
I/DebugPowerManagerService(  373): Set LCD brightness: 38/brightnessMode: 0
I/DebugPowerManagerService(  373): Set LCD brightness: 35/brightnessMode: 0
I/DebugPowerManagerService(  373): Set LCD brightness: 32/brightnessMode: 0
I/DebugPowerManagerService(  373): Set LCD brightness: 29/brightnessMode: 0
I/DebugPowerManagerService(  373): Set LCD brightness: 26/brightnessMode: 0
I/DebugPowerManagerService(  373): Set LCD brightness: 23/brightnessMode: 0
I/DebugPowerManagerService(  373): Set LCD brightness: 20/brightnessMode: 0
W/SignalStrength(  576): SignalStrength before validate=SignalStrength: 15 0 -1 -1 -1 -1 -1 99 -32767 -32767 -32767 -32767 cdma
W/SignalStrength(  576): SignalStrength after validate=SignalStrength: 15 0 -120 -160 -120 -1 -1 99 2147483647 2147483647 2147483647 2147483647 cdma
W/SignalStrength(  462): charels mCountryCode: mOperatorCode EUOPEN
W/SignalStrength(  373): charels mCountryCode: mOperatorCode EUOPEN
W/SignalStrength(  462): [BRIGHTHY] 0. mDataNetType: 8
W/SignalStrength(  462): getGsmLevel=4
W/SignalStrength(  462): getLevel=4
W/SignalStrength(  462): charels mCountryCode: mOperatorCode EUOPEN
W/SignalStrength(  373): [BRIGHTHY] 0. mDataNetType: 8
W/SignalStrength(  373): getGsmLevel=4
W/SignalStrength(  373): getLevel=4
D/StatusBar.NetworkController(  462): onSignalStrengthsChanged signalStrength=SignalStrength: 15 0 -120 -160 -120 -1 -1 99 2147483647 2147483647 2147483647 2147483647 gsm|lte level=4
W/SignalStrength(  462): [BRIGHTHY] 0. mDataNetType: 8
W/SignalStrength(  462): getGsmLevel=4
W/SignalStrength(  462): getLevel=4
W/SignalStrength(  462): charels mCountryCode: mOperatorCode EUOPEN
W/SignalStrength(  462): [BRIGHTHY] 0. mDataNetType: 8
W/SignalStrength(  462): getGsmLevel=4
W/SignalStrength(  462): getLevel=4
D/StatusBar.NetworkController(  462): [BRIGHTHY] curNetwork=26006 curHPLMN=26006
D/StatusBar.NetworkController(  462): [BRIGHTHY]  Roaming=false
D/StatusBar.NetworkController(  462): refreshViews connected={ } level=4 combinedSignalIconId=0x7f02024e/com.android.systemui:drawable/stat_sys_signal_4_fully combinedActivityIconId=0x0 mAirplaneMode=false mDataActivity=0 mPhoneSignalIconId=0x7f02024e mDataDirectionIconId=0x0 mDataSignalIconId=0x7f02024e mDataTypeIconId=0x0 mNoSimIconId=0x0 mWifiIconId=0x7f020285 mBluetoothTetherIconId=0x1080563
D/PhoneStatusBarPolicy(  462): ACTION_SIGNAL_STRENGTH_CHANGED!!!
D/WifiOffDelayIfNotUsed(  373): setHasWifiLocks(true)
D/WifiOffDelayIfNotUsed(  373): setHasWifiLocks(false)
W/SignalStrength(  576): SignalStrength before validate=SignalStrength: 14 0 -1 -1 -1 -1 -1 99 -32767 -32767 -32767 -32767 cdma
W/SignalStrength(  576): SignalStrength after validate=SignalStrength: 14 0 -120 -160 -120 -1 -1 99 2147483647 2147483647 2147483647 2147483647 cdma
W/SignalStrength(  462): charels mCountryCode: mOperatorCode EUOPEN
W/SignalStrength(  373): charels mCountryCode: mOperatorCode EUOPEN
W/SignalStrength(  462): [BRIGHTHY] 0. mDataNetType: 8
W/SignalStrength(  462): getGsmLevel=4
W/SignalStrength(  462): getLevel=4
D/StatusBar.NetworkController(  462): onSignalStrengthsChanged signalStrength=SignalStrength: 14 0 -120 -160 -120 -1 -1 99 2147483647 2147483647 2147483647 2147483647 gsm|lte level=4
W/SignalStrength(  462): charels mCountryCode: mOperatorCode EUOPEN
W/SignalStrength(  373): [BRIGHTHY] 0. mDataNetType: 8
W/SignalStrength(  373): getGsmLevel=4
W/SignalStrength(  373): getLevel=4
W/SignalStrength(  462): [BRIGHTHY] 0. mDataNetType: 8
W/SignalStrength(  462): getGsmLevel=4
W/SignalStrength(  462): getLevel=4
W/SignalStrength(  462): charels mCountryCode: mOperatorCode EUOPEN
W/SignalStrength(  462): [BRIGHTHY] 0. mDataNetType: 8
W/SignalStrength(  462): getGsmLevel=4
W/SignalStrength(  462): getLevel=4
D/StatusBar.NetworkController(  462): [BRIGHTHY] curNetwork=26006 curHPLMN=26006
D/StatusBar.NetworkController(  462): [BRIGHTHY]  Roaming=false
D/StatusBar.NetworkController(  462): refreshViews connected={ } level=4 combinedSignalIconId=0x7f02024e/com.android.systemui:drawable/stat_sys_signal_4_fully combinedActivityIconId=0x0 mAirplaneMode=false mDataActivity=0 mPhoneSignalIconId=0x7f02024e mDataDirectionIconId=0x0 mDataSignalIconId=0x7f02024e mDataTypeIconId=0x0 mNoSimIconId=0x0 mWifiIconId=0x7f020285 mBluetoothTetherIconId=0x1080563
D/PhoneStatusBarPolicy(  462): ACTION_SIGNAL_STRENGTH_CHANGED!!!
E/msm7627a.gralloc(  137): ERROR FBIOGET_ESDCHECKLOOP failed
W/SignalStrength(  576): SignalStrength before validate=SignalStrength: 14 0 -1 -1 -1 -1 -1 99 -32767 -32767 -32767 -32767 cdma
W/SignalStrength(  576): SignalStrength after validate=SignalStrength: 14 0 -120 -160 -120 -1 -1 99 2147483647 2147483647 2147483647 2147483647 cdma
D/DebugPowerManagerService(  373): setPowerState call from TimeoutTask() 
D/PowerManagerService(  373): setPowerState: mPowerState=0x1 newState=0x0 noChangeLights=false reason=3
I/DebugPowerManagerService(  373): Setting screen brightness: 0
D/DebugPowerManagerService(  373): TimeoutTask : dim(1) or bright  0
I/DebugPowerManagerService(  373): Set LCD brightness: 16/brightnessMode: 0
I/DebugPowerManagerService(  373): Set LCD brightness: 13/brightnessMode: 0
I/DebugPowerManagerService(  373): Set LCD brightness: 10/brightnessMode: 0
I/DebugPowerManagerService(  373): Set LCD brightness: 6/brightnessMode: 0
I/DebugPowerManagerService(  373): Set LCD brightness: 3/brightnessMode: 0
D/KeyguardViewMediator(  373): onScreenTurnedOff(3)
D/KeyguardViewMediator(  373): notifyScreenOffLocked
D/KeyguardViewMediator(  373): setting alarm to turn off keyguard, seq = 200
I/DebugPowerManagerService(  373): Set LCD brightness: 0/brightnessMode: 0
I/DebugPowerManagerService(  373): Set screen state: false
I/DebugPowerManagerService(  373): Set screen state ==> err :  0  , mUseSoftwareAutoBrightness: false
I/DebugPowerManagerService(  373): sendNotificationLocked: false , why: 3
I/DebugPowerManagerService(  373): mSkippedScreenOn ==> false , index : 0
D/KeyguardViewMediator(  373): handleNotifyScreenOff
D/KeyguardViewManager(  373): onScreenTurnedOff()
E/msm7627a.hwcomposer(  137): hwc_set invalid list or module
I/CpuGovernorService(  373): intent action: android.intent.action.SCREEN_OFF
V/AudioFlinger(  140): setParameters(): io 0, keyvalue screen_state=off, tid 140, calling tid 373
E/AudioHardwareMSM76XXA(  140): setParameters() screen_state=off
D/MusicStatusBarControl(  462): BroadcastReceiver()
V/FASTDORMANCY(  576): [UNKNOWN] intent received :android.intent.action.SCREEN_OFF
D/WifiOffDelayIfNotUsed(  373): ACTION_SCREEN_OFF
D/WifiOffDelayIfNotUsed(  373): stopMonitoring
D/WifiService(  373): [wo0gi-dbg] setDriverStartfalse
D/WifiStateMachine(  373): [wo0gi-dbg] acquire wakelock
D/WifiStateMachine(  373): [wo0gi-dbg] Not IN_ECM_STATE. send CMD_DELAYED_STOP_DRIVER
D/wpa_supplicant(21344): Scan requested (ret=0) - scan timeout 30 seconds
D/wpa_supplicant(21344): nl80211: Event message available
D/wpa_supplicant(21344): nl80211: Scan trigger
D/wpa_supplicant(21344): nl80211: Event message available
D/wpa_supplicant(21344): nl80211: New scan results available
D/wpa_supplicant(21344): nl80211: Received scan results (18 BSSes)
D/wpa_supplicant(21344): nl80211: Survey data missing
I/dun_service(  155): process rmnet event
D/Tethering(  373): interfaceLinkStateChanged wlan0, false
D/Tethering(  373): interfaceStatusChanged wlan0, false
D/NetdConnector(  373): RCV <- {600 Iface linkstate wlan0 down}
I/dun_service(  155): received event: DUN_EVENT_RMNET_DOWN 
I/dun_service(  155): received event(DUN_EVENT_RMNET_DOWN) in state(DUN_STATE_USB_UNPLUG)
I/dun_service(  155): Ignoring the event DUN_EVENT_RMNET_DOWN in USB_UNPLUG_STATE
I/dun_service(  155): Moved to state(DUN_STATE_USB_UNPLUG)
D/wpa_supplicant(21344): Add randomness: count=6386 entropy=1001
D/wpa_supplicant(21344): Add randomness: count=6387 entropy=1001
D/wpa_supplicant(21344): Add randomness: count=6388 entropy=1001
D/wpa_supplicant(21344): Add randomness: count=6389 entropy=1001
D/wpa_supplicant(21344): Add randomness: count=6390 entropy=1001
D/wpa_supplicant(21344): Add randomness: count=6391 entropy=1001
D/wpa_supplicant(21344): Add randomness: count=6392 entropy=1001
D/wpa_supplicant(21344): Add randomness: count=6393 entropy=1001
D/wpa_supplicant(21344): Add randomness: count=6394 entropy=1001
D/wpa_supplicant(21344): Add randomness: count=6395 entropy=1001
D/wpa_supplicant(21344): RTM_NEWLINK: operstate=0 ifi_flags=0x1003 ([UP])
D/wpa_supplicant(21344): RTM_NEWLINK, IFLA_IFNAME: Interface 'wlan0' added
D/KeyguardViewMediator(  373): received DELAYED_KEYGUARD_ACTION with seq = 200, mDelayedShowingSequence = 200
D/KeyguardViewMediator(  373): isLTEVTActive() result = 
D/KeyguardUpdateMonitor(  373): isHdmiPluggedIn :false
D/KeyguardViewMediator(  373): doKeyguard: showing the lock screen
E/msm7627a.gralloc(  137): ERROR FBIOGET_ESDCHECKLOOP failed
D/KeyguardViewMediator(  373): showLocked
D/KeyguardViewMediator(  373): handleShow
D/KeyguardViewManager(  373): show(); mKeyguardView==null
D/KeyguardViewManager(  373): Rotation sensor for lock screen Off!
D/KeyguardViewManager(  373): keyguard view is null, creating it...
D/LockPatternKeyguardView(  373): phone state: 0
V/LockPatternKeyguardView(  373): createLgeLockScreen...
D/LgeLockScreen(  373): LgeLockScreen()
D/LgeLockScreen(  373): mCreationOrientation : 2, Theme : 0
V/LgeKeyguardStatusView(  373): LgeKeyguardStatusViewManager()
D/LgeDigitalClock(  373): java.util.GregorianCalendar[time=1374608601293,areFieldsSet=true,lenient=true,zone=Europe/Warsaw,firstDayOfWeek=2,minimalDaysInFirstWeek=4,ERA=1,YEAR=2013,MONTH=6,WEEK_OF_YEAR=30,WEEK_OF_MONTH=4,DAY_OF_MONTH=23,DAY_OF_YEAR=204,DAY_OF_WEEK=3,DAY_OF_WEEK_IN_MONTH=4,AM_PM=1,HOUR=9,HOUR_OF_DAY=21,MINUTE=43,SECOND=21,MILLISECOND=293,ZONE_OFFSET=3600000,DST_OFFSET=3600000]
D/LgeKeyguardStatusView(  373): onInflate
D/UpdateKeyguradStatusFactory(  373): Country= EU Carrier= OPEN
V/LgeKeyguardStatusView(  373): updateStatusLines(false)
I/LgeKeyguardStatusView(  373): dual= false single= false total= false
D/LgeKeyguardStatusView(  373): updateCarrierTextWithSimStatus(), simState = null
D/LgeKeyguardStatusView(  373): updateCarrierTextWithSimStatus(), mStatus = Normal
D/LgeKeyguardStatusView(  373): updateCarrierTextWithSimStatus(), mPlmn = null SPN=PLAY
V/LgeKeyguardStatusView(  373): updateStatusLines(false)
V/LgeKeyguardStatusView(  373): updateStatusLines(false)
I/LgeKeyguardStatusView(  373): dual= false single= false total= false
D/LgeKeyguardStatusView(  373): updateCarrierTextWithSimStatus(), simState = READY
D/LgeKeyguardStatusView(  373): updateCarrierTextWithSimStatus(), mStatus = Normal
D/LgeKeyguardStatusView(  373): updateCarrierTextWithSimStatus(), mPlmn = null SPN=PLAY
V/LgeKeyguardStatusView(  373): updateStatusLines(false)
V/LgeKeyguardStatusView(  373): updateStatusLines(false)
I/LgeKeyguardStatusView(  373): dual= false single= false total= false
V/LgeKeyguardStatusView(  373): updateStatusLines(true)
D/LgeKeyguardStatusView(  373): LockScreen : 1
D/LockDragLayer(  373): ping()
V/LgeLockScreen(  373): *** LgeLockScreen accel is off
D/LgeLockScreen(  373): onHdmiPlugStateChanged(false)
D/KeyguardModel(  373): registerShortcutListListener()
D/LockDragLayer(  373): onShortcutListChanged...
D/wpa_supplicant(21344): wpa_driver_nl80211_set_operstate: operstate 0->0 (DORMANT)
D/wpa_supplicant(21344): netlink: Operstate: linkmode=-1, operstate=5
D/wpa_supplicant(21344): EAPOL: External notification - portEnabled=0
D/wpa_supplicant(21344): EAPOL: Supplicant port status: Unauthorized
D/wpa_supplicant(21344): EAPOL: External notification - portValid=0
D/wpa_supplicant(21344): EAPOL: Supplicant port status: Unauthorized
D/wpa_supplicant(21344): EAPOL: External notification - EAP success=0
D/wpa_supplicant(21344): EAPOL: Supplicant port status: Unauthorized
D/Tethering(  373): interfaceLinkStateChanged wlan0, false
D/Tethering(  373): interfaceStatusChanged wlan0, false
I/dun_service(  155): process rmnet event
I/dun_service(  155): received event: DUN_EVENT_RMNET_DOWN 
I/dun_service(  155): received event(DUN_EVENT_RMNET_DOWN) in state(DUN_STATE_USB_UNPLUG)
I/dun_service(  155): Ignoring the event DUN_EVENT_RMNET_DOWN in USB_UNPLUG_STATE
I/dun_service(  155): Moved to state(DUN_STATE_USB_UNPLUG)
I/wpa_supplicant(21344): wlan0: CTRL-EVENT-DRIVER-STATE STOPPED
D/NetdConnector(  373): RCV <- {600 Iface linkstate wlan0 down}
D/WifiStateMachine(  373): [wo0gi-dbg] release wakelock
D/wpa_supplicant(21344): RTM_NEWLINK: operstate=0 ifi_flags=0x1002 ()
D/wpa_supplicant(21344): nl80211: Interface down
D/wpa_supplicant(21344): wpa_driver_nl80211_set_operstate: operstate 0->0 (DORMANT)
D/wpa_supplicant(21344): netlink: Operstate: linkmode=-1, operstate=5
D/wpa_supplicant(21344): EAPOL: External notification - portEnabled=0
D/wpa_supplicant(21344): EAPOL: Supplicant port status: Unauthorized
D/wpa_supplicant(21344): EAPOL: External notification - portValid=0
D/wpa_supplicant(21344): EAPOL: Supplicant port status: Unauthorized
D/wpa_supplicant(21344): EAPOL: External notification - EAP success=0
D/wpa_supplicant(21344): EAPOL: Supplicant port status: Unauthorized
D/wpa_supplicant(21344): RTM_NEWLINK, IFLA_IFNAME: Interface 'wlan0' added
D/wpa_supplicant(21344): l2_packet_receive - recvfrom: Network is down
D/WifiStateChangeListener(12592): received broadcast intent with action: android.net.wifi.supplicant.STATE_CHANGE
D/WifiStateChangeListener(12592): isConnected: false
D/WifiStateChangeListener(12592): use_wifi_sync is: false
D/WifiStateChangeListener(12592): received broadcast intent with action: android.net.wifi.supplicant.STATE_CHANGE
D/WifiStateChangeListener(12592): isConnected: false
D/WifiStateChangeListener(12592): use_wifi_sync is: false
D/KeyguardModel(  373): registerKeygrardNotificationCallback()
W/LockPatternKeyguardView(  373): Couldn't find transport control widget
I/ActivityManager(  373): Start proc com.google.android.gsf.login for service com.google.android.gsf.login/com.google.android.gsf.loginservice.GoogleLoginService: pid=12906 uid=10014 gids={3003, 1015, 1007, 1006, 2001, 3006}
D/KeyguardViewMediator(  373): adjustUserActivityLocked mShowing: true mHidden: false
D/KeyguardViewMediator(  373): adjustStatusBarLocked: mShowing=true mHidden=false isSecure=false --> flags=0x1000000
D/PhoneStatusBar(  462): disable: < expand icons alerts ticker system_info back home RECENT* clock >
I/WindowManager(  373): SCREENLAYOUT_SIZE (1:small, 2:normal, 3:large, 4:xlarge) 2
I/ActivityManager(  373): Config changed: {1.0 -1fontTypeIndex260mcc6mnc pl_PL layoutdir=0 sw320dp w320dp h455dp nrml port finger -keyb/v/h -nav/h s.142}
D/PhoneApp(  576): updateProximitySensorMode: state = IDLE
D/PhoneApp(  576): - isOtaCallInActiveState false
D/PhoneApp(  576): getProximitySendor(set=true)...
D/PhoneApp(  576): updateProximitySensorMode: lock already released.
D/memalloc(12777): /dev/pmem: Unmapping buffer base:0x51937000 size:675840 offset:61440
D/memalloc(12777): /dev/pmem: Unmapping buffer base:0x51f64000 size:1290240 offset:675840
D/memalloc(12777): /dev/pmem: Unmapping buffer base:0x5209f000 size:1904640 offset:1290240
D/memalloc(  137): /dev/pmem: Freeing buffer base:0x419b0000 size:614400 offset:61440 fd:36
D/memalloc(  137): /dev/pmem: Freeing buffer base:0x41adc000 size:614400 offset:1290240 fd:24
I/[LGHome]EVENT(  640): [LauncherModel.java:912:onReceive()]onReceive intent=Intent { act=android.intent.action.CONFIGURATION_CHANGED flg=0x60000010 }
D/[brighthy_log](  576): [BRIGHTHY] Enter ACTION_CONFIGURATION_CHANGED
W/TextView(  373): Selection Mode is null
W/TextView(  373): Selection Mode is null
W/TextView(  373): Selection Mode is null
W/TextView(  373): Selection Mode is null
W/TextView(  373): Selection Mode is null
W/TextView(  373): Selection Mode is null
W/TextView(  373): Selection Mode is null
W/TextView(  373): Selection Mode is null
W/TextView(  373): Selection Mode is null
W/TextView(  373): Selection Mode is null
W/TextView(  373): Selection Mode is null
W/TextView(  373): Selection Mode is null
W/TextView(  373): Selection Mode is null
W/TextView(  373): Selection Mode is null
W/TextView(  373): Selection Mode is null
W/TextView(  373): Selection Mode is null
W/TextView(  373): Selection Mode is null
W/TextView(  373): Selection Mode is null
W/TextView(  373): Selection Mode is null
W/TextView(  373): Selection Mode is null
W/TextView(  373): Selection Mode is null
W/TextView(  373): Selection Mode is null
D/memalloc(  137): /dev/pmem: Freeing buffer base:0x41a46000 size:614400 offset:675840 fd:45
D/LockPatternKeyguardView(  373): focused
D/LgeLockScreen(  373): OnPause()
V/LgeKeyguardStatusView(  373): onPause()
V/LockDragLayer(  373): reset() : resets state to STATE_RESET_LOCK
D/LgeLockScreen(  373): cleanUp()
D/LgeKeyguardStatusView(  373): LockScreen : 0
W/TextView(  462): Selection Mode is null
W/TextView(  462): Selection Mode is null
W/TextView(  462): Selection Mode is null
W/TextView(  462): Selection Mode is null
W/TextView(  462): Selection Mode is null
W/TextView(  462): Selection Mode is null
W/TextView(  462): Selection Mode is null
W/TextView(  462): Selection Mode is null
W/TextView(  462): Selection Mode is null
W/TextView(  462): Selection Mode is null
W/TextView(  462): Selection Mode is null
W/TextView(  462): Selection Mode is null
W/TextView(  462): Selection Mode is null
W/TextView(  462): Selection Mode is null
W/TextView(  462): Selection Mode is null
W/TextView(  462): Selection Mode is null
W/TextView(  462): Selection Mode is null
W/TextView(  462): Selection Mode is null
W/TextView(  462): Selection Mode is null
W/TextView(  462): Selection Mode is null
W/TextView(  462): Selection Mode is null
W/TextView(  462): Selection Mode is null
W/TextView(  462): Selection Mode is null
W/TextView(  462): Selection Mode is null
W/TextView(  462): Selection Mode is null
W/TextView(  462): Selection Mode is null
W/TextView(  462): Selection Mode is null
V/LockPatternKeyguardView(  373): createLgeLockScreen...
D/LgeLockScreen(  373): LgeLockScreen()
D/LgeLockScreen(  373): mCreationOrientation : 1, mTheme : 0
W/TextView(  462): Selection Mode is null
W/TextView(  462): Selection Mode is null
W/TextView(  462): Selection Mode is null
W/TextView(  462): Selection Mode is null
W/TextView(  462): Selection Mode is null
W/TextView(  462): Selection Mode is null
W/TextView(  462): Selection Mode is null
W/TextView(  462): Selection Mode is null
W/TextView(  462): Selection Mode is null
W/TextView(  462): Selection Mode is null
W/TextView(  462): Selection Mode is null
W/TextView(  462): Selection Mode is null
W/TextView(  462): Selection Mode is null
W/TextView(  462): Selection Mode is null
W/TextView(  462): Selection Mode is null
W/TextView(  462): Selection Mode is null
W/TextView(  462): Selection Mode is null
W/TextView(  462): Selection Mode is null
W/TextView(  462): Selection Mode is null
W/TextView(  462): Selection Mode is null
W/TextView(  462): Selection Mode is null
W/TextView(  462): Selection Mode is null
W/TextView(  462): Selection Mode is null
W/TextView(  462): Selection Mode is null
W/SignalStrength(  462): charels mCountryCode: mOperatorCode EUOPEN
W/SignalStrength(  462): [BRIGHTHY] 0. mDataNetType: 8
W/SignalStrength(  462): getGsmLevel=4
W/SignalStrength(  462): getLevel=4
D/StatusBar.NetworkController(  462): refreshViews connected={ } level=4 combinedSignalIconId=0x7f02024e/com.android.systemui:drawable/stat_sys_signal_4_fully combinedActivityIconId=0x0 mAirplaneMode=false mDataActivity=0 mPhoneSignalIconId=0x7f02024e mDataDirectionIconId=0x0 mDataSignalIconId=0x7f02024e mDataTypeIconId=0x0 mNoSimIconId=0x0 mWifiIconId=0x7f020285 mBluetoothTetherIconId=0x1080563
D/PhoneStatusBar(  462): disable: < expand icons alerts ticker system_info BACK* HOME* RECENT clock >
D/memalloc(  137): /dev/pmem: Allocated buffer base:0x419a1000 size:40960 offset:5406720 fd:24
D/memalloc(  137): /dev/pmem: Freeing buffer base:0x419a1000 size:61440 offset:0 fd:27
D/memalloc(  462): /dev/pmem: Unmapping buffer base:0x50fd2000 size:61440 offset:0
D/memalloc(  462): /dev/pmem: Mapped buffer base:0x5452c000 size:5447680 offset:5406720 fd:64
D/QuickSettings(  462): updateAllButtons()
V/LgeKeyguardStatusView(  373): LgeKeyguardStatusViewManager()
D/LgeDigitalClock(  373): java.util.GregorianCalendar[time=1374608601845,areFieldsSet=true,lenient=true,zone=Europe/Warsaw,firstDayOfWeek=2,minimalDaysInFirstWeek=4,ERA=1,YEAR=2013,MONTH=6,WEEK_OF_YEAR=30,WEEK_OF_MONTH=4,DAY_OF_MONTH=23,DAY_OF_YEAR=204,DAY_OF_WEEK=3,DAY_OF_WEEK_IN_MONTH=4,AM_PM=1,HOUR=9,HOUR_OF_DAY=21,MINUTE=43,SECOND=21,MILLISECOND=845,ZONE_OFFSET=3600000,DST_OFFSET=3600000]
D/LgeKeyguardStatusView(  373): onInflate
D/UpdateKeyguradStatusFactory(  373): Country= EU Carrier= OPEN
V/LgeKeyguardStatusView(  373): updateStatusLines(false)
I/LgeKeyguardStatusView(  373): dual= false single= false total= false
D/LgeKeyguardStatusView(  373): updateCarrierTextWithSimStatus(), simState = null
D/LgeKeyguardStatusView(  373): updateCarrierTextWithSimStatus(), mStatus = Normal
D/LgeKeyguardStatusView(  373): updateCarrierTextWithSimStatus(), mPlmn = null SPN=PLAY
V/LgeKeyguardStatusView(  373): updateStatusLines(false)
V/LgeKeyguardStatusView(  373): updateStatusLines(false)
I/LgeKeyguardStatusView(  373): dual= false single= false total= false
D/LgeKeyguardStatusView(  373): updateCarrierTextWithSimStatus(), simState = READY
D/LgeKeyguardStatusView(  373): updateCarrierTextWithSimStatus(), mStatus = Normal
D/LgeKeyguardStatusView(  373): updateCarrierTextWithSimStatus(), mPlmn = null SPN=PLAY
V/LgeKeyguardStatusView(  373): updateStatusLines(false)
V/LgeKeyguardStatusView(  373): updateStatusLines(false)
I/LgeKeyguardStatusView(  373): dual= false single= false total= false
V/LgeKeyguardStatusView(  373): updateStatusLines(true)
D/LgeKeyguardStatusView(  373): LockScreen : 1
D/LockDragLayer(  373): ping()
V/LgeLockScreen(  373): *** LgeLockScreen accel is off
D/LgeLockScreen(  373): onHdmiPlugStateChanged(false)
D/KeyguardModel(  373): registerShortcutListListener()
D/LockDragLayer(  373): onShortcutListChanged...
D/QuickSettings(  462): setGPSButton()
D/QuickSettings(  462): setAirplaneButton!!!
D/QuickSettings(  462): setHotspotButton:: !!!
W/LockPatternKeyguardView(  373): no unlock screen when trying to enable fallback
D/memalloc(  137): /dev/pmem: Allocated buffer base:0x419a1000 size:40960 offset:0 fd:27
D/memalloc(  137): /dev/pmem: Freeing buffer base:0x41eba000 size:61440 offset:5345280 fd:33
D/memalloc(  462): /dev/pmem: Unmapping buffer base:0x522a0000 size:5406720 offset:5345280
D/memalloc(  462): /dev/pmem: Mapped buffer base:0x50fd2000 size:40960 offset:0 fd:70
D/KeyguardModel(  373): registerKeygrardNotificationCallback()
W/LockPatternKeyguardView(  373): Couldn't find transport control widget
D/memalloc(  137): /dev/pmem: Allocated buffer base:0x419a1000 size:614400 offset:40960 fd:33
D/memalloc(12777): /dev/pmem: Mapped buffer base:0x51d82000 size:655360 offset:40960 fd:40
D/memalloc(  137): /dev/pmem: Allocated buffer base:0x419a1000 size:614400 offset:655360 fd:36
D/memalloc(  373): /dev/pmem: Mapped buffer base:0x56188000 size:1269760 offset:655360 fd:207
D/memalloc(  137): /dev/pmem: Allocated buffer base:0x419a1000 size:614400 offset:1269760 fd:39
D/memalloc(12777): /dev/pmem: Mapped buffer base:0x51f64000 size:1884160 offset:1269760 fd:46
D/memalloc(  137): /dev/pmem: Allocated buffer base:0x419a1000 size:614400 offset:1884160 fd:45
D/memalloc(12777): /dev/pmem: Mapped buffer base:0x52426000 size:2498560 offset:1884160 fd:49
I/ActivityManager(  373): Process com.google.zxing.client.android (pid 12790) has died.
E/msm7627a.gralloc(  137): ERROR FBIOGET_ESDCHECKLOOP failed
W/WindowManager(  373): App freeze timeout expired.
D/DebugPowerManagerService(  373): setPowerState call from TimeoutTask() 
D/PowerManagerService(  373): setPowerState: mPowerState=0x0 newState=0x0 noChangeLights=false reason=3
D/DebugPowerManagerService(  373): TimeoutTask : dim(1) or bright  0
E/msm7627a.gralloc(  137): ERROR FBIOGET_ESDCHECKLOOP failed
E/msm7627a.gralloc(  137): ERROR FBIOGET_ESDCHECKLOOP failed
E/msm7627a.gralloc(  137): ERROR FBIOGET_ESDCHECKLOOP failed
E/msm7627a.gralloc(  137): ERROR FBIOGET_ESDCHECKLOOP failed
W/ThrottleService(  373): unable to find stats for iface rmnet0
E/msm7627a.gralloc(  137): ERROR FBIOGET_ESDCHECKLOOP failed
E/msm7627a.gralloc(  137): ERROR FBIOGET_ESDCHECKLOOP failed
D/KeyguardUpdateMonitor(  373): received broadcast android.intent.action.TIME_TICK
D/KeyguardUpdateMonitor(  373): handleTimeUpdate
D/memalloc(  137): /dev/pmem: Allocated buffer base:0x419a1000 size:614400 offset:2498560 fd:48
D/memalloc(  373): /dev/pmem: Mapped buffer base:0x56ecb000 size:3112960 offset:2498560 fd:284
E/msm7627a.gralloc(  137): ERROR FBIOGET_ESDCHECKLOOP failed
I/ActivityManager(  373): Start proc com.google.android.apps.maps:LocationFriendService for service com.google.android.apps.maps/com.google.googlenav.friend.reporting.LocationReceiverService: pid=12950 uid=10010 gids={3003, 1015}
E/msm7627a.gralloc(  137): ERROR FBIOGET_ESDCHECKLOOP failed
E/msm7627a.gralloc(  137): ERROR FBIOGET_ESDCHECKLOOP failed
D/WifiOffDelayIfNotUsed(  373): setHasWifiLocks(true)
I/wpa_supplicant(21344): wlan0: CTRL-EVENT-DRIVER-STATE STARTED
D/wpa_supplicant(21344): RTM_NEWLINK: operstate=0 ifi_flags=0x1003 ([UP])
D/wpa_supplicant(21344): nl80211: Interface up
D/wpa_supplicant(21344): wpa_driver_nl80211_set_operstate: operstate 0->0 (DORMANT)
D/wpa_supplicant(21344): netlink: Operstate: linkmode=-1, operstate=5
D/wpa_supplicant(21344): RTM_NEWLINK, IFLA_IFNAME: Interface 'wlan0' added
D/wpa_supplicant(21344): wpa_driver_nl80211_set_operstate: operstate 0->0 (DORMANT)
D/wpa_supplicant(21344): netlink: Operstate: linkmode=-1, operstate=5
I/dun_service(  155): process rmnet event
D/Tethering(  373): interfaceLinkStateChanged wlan0, false
D/Tethering(  373): interfaceStatusChanged wlan0, false
I/dun_service(  155): received event: DUN_EVENT_RMNET_DOWN 
I/dun_service(  155): received event(DUN_EVENT_RMNET_DOWN) in state(DUN_STATE_USB_UNPLUG)
I/dun_service(  155): Ignoring the event DUN_EVENT_RMNET_DOWN in USB_UNPLUG_STATE
I/dun_service(  155): Moved to state(DUN_STATE_USB_UNPLUG)
D/NetdConnector(  373): RCV <- {600 Iface linkstate wlan0 down}
D/wpa_supplicant(21344): wpa_driver_nl80211_set_operstate: operstate 0->0 (DORMANT)
D/wpa_supplicant(21344): netlink: Operstate: linkmode=-1, operstate=5
D/wpa_supplicant(21344): EAPOL: External notification - portEnabled=0
D/wpa_supplicant(21344): EAPOL: Supplicant port status: Unauthorized
D/wpa_supplicant(21344): EAPOL: External notification - portValid=0
D/wpa_supplicant(21344): EAPOL: Supplicant port status: Unauthorized
D/wpa_supplicant(21344): EAPOL: External notification - EAP success=0
D/wpa_supplicant(21344): EAPOL: Supplicant port status: Unauthorized
D/wpa_supplicant(21344): Scan requested (ret=0) - scan timeout 30 seconds
D/wpa_supplicant(21344): nl80211: Event message available
D/wpa_supplicant(21344): nl80211: Scan trigger
D/wpa_supplicant(21344): Ongoing scan action - reject new request
D/WifiStateChangeListener(12592): received broadcast intent with action: android.net.wifi.supplicant.STATE_CHANGE
D/WifiStateChangeListener(12592): isConnected: false
D/WifiStateChangeListener(12592): use_wifi_sync is: false
D/wpa_supplicant(21344): nl80211: Event message available
D/wpa_supplicant(21344): nl80211: New scan results available
D/wpa_supplicant(21344): nl80211: Received scan results (20 BSSes)
D/wpa_supplicant(21344): nl80211: Survey data missing
I/dun_service(  155): process rmnet event
D/Tethering(  373): interfaceLinkStateChanged wlan0, false
D/Tethering(  373): interfaceStatusChanged wlan0, false
D/NetdConnector(  373): RCV <- {600 Iface linkstate wlan0 down}
I/dun_service(  155): received event: DUN_EVENT_RMNET_DOWN 
I/dun_service(  155): received event(DUN_EVENT_RMNET_DOWN) in state(DUN_STATE_USB_UNPLUG)
I/dun_service(  155): Ignoring the event DUN_EVENT_RMNET_DOWN in USB_UNPLUG_STATE
I/dun_service(  155): Moved to state(DUN_STATE_USB_UNPLUG)
D/wpa_supplicant(21344): Add randomness: count=6396 entropy=1001
D/wpa_supplicant(21344): Add randomness: count=6397 entropy=1001
D/wpa_supplicant(21344): Add randomness: count=6398 entropy=1001
D/wpa_supplicant(21344): Add randomness: count=6399 entropy=1001
D/wpa_supplicant(21344): Add randomness: count=6400 entropy=1001
D/wpa_supplicant(21344): Add randomness: count=6401 entropy=1001
D/wpa_supplicant(21344): Add randomness: count=6402 entropy=1001
D/wpa_supplicant(21344): Add randomness: count=6403 entropy=1001
D/wpa_supplicant(21344): Add randomness: count=6404 entropy=1001
D/wpa_supplicant(21344): Add randomness: count=6405 entropy=1001
D/wpa_supplicant(21344): wpa_driver_nl80211_set_operstate: operstate 0->0 (DORMANT)
D/wpa_supplicant(21344): netlink: Operstate: linkmode=-1, operstate=5
D/wpa_supplicant(21344): RTM_NEWLINK: operstate=0 ifi_flags=0x1003 ([UP])
D/wpa_supplicant(21344): RTM_NEWLINK, IFLA_IFNAME: Interface 'wlan0' added
D/WifiOffDelayIfNotUsed(  373): setHasWifiLocks(false)
D/WifiOffDelayIfNotUsed(  373): stopMonitoring
D/WifiService(  373): [wo0gi-dbg] setDriverStartfalse
D/WifiStateMachine(  373): [wo0gi-dbg] acquire wakelock
D/WifiStateMachine(  373): [wo0gi-dbg] Not IN_ECM_STATE. send CMD_DELAYED_STOP_DRIVER
E/msm7627a.gralloc(  137): ERROR FBIOGET_ESDCHECKLOOP failed
D/wpa_supplicant(21344): wpa_driver_nl80211_set_operstate: operstate 0->0 (DORMANT)
D/wpa_supplicant(21344): netlink: Operstate: linkmode=-1, operstate=5
D/wpa_supplicant(21344): EAPOL: External notification - portEnabled=0
D/wpa_supplicant(21344): EAPOL: Supplicant port status: Unauthorized
D/wpa_supplicant(21344): EAPOL: External notification - portValid=0
D/wpa_supplicant(21344): EAPOL: Supplicant port status: Unauthorized
D/wpa_supplicant(21344): EAPOL: External notification - EAP success=0
D/wpa_supplicant(21344): EAPOL: Supplicant port status: Unauthorized
D/NetdConnector(  373): SND -> {interface clearaddrs wlan0} {null}
D/NetdConnector(  373): RCV <- {200 Interface IP addresses cleared}
D/NetdConnector(  373): RSP <- {200 Interface IP addresses cleared}
D/NetdConnector(  373): SND -> {interface ipv6 wlan0 disable} {null}
D/NetdConnector(  373): RCV <- {200 IPv6 state changed}
D/NetdConnector(  373): RSP <- {200 IPv6 state changed}
W/SignalStrength(  462): charels mCountryCode: mOperatorCode EUOPEN
W/SignalStrength(  462): [BRIGHTHY] 0. mDataNetType: 8
W/SignalStrength(  462): getGsmLevel=4
W/SignalStrength(  462): getLevel=4
W/SignalStrength(  462): charels mCountryCode: mOperatorCode EUOPEN
W/SignalStrength(  462): [BRIGHTHY] 0. mDataNetType: 8
W/SignalStrength(  462): getGsmLevel=4
W/SignalStrength(  462): getLevel=4
I/wpa_supplicant(21344): wlan0: CTRL-EVENT-DRIVER-STATE STOPPED
D/wpa_supplicant(21344): RTM_NEWLINK: operstate=0 ifi_flags=0x1002 ()
D/wpa_supplicant(21344): nl80211: Interface down
D/wpa_supplicant(21344): wpa_driver_nl80211_set_operstate: operstate 0->0 (DORMANT)
D/wpa_supplicant(21344): netlink: Operstate: linkmode=-1, operstate=5
D/wpa_supplicant(21344): EAPOL: External notification - portEnabled=0
D/wpa_supplicant(21344): EAPOL: Supplicant port status: Unauthorized
D/wpa_supplicant(21344): EAPOL: External notification - portValid=0
D/wpa_supplicant(21344): EAPOL: Supplicant port status: Unauthorized
D/wpa_supplicant(21344): EAPOL: External notification - EAP success=0
D/wpa_supplicant(21344): EAPOL: Supplicant port status: Unauthorized
D/wpa_supplicant(21344): RTM_NEWLINK, IFLA_IFNAME: Interface 'wlan0' added
D/wpa_supplicant(21344): l2_packet_receive - recvfrom: Network is down
I/dun_service(  155): process rmnet event
I/dun_service(  155): received event: DUN_EVENT_RMNET_DOWN 
I/dun_service(  155): received event(DUN_EVENT_RMNET_DOWN) in state(DUN_STATE_USB_UNPLUG)
I/dun_service(  155): Ignoring the event DUN_EVENT_RMNET_DOWN in USB_UNPLUG_STATE
I/dun_service(  155): Moved to state(DUN_STATE_USB_UNPLUG)
D/Tethering(  373): interfaceLinkStateChanged wlan0, false
D/Tethering(  373): interfaceStatusChanged wlan0, false
D/StatusBar.NetworkController(  462): [BRIGHTHY] curNetwork=26006 curHPLMN=26006
D/StatusBar.NetworkController(  462): [BRIGHTHY]  Roaming=false
D/StatusBar.NetworkController(  462): refreshViews connected={ } level=4 combinedSignalIconId=0x7f02024e/com.android.systemui:drawable/stat_sys_signal_4_fully combinedActivityIconId=0x0 mAirplaneMode=false mDataActivity=0 mPhoneSignalIconId=0x7f02024e mDataDirectionIconId=0x0 mDataSignalIconId=0x7f02024e mDataTypeIconId=0x0 mNoSimIconId=0x0 mWifiIconId=0x7f020285 mBluetoothTetherIconId=0x1080563
D/NetdConnector(  373): RCV <- {600 Iface linkstate wlan0 down}
D/WifiStateMachine(  373): [wo0gi-dbg] release wakelock
D/WifiStateChangeListener(12592): received broadcast intent with action: android.net.wifi.STATE_CHANGE
D/WifiStateChangeListener(12592): isConnected: false
D/WifiStateChangeListener(12592): use_wifi_sync is: false
I/ActivityManager(  373): Start proc com.lge.sync for broadcast com.lge.sync/.StartReceiver: pid=12970 uid=10034 gids={1015, 3002, 3003, 1023}
I/COMPANION(12970): ====== NETWORK_STATE_CHANGED_ACTION =======
E/COMPANION(12970): [UMS]false, [WIFIUI]false, [WIFI]false, [HOTSPOT]false, [OBEXSERVICE]false
D/WifiStateChangeListener(12592): received broadcast intent with action: android.net.wifi.supplicant.STATE_CHANGE
D/WifiStateChangeListener(12592): isConnected: false
D/WifiStateChangeListener(12592): use_wifi_sync is: false
E/msm7627a.gralloc(  137): ERROR FBIOGET_ESDCHECKLOOP failed
E/msm7627a.gralloc(  137): ERROR FBIOGET_ESDCHECKLOOP failed
E/msm7627a.gralloc(  137): ERROR FBIOGET_ESDCHECKLOOP failed
E/msm7627a.gralloc(  137): ERROR FBIOGET_ESDCHECKLOOP failed
E/msm7627a.gralloc(  137): ERROR FBIOGET_ESDCHECKLOOP failed
E/msm7627a.gralloc(  137): ERROR FBIOGET_ESDCHECKLOOP failed
E/msm7627a.gralloc(  137): ERROR FBIOGET_ESDCHECKLOOP failed
E/msm7627a.gralloc(  137): ERROR FBIOGET_ESDCHECKLOOP failed
D/KeyguardUpdateMonitor(  373): received broadcast android.intent.action.TIME_TICK
D/KeyguardUpdateMonitor(  373): handleTimeUpdate
E/msm7627a.gralloc(  137): ERROR FBIOGET_ESDCHECKLOOP failed
E/WindowManager(  373): interceptKeyBeforeQueueing;;;;;keyCode : 3 down : true
D/KeyguardViewMediator(  373): onWakeKeyWhenKeyguardShowing(3)
D/KeyguardViewMediator(  373): handleWakeWhenReady(3)
D/KeyguardViewManager(  373): wakeWhenReady(3)
D/LockPatternKeyguardView(  373): onWakeKey
D/LockPatternKeyguardView(  373): poking wake lock immediately
D/KeyguardViewMediator(  373): onScreenTurnedOn, seq = 201
D/KeyguardViewMediator(  373): notifyScreenOnLocked
D/DebugPowerManagerService(  373): setPowerState call from acquireWakeLockLocked()  1
D/PowerManagerService(  373): setPowerState: mPowerState=0x0 newState=0x7 noChangeLights=false reason=3
I/DebugPowerManagerService(  373): Set screen state: true
I/PowerManagerService(  373): Forcing brightness 0: mPowerState=0x0 mSkippedScreenOn=false
I/DebugPowerManagerService(  373): Set LCD brightness: 0/brightnessMode: 0
I/DebugPowerManagerService(  373): Set screen state ==> err :  0  , mUseSoftwareAutoBrightness: false
I/DebugPowerManagerService(  373): call setscreen from setPowerState() :  0
I/DebugPowerManagerService(  373): sendNotificationLocked: true , why: -1
I/DebugPowerManagerService(  373): mSkippedScreenOn ==> false , index : 0
I/PowerManagerService(  373): Setting brightess on 67: 4
D/KeyguardViewMediator(  373): handleNotifyScreenOn
D/KeyguardViewManager(  373): onScreenTurnedOn()
D/LockPatternKeyguardView(  373): screen on
D/LgeLockScreen(  373): onResume()
V/LgeKeyguardStatusView(  373): onResume()
V/LgeKeyguardStatusView(  373): updateStatusLines(true)
D/LockDragLayer(  373): ping()
I/WindowManager(  373): SCREENLAYOUT_SIZE (1:small, 2:normal, 3:large, 4:xlarge) 2
I/WindowManager(  373): Lock screen displayed!
