W/SignalStrength(  462): getGsmLevel=3
W/SignalStrength(  462): getLevel=3
D/StatusBar.NetworkController(  462): [BRIGHTHY] curNetwork=26006 curHPLMN=26006
D/StatusBar.NetworkController(  462): [BRIGHTHY]  Roaming=false
D/StatusBar.NetworkController(  462): refreshViews connected={ } level=3 combinedSignalIconId=0x7f020246/com.android.systemui:drawable/stat_sys_signal_3_fully combinedActivityIconId=0x0 mAirplaneMode=false mDataActivity=0 mPhoneSignalIconId=0x7f020246 mDataDirectionIconId=0x0 mDataSignalIconId=0x7f020246 mDataTypeIconId=0x0 mNoSimIconId=0x0 mWifiIconId=0x7f020285 mBluetoothTetherIconId=0x1080563
D/PhoneStatusBarPolicy(  462): ACTION_SIGNAL_STRENGTH_CHANGED!!!
E/QualcommCamera(  140): Qint android::auto_focus(camera_device*): E
E/mm-camera(  140): PROFILE Camera_interface AF : 1374608746.571313528
E/mm-camera(  140): PROFILE set_parm_AF: : 1374608746.571745195
E/CAM_FD  (  140): LG_AF : vfe_util_af_start, roi_info->num_roi = 1, focusrect_sel = 1 
D/CaptureActivityHandler(13015): Got return scan result message
E/QualcommCamera(  140): Qint android::cancel_auto_focus(camera_device*): E
E/mm-camera(  140): af_process_focus_sensor: 529:Failed: Invalid AF stat from VFE: Focus = 0, NFocus = 133
E/mm-camera(  140): PROFILE Camera_interface post AF : 1374608746.964986861
E/QualcommCameraHardware(  140): native_start_ops: type 4 error Success
E/QualcommCamera(  140): Qvoid android::disable_msg_type(camera_device*, int32_t): E
E/QualcommCamera(  140): Qvoid android::disable_msg_type(camera_device*, int32_t): E
E/QualcommCamera(  140): Qvoid android::stop_preview(camera_device*): E
E/QualcommCameraHardware(  140):  Cancelling preview buffers 51 
E/QualcommCameraHardware(  140):  Cancelling preview buffers 55 
E/SurfaceTexture(  137): [SurfaceView] cancelBuffer: slot 2 is not owned by the client (state=2)
E/QualcommCameraHardware(  140):  Cancelling preview buffers 63 
E/QualcommCamera(  140): Qvoid android::disable_msg_type(camera_device*, int32_t): E
E/QualcommCameraHardware(  140):  Cancelling preview buffers 67 
E/QualcommCamera(  140): Qvoid android::disable_msg_type(camera_device*, int32_t): E
E/QualcommCamera(  140): Qvoid android::stop_preview(camera_device*): E
E/QualcommCamera(  140): Qint android::cancel_picture(camera_device*): E
E/QualcommCamera(  140): Qvoid android::release(camera_device*): E
E/CAM_FD  (  140): cam_conf: CAMERA_EXIT
E/QualcommCameraHardware(  140):  Cancelling preview buffers 71 
E/QualcommCameraHardware(  140):  Cancelling preview buffers 75 
E/SurfaceTexture(  137): [SurfaceView] cancelBuffer: slot 7 is not owned by the client (state=0)
D/memalloc(  137): /dev/pmem_adsp: Freeing buffer base:0x416d0000 size:233472 fd:48
D/memalloc(  137): /dev/pmem_adsp: Freeing buffer base:0x418b7000 size:233472 fd:54
D/memalloc(  137): /dev/pmem_adsp: Freeing buffer base:0x43fa1000 size:233472 fd:60
D/memalloc(  137): /dev/pmem_adsp: Freeing buffer base:0x4490e000 size:233472 fd:63
D/memalloc(  137): /dev/pmem_adsp: Freeing buffer base:0x449c9000 size:233472 fd:66
D/memalloc(  137): /dev/pmem_adsp: Freeing buffer base:0x44a03000 size:233472 fd:69
D/memalloc(  137): /dev/pmem_adsp: Freeing buffer base:0x44ac9000 size:233472 fd:72
D/memalloc(  137): /dev/pmem_adsp: Freeing buffer base:0x44b61000 size:233472 fd:75
W/CameraService(  140): lockIfMessageWanted(4): dropped unwanted message
E/QualcommCamera(  140): Qint android::set_preview_window(camera_device*, preview_stream_ops*): E window = 0x0
W/QualcommCameraHardware(  140):  Setting NULL preview window 
E/QualcommCamera(  140): Qint android::close_camera_device(hw_device_t*): device =0x1b0d0 E
I/QualcommCamera(  140): void android::close_Hal_obj(camera_device*): E
I/QualcommCamera(  140): void android::close_Hal_obj(camera_device*): clear hw
I/QualcommCamera(  140): void android::close_Hal_obj(camera_device*): X
V/MediaPlayerService(  140): disconnect(152) from pid 140
V/MediaPlayerService(  140): Client(152) destructor pid = 140
V/AudioSink(  140): close
V/AudioSink(  140): closeSession
V/MediaPlayerService(  140): disconnect(152) from pid 140
V/AudioFlinger(  140): releasing 2355 from 140
W/AudioFlinger(  140): session id 2355 not found for pid 140
V/MediaPlayerService(  140): disconnect(153) from pid 140
V/MediaPlayerService(  140): Client(153) destructor pid = 140
V/AudioSink(  140): close
V/AudioSink(  140): closeSession
V/MediaPlayerService(  140): disconnect(153) from pid 140
V/AudioFlinger(  140): releasing 2356 from 140
W/AudioFlinger(  140): session id 2356 not found for pid 140
I/WindowManager(  373): SCREENLAYOUT_SIZE (1:small, 2:normal, 3:large, 4:xlarge) 2
D/memalloc(  137): /dev/pmem: Allocated buffer base:0x419a1000 size:614400 offset:716800 fd:39
D/memalloc(  373): /dev/pmem: Mapped buffer base:0x55ecc000 size:1331200 offset:716800 fd:287
D/memalloc(13015): /dev/pmem: Unmapping buffer base:0x52382000 size:2560000 offset:1945600
D/memalloc(13015): /dev/pmem: Unmapping buffer base:0x525f3000 size:3174400 offset:2560000
D/memalloc(13015): /dev/pmem: Unmapping buffer base:0x51b9f000 size:716800 offset:102400
D/memalloc(  137): /dev/pmem: Freeing buffer base:0x41c12000 size:614400 offset:2560000 fd:78
D/memalloc(  137): /dev/pmem: Freeing buffer base:0x419ba000 size:614400 offset:102400 fd:27
D/memalloc(  137): /dev/pmem_adsp: Freeing buffer base:0x41968000 size:233472 fd:57
D/DebugPowerManagerService(  373): setPowerState call from userActivity() 
D/PowerManagerService(  373): setPowerState: mPowerState=0x3 newState=0x7 noChangeLights=false reason=2
I/PowerManagerService(  373): Setting brightess on 67: 4
D/DebugPowerManagerService(  373): setPowerState call from releaseWakeLockLocked()
D/PowerManagerService(  373): setPowerState: mPowerState=0x7 newState=0x7 noChangeLights=false reason=3
D/memalloc(  137): /dev/pmem: Allocated buffer base:0x419a1000 size:614400 offset:102400 fd:27
D/memalloc(  373): /dev/pmem: Mapped buffer base:0x4efc4000 size:716800 offset:102400 fd:291
D/memalloc(  137): /dev/pmem: Freeing buffer base:0x41b7c000 size:614400 offset:1945600 fd:36
D/memalloc(  137): /dev/pmem: Allocated buffer base:0x419a1000 size:614400 offset:1331200 fd:36
D/memalloc(12777): /dev/pmem: Mapped buffer base:0x51f3c000 size:1945600 offset:1331200 fd:40
D/memalloc(  137): /dev/pmem: Allocated buffer base:0x419a1000 size:614400 offset:1945600 fd:45
D/memalloc(12777): /dev/pmem: Mapped buffer base:0x52426000 size:2560000 offset:1945600 fd:46
I/ActivityManager(  373): Displayed com.brand.applicationname.android/.MainActivity: +261ms
D/memalloc(  373): /dev/pmem: Unmapping buffer base:0x55ecc000 size:1331200 offset:716800
D/memalloc(  137): /dev/pmem: Freeing buffer base:0x41a50000 size:614400 offset:716800 fd:39
D/memalloc(  373): /dev/pmem: Unmapping buffer base:0x4efc4000 size:716800 offset:102400
D/memalloc(  137): /dev/pmem: Freeing buffer base:0x419ba000 size:614400 offset:102400 fd:27
D/memalloc(  137): /dev/pmem: Allocated buffer base:0x419a1000 size:614400 offset:2560000 fd:27
D/memalloc(12777): /dev/pmem: Mapped buffer base:0x52724000 size:3174400 offset:2560000 fd:49
W/SignalStrength(  576): SignalStrength before validate=SignalStrength: 14 0 -1 -1 -1 -1 -1 99 -32767 -32767 -32767 -32767 cdma
W/SignalStrength(  576): SignalStrength after validate=SignalStrength: 14 0 -120 -160 -120 -1 -1 99 2147483647 2147483647 2147483647 2147483647 cdma
W/SignalStrength(  373): charels mCountryCode: mOperatorCode EUOPEN
W/SignalStrength(  462): charels mCountryCode: mOperatorCode EUOPEN
W/SignalStrength(  462): [BRIGHTHY] 0. mDataNetType: 8
W/SignalStrength(  462): getGsmLevel=4
W/SignalStrength(  462): getLevel=4
W/SignalStrength(  462): charels mCountryCode: mOperatorCode EUOPEN
W/SignalStrength(  373): [BRIGHTHY] 0. mDataNetType: 8
W/SignalStrength(  373): getGsmLevel=4
W/SignalStrength(  373): getLevel=4
W/SignalStrength(  462): [BRIGHTHY] 0. mDataNetType: 8
W/SignalStrength(  462): getGsmLevel=4
W/SignalStrength(  462): getLevel=4
W/SignalStrength(  462): charels mCountryCode: mOperatorCode EUOPEN
W/SignalStrength(  462): [BRIGHTHY] 0. mDataNetType: 8
W/SignalStrength(  462): getGsmLevel=4
W/SignalStrength(  462): getLevel=4
D/StatusBar.NetworkController(  462): onSignalStrengthsChanged signalStrength=SignalStrength: 14 0 -120 -160 -120 -1 -1 99 2147483647 2147483647 2147483647 2147483647 gsm|lte level=4
D/StatusBar.NetworkController(  462): [BRIGHTHY] curNetwork=26006 curHPLMN=26006
D/StatusBar.NetworkController(  462): [BRIGHTHY]  Roaming=false
D/PhoneStatusBarPolicy(  462): ACTION_SIGNAL_STRENGTH_CHANGED!!!
D/StatusBar.NetworkController(  462): refreshViews connected={ } level=4 combinedSignalIconId=0x7f02024e/com.android.systemui:drawable/stat_sys_signal_4_fully combinedActivityIconId=0x0 mAirplaneMode=false mDataActivity=0 mPhoneSignalIconId=0x7f02024e mDataDirectionIconId=0x0 mDataSignalIconId=0x7f02024e mDataTypeIconId=0x0 mNoSimIconId=0x0 mWifiIconId=0x7f020285 mBluetoothTetherIconId=0x1080563
D/DebugPowerManagerService(  373): setPowerState call from TimeoutTask() 
D/PowerManagerService(  373): setPowerState: mPowerState=0x7 newState=0x3 noChangeLights=false reason=3
I/PowerManagerService(  373): Setting brightess off: 4
D/DebugPowerManagerService(  373): TimeoutTask : dim(1) or bright  3
D/wpa_supplicant(21344): Scan requested (ret=0) - scan timeout 30 seconds
D/wpa_supplicant(21344): nl80211: Event message available
D/wpa_supplicant(21344): nl80211: Scan trigger
