--------- beginning of /dev/log/system
D/StatusBar.NetworkController(  462): onSignalStrengthsChanged signalStrength=SignalStrength: 12 0 -120 -160 -120 -1 -1 99 2147483647 2147483647 2147483647 2147483647 gsm|lte level=4
D/StatusBar.NetworkController(  462): [BRIGHTHY] curNetwork=26006 curHPLMN=26006
D/StatusBar.NetworkController(  462): [BRIGHTHY]  Roaming=false
D/StatusBar.NetworkController(  462): refreshViews connected={ } level=4 combinedSignalIconId=0x7f02024e/com.android.systemui:drawable/stat_sys_signal_4_fully combinedActivityIconId=0x0 mAirplaneMode=false mDataActivity=0 mPhoneSignalIconId=0x7f02024e mDataDirectionIconId=0x0 mDataSignalIconId=0x7f02024e mDataTypeIconId=0x0 mNoSimIconId=0x0 mWifiIconId=0x7f020285 mBluetoothTetherIconId=0x1080563
D/NetdConnector(  373): RCV <- {600 Iface linkstate wlan0 down}
D/DebugPowerManagerService(  373): setPowerState call from TimeoutTask() 
D/PowerManagerService(  373): setPowerState: mPowerState=0x3 newState=0x1 noChangeLights=false reason=3
I/DebugPowerManagerService(  373): Setting screen brightness: 20
D/DebugPowerManagerService(  373): TimeoutTask : dim(1) or bright  1
I/DebugPowerManagerService(  373): Set LCD brightness: 63/brightnessMode: 0
I/DebugPowerManagerService(  373): Set LCD brightness: 60/brightnessMode: 0
I/DebugPowerManagerService(  373): Set LCD brightness: 57/brightnessMode: 0
I/DebugPowerManagerService(  373): Set LCD brightness: 54/brightnessMode: 0
I/DebugPowerManagerService(  373): Set LCD brightness: 51/brightnessMode: 0
I/DebugPowerManagerService(  373): Set LCD brightness: 48/brightnessMode: 0
I/DebugPowerManagerService(  373): Set LCD brightness: 45/brightnessMode: 0
I/DebugPowerManagerService(  373): Set LCD brightness: 41/brightnessMode: 0
I/DebugPowerManagerService(  373): Set LCD brightness: 38/brightnessMode: 0
I/DebugPowerManagerService(  373): Set LCD brightness: 35/brightnessMode: 0
I/DebugPowerManagerService(  373): Set LCD brightness: 32/brightnessMode: 0
I/DebugPowerManagerService(  373): Set LCD brightness: 29/brightnessMode: 0
I/DebugPowerManagerService(  373): Set LCD brightness: 26/brightnessMode: 0
I/DebugPowerManagerService(  373): Set LCD brightness: 23/brightnessMode: 0
I/DebugPowerManagerService(  373): Set LCD brightness: 20/brightnessMode: 0
I/ActivityManager(  373): Start proc com.android.settings for service com.android.settings/.powersave.PowerSaveService: pid=10180 uid=1000 gids={1015, 3002, 3001, 1007, 3003, 4002, 1006, 1023, 1004, 2002, 3007}
I/ActivityManager(  373): Process com.google.android.apps.plus (pid 9782) has died.
I/PowerUI (  462): intent: Intent { act=android.intent.action.BATTERY_CHANGED flg=0x60000010 (has extras) }
D/PowerUI (  462): buckets   .....20 .. 16 .. 5
D/PowerUI (  462): level          59 --> 60
D/PowerUI (  462): status         2 --> 2
D/PowerUI (  462): plugType       2 --> 2
D/PowerUI (  462): invalidCharger 0 --> 0
D/PowerUI (  462): bucket         1 --> 1
D/PowerUI (  462): plugged        true --> true
D/DebugPowerManagerService(  373): setPowerState call from TimeoutTask() 
D/PowerManagerService(  373): setPowerState: mPowerState=0x1 newState=0x0 noChangeLights=false reason=3
I/DebugPowerManagerService(  373): Setting screen brightness: 0
D/DebugPowerManagerService(  373): TimeoutTask : dim(1) or bright  0
I/DebugPowerManagerService(  373): Set LCD brightness: 16/brightnessMode: 0
I/DebugPowerManagerService(  373): Set LCD brightness: 13/brightnessMode: 0
I/DebugPowerManagerService(  373): Set LCD brightness: 10/brightnessMode: 0
I/DebugPowerManagerService(  373): Set LCD brightness: 6/brightnessMode: 0
I/DebugPowerManagerService(  373): Set LCD brightness: 3/brightnessMode: 0
I/DebugPowerManagerService(  373): Set LCD brightness: 0/brightnessMode: 0
I/DebugPowerManagerService(  373): Set screen state: false
I/DebugPowerManagerService(  373): Set screen state ==> err :  0  , mUseSoftwareAutoBrightness: false
I/DebugPowerManagerService(  373): sendNotificationLocked: false , why: 3
I/DebugPowerManagerService(  373): mSkippedScreenOn ==> false , index : 0
D/WifiService(  373): [wo0gi-dbg] setDriverStartfalse
D/WifiStateMachine(  373): [wo0gi-dbg] acquire wakelock
D/WifiStateMachine(  373): [wo0gi-dbg] Not IN_ECM_STATE. send CMD_DELAYED_STOP_DRIVER
I/ActivityManager(  373): Start proc com.lge.sizechangable.finance for service com.lge.sizechangable.finance/.FinanceService: pid=10202 uid=10009 gids={3003}
D/WifiStateMachine(  373): [wo0gi-dbg] release wakelock
D/NetdConnector(  373): RCV <- {600 Iface linkstate wlan0 down}
D/PhoneStatusBar(  462): disable: < expand icons alerts ticker system_info back home RECENT* clock >
D/PhoneStatusBar(  462): disable: < expand icons alerts ticker system_info BACK* HOME* RECENT clock >
I/ActivityManager(  373): Process com.android.gallery3d (pid 9939) has died.
D/DebugPowerManagerService(  373): setPowerState call from TimeoutTask() 
D/PowerManagerService(  373): setPowerState: mPowerState=0x0 newState=0x0 noChangeLights=false reason=3
D/DebugPowerManagerService(  373): TimeoutTask : dim(1) or bright  0
I/ActivityManager(  373): Start proc com.android.email for service com.android.email/.service.AttachmentDownloadService: pid=10223 uid=10029 gids={3003, 1015}
I/ActivityManager(  373): Start proc com.android.exchange for service com.android.exchange/.ExchangeService: pid=10238 uid=10030 gids={3003, 1015}
I/ActivityManager(  373): Process com.lge.appbox.client (pid 9922) has died.
D/DebugPowerManagerService(  373): setPowerState call from acquireWakeLockLocked()  1
D/PowerManagerService(  373): setPowerState: mPowerState=0x0 newState=0x7 noChangeLights=false reason=3
I/DebugPowerManagerService(  373): Set screen state: true
I/PowerManagerService(  373): Forcing brightness 0: mPowerState=0x0 mSkippedScreenOn=false
I/DebugPowerManagerService(  373): Set LCD brightness: 0/brightnessMode: 0
I/DebugPowerManagerService(  373): Set screen state ==> err :  0  , mUseSoftwareAutoBrightness: false
I/DebugPowerManagerService(  373): call setscreen from setPowerState() :  0
I/DebugPowerManagerService(  373): sendNotificationLocked: true , why: -1
I/DebugPowerManagerService(  373): mSkippedScreenOn ==> false , index : 0
I/PowerManagerService(  373): Setting brightess on 67: 4
I/WindowManager(  373): Lock screen displayed!
I/DebugPowerManagerService(  373): Setting screen brightness: 67
I/DebugPowerManagerService(  373): Set LCD brightness: 67/brightnessMode: 0
D/StatusBar.NetworkController(  462): onSignalStrengthsChanged signalStrength=SignalStrength: 10 0 -120 -160 -120 -1 -1 99 2147483647 2147483647 2147483647 2147483647 gsm|lte level=3
D/StatusBar.NetworkController(  462): [BRIGHTHY] curNetwork=26006 curHPLMN=26006
D/StatusBar.NetworkController(  462): [BRIGHTHY]  Roaming=false
D/StatusBar.NetworkController(  462): refreshViews connected={ } level=3 combinedSignalIconId=0x7f020246/com.android.systemui:drawable/stat_sys_signal_3_fully combinedActivityIconId=0x0 mAirplaneMode=false mDataActivity=0 mPhoneSignalIconId=0x7f020246 mDataDirectionIconId=0x0 mDataSignalIconId=0x7f020246 mDataTypeIconId=0x0 mNoSimIconId=0x0 mWifiIconId=0x7f020285 mBluetoothTetherIconId=0x1080563
D/NetdConnector(  373): RCV <- {600 Iface linkstate wlan0 down}
D/NetdConnector(  373): RCV <- {600 Iface linkstate wlan0 down}
D/DebugPowerManagerService(  373): setPowerState call from acquireWakeLockLocked()  1
D/PowerManagerService(  373): setPowerState: mPowerState=0x7 newState=0x7 noChangeLights=false reason=3
D/PhoneStatusBar(  462): disable: < expand icons alerts ticker system_info BACK HOME recent* clock >
D/DebugPowerManagerService(  373): setPowerState call from userActivity() 
D/PowerManagerService(  373): setPowerState: mPowerState=0x7 newState=0x7 noChangeLights=true reason=2
D/DebugPowerManagerService(  373): setPowerState call from releaseWakeLockLocked()
D/PowerManagerService(  373): setPowerState: mPowerState=0x7 newState=0x7 noChangeLights=false reason=3
D/PhoneStatusBar(  462): disable: < expand icons alerts ticker system_info back* home* recent clock >
W/InputManagerService(  373): Window already focused, ignoring focus gain of: com.android.internal.view.IInputMethodClient$Stub$Proxy@41af4e90
I/ActivityManager(  373): Start proc com.lge.sizechangable.weather for broadcast com.lge.sizechangable.weather/.service.WeatherIntentReceiver: pid=10292 uid=10058 gids={3003, 1015}
I/ActivityManager(  373): Process com.lge.lgworld (pid 9908) has died.
D/StatusBar.NetworkController(  462): onSignalStrengthsChanged signalStrength=SignalStrength: 12 0 -120 -160 -120 -1 -1 99 2147483647 2147483647 2147483647 2147483647 gsm|lte level=4
D/StatusBar.NetworkController(  462): [BRIGHTHY] curNetwork=26006 curHPLMN=26006
D/StatusBar.NetworkController(  462): [BRIGHTHY]  Roaming=false
D/StatusBar.NetworkController(  462): refreshViews connected={ } level=4 combinedSignalIconId=0x7f02024e/com.android.systemui:drawable/stat_sys_signal_4_fully combinedActivityIconId=0x0 mAirplaneMode=false mDataActivity=0 mPhoneSignalIconId=0x7f02024e mDataDirectionIconId=0x0 mDataSignalIconId=0x7f02024e mDataTypeIconId=0x0 mNoSimIconId=0x0 mWifiIconId=0x7f020285 mBluetoothTetherIconId=0x1080563
I/ActivityManager(  373): Process com.google.android.googlequicksearchbox (pid 10064) has died.
I/ActivityManager(  373): Process com.google.android.partnersetup (pid 9953) has died.
D/DebugPowerManagerService(  373): setPowerState call from TimeoutTask() 
D/PowerManagerService(  373): setPowerState: mPowerState=0x7 newState=0x3 noChangeLights=false reason=3
I/PowerManagerService(  373): Setting brightess off: 4
D/DebugPowerManagerService(  373): TimeoutTask : dim(1) or bright  3
I/ActivityManager(  373): Start proc com.android.defcontainer for service com.android.defcontainer/.DefaultContainerService: pid=10323 uid=10006 gids={1015, 2001}
W/ActivityManager(  373): No content provider found for permission revoke: file:///data/local/tmp/applicationname-android.apk
W/ActivityManager(  373): No content provider found for permission revoke: file:///data/local/tmp/applicationname-android.apk
I/ActivityManager(  373): Process com.android.vending (pid 9968) has died.
I/ActivityManager(  373): Force stopping package com.brand.applicationname.android uid=10032
I/ActivityManager(  373): Killing proc 9736:com.brand.applicationname.android/10032: force stop
W/ActivityManager(  373): Force removing ActivityRecord{41aab1b8 com.brand.applicationname.android/.MainActivity}: app died, no saved state
I/WindowManager(  373): WIN DEATH: Window{41d11890 com.brand.applicationname.android/com.brand.applicationname.android.MainActivity paused=false}
I/WindowManager(  373): WINDOW DIED Window{41d11890 com.brand.applicationname.android/com.brand.applicationname.android.MainActivity paused=false}
I/PackageManager(  373): Package com.brand.applicationname.android codePath changed from /data/app/com.brand.applicationname.android-2.apk to /data/app/com.brand.applicationname.android-1.apk; Retaining data and using new
W/InputManagerService(  373): Got RemoteException sending setActive(false) notification to pid 9736 uid 10032
I/ActivityManager(  373): Start proc com.anod.calendar for service com.anod.calendar/.services.WidgetHCService: pid=10351 uid=10067 gids={1015}
I/ActivityManager(  373): Force stopping package com.brand.applicationname.android uid=10032
W/PackageManager(  373): Code path for pkg : com.brand.applicationname.android changing from /data/app/com.brand.applicationname.android-2.apk to /data/app/com.brand.applicationname.android-1.apk
W/PackageManager(  373): Resource path for pkg : com.brand.applicationname.android changing from /data/app/com.brand.applicationname.android-2.apk to /data/app/com.brand.applicationname.android-1.apk
I/ActivityManager(  373): Start proc com.android.providers.calendar for content provider com.android.providers.calendar/.CalendarProvider2: pid=10367 uid=10024 gids={3003, 1015}
I/ActivityManager(  373): Force stopping package com.brand.applicationname.android uid=10032
I/ActivityManager(  373): Process com.google.android.gms (pid 9801) has died.
I/ActivityManager(  373): Start proc com.lge.appbox.client for broadcast com.lge.appbox.client/com.lge.appbox.PreloadListManagerHelper: pid=10382 uid=10000 gids={3003, 1015, 2001}
D/StatusBar.NetworkController(  462): onSignalStrengthsChanged signalStrength=SignalStrength: 11 0 -120 -160 -120 -1 -1 99 2147483647 2147483647 2147483647 2147483647 gsm|lte level=3
D/StatusBar.NetworkController(  462): [BRIGHTHY] curNetwork=26006 curHPLMN=26006
D/StatusBar.NetworkController(  462): [BRIGHTHY]  Roaming=false
D/StatusBar.NetworkController(  462): refreshViews connected={ } level=3 combinedSignalIconId=0x7f020246/com.android.systemui:drawable/stat_sys_signal_3_fully combinedActivityIconId=0x0 mAirplaneMode=false mDataActivity=0 mPhoneSignalIconId=0x7f020246 mDataDirectionIconId=0x0 mDataSignalIconId=0x7f020246 mDataTypeIconId=0x0 mNoSimIconId=0x0 mWifiIconId=0x7f020285 mBluetoothTetherIconId=0x1080563
I/ActivityManager(  373): Process com.google.android.gsf.login (pid 10099) has died.
D/BackupManagerService(  373): Received broadcast Intent { act=android.intent.action.PACKAGE_REMOVED dat=package:com.brand.applicationname.android flg=0x10000010 (has extras) }
D/BackupManagerService(  373): Received broadcast Intent { act=android.intent.action.PACKAGE_ADDED dat=package:com.brand.applicationname.android flg=0x10000010 (has extras) }
V/BackupManagerService(  373): updatePackageParticipantsLocked: com.brand.applicationname.android
I/ActivityManager(  373): Start proc com.android.gallery3d for broadcast com.android.gallery3d/.app.PackagesMonitor: pid=10409 uid=10011 gids={3003, 1015, 4002}
I/ActivityManager(  373): Start proc com.android.keychain for broadcast com.android.keychain/.KeyChainBroadcastReceiver: pid=10423 uid=1000 gids={1015, 3002, 3001, 1007, 3003, 4002, 1006, 1023, 1004, 2002, 3007}
D/BackupManagerService(  373): Received broadcast Intent { act=android.intent.action.PACKAGE_REPLACED dat=package:com.brand.applicationname.android flg=0x10000010 (has extras) }
V/BackupManagerService(  373): updatePackageParticipantsLocked: com.brand.applicationname.android
I/ActivityManager(  373): Start proc com.lge.lockscreensettings for broadcast com.lge.lockscreensettings/.PackageIntentReceiver: pid=10438 uid=10035 gids={}
D/StatusBar.NetworkController(  462): onSignalStrengthsChanged signalStrength=SignalStrength: 12 0 -120 -160 -120 -1 -1 99 2147483647 2147483647 2147483647 2147483647 gsm|lte level=4
D/StatusBar.NetworkController(  462): [BRIGHTHY] curNetwork=26006 curHPLMN=26006
D/StatusBar.NetworkController(  462): [BRIGHTHY]  Roaming=false
D/StatusBar.NetworkController(  462): refreshViews connected={ } level=4 combinedSignalIconId=0x7f02024e/com.android.systemui:drawable/stat_sys_signal_4_fully combinedActivityIconId=0x0 mAirplaneMode=false mDataActivity=0 mPhoneSignalIconId=0x7f02024e mDataDirectionIconId=0x0 mDataSignalIconId=0x7f02024e mDataTypeIconId=0x0 mNoSimIconId=0x0 mWifiIconId=0x7f020285 mBluetoothTetherIconId=0x1080563
I/ActivityManager(  373): Start proc com.android.vending for broadcast com.android.vending/com.google.android.finsky.receivers.PackageMonitorReceiver$RegisteredReceiver: pid=10450 uid=10043 gids={3003, 1015}
D/DebugPowerManagerService(  373): setPowerState call from userActivity() 
D/PowerManagerService(  373): setPowerState: mPowerState=0x3 newState=0x7 noChangeLights=false reason=2
I/PowerManagerService(  373): Setting brightess on 67: 4
I/ActivityManager(  373): Process com.google.android.apps.maps:LocationFriendService (pid 10117) has died.
I/ActivityManager(  373): START {act=android.intent.action.MAIN cat=[android.intent.category.LAUNCHER] flg=0x10200000 cmp=com.brand.applicationname.android/.MainActivity} from pid 640
I/ActivityManager(  373): Start proc com.brand.applicationname.android for activity com.brand.applicationname.android/.MainActivity: pid=10469 uid=10032 gids={}
I/ActivityManager(  373): Process com.google.android.apps.maps:FriendService (pid 10039) has died.
D/DebugPowerManagerService(  373): setPowerState call from TimeoutTask() 
D/PowerManagerService(  373): setPowerState: mPowerState=0x7 newState=0x3 noChangeLights=false reason=3
I/PowerManagerService(  373): Setting brightess off: 4
D/DebugPowerManagerService(  373): TimeoutTask : dim(1) or bright  3
I/ActivityManager(  373): Process com.android.exchange (pid 10238) has died.
I/ActivityManager(  373): Start proc com.google.android.apps.plus for broadcast com.google.android.apps.plus/.service.PackagesMediaMonitor: pid=10499 uid=10044 gids={3003, 3002, 1015, 1006}
I/ActivityManager(  373): Process com.nullsoft.winamp (pid 10080) has died.
W/InputManagerService(  373): Starting input on non-focused client com.android.internal.view.IInputMethodClient$Stub$Proxy@41bf04c0 (uid=10031 pid=640)
I/ActivityManager(  373): Process com.android.gallery3d (pid 10409) has died.
D/StatusBar.NetworkController(  462): onSignalStrengthsChanged signalStrength=SignalStrength: 11 0 -120 -160 -120 -1 -1 99 2147483647 2147483647 2147483647 2147483647 gsm|lte level=3
D/StatusBar.NetworkController(  462): [BRIGHTHY] curNetwork=26006 curHPLMN=26006
D/StatusBar.NetworkController(  462): [BRIGHTHY]  Roaming=false
D/StatusBar.NetworkController(  462): refreshViews connected={ } level=3 combinedSignalIconId=0x7f020246/com.android.systemui:drawable/stat_sys_signal_3_fully combinedActivityIconId=0x0 mAirplaneMode=false mDataActivity=0 mPhoneSignalIconId=0x7f020246 mDataDirectionIconId=0x0 mDataSignalIconId=0x7f020246 mDataTypeIconId=0x0 mNoSimIconId=0x0 mWifiIconId=0x7f020285 mBluetoothTetherIconId=0x1080563
I/ActivityManager(  373): Process com.lge.appbox.client (pid 10382) has died.
D/DebugPowerManagerService(  373): setPowerState call from userActivity() 
D/PowerManagerService(  373): setPowerState: mPowerState=0x3 newState=0x7 noChangeLights=false reason=2
I/PowerManagerService(  373): Setting brightess on 67: 4
D/NetdConnector(  373): RCV <- {600 Iface linkstate wlan0 down}
I/ActivityManager(  373): Start proc com.google.android.gms for broadcast com.google.android.gms/.games.receiver.GamesSystemBroadcastReceiver: pid=10517 uid=10014 gids={3003, 1015, 1007, 1006, 2001, 3006}
D/StatusBar.NetworkController(  462): onSignalStrengthsChanged signalStrength=SignalStrength: 9 0 -120 -160 -120 -1 -1 99 2147483647 2147483647 2147483647 2147483647 gsm|lte level=3
D/StatusBar.NetworkController(  462): [BRIGHTHY] curNetwork=26006 curHPLMN=26006
D/StatusBar.NetworkController(  462): [BRIGHTHY]  Roaming=false
D/StatusBar.NetworkController(  462): refreshViews connected={ } level=3 combinedSignalIconId=0x7f020246/com.android.systemui:drawable/stat_sys_signal_3_fully combinedActivityIconId=0x0 mAirplaneMode=false mDataActivity=0 mPhoneSignalIconId=0x7f020246 mDataDirectionIconId=0x0 mDataSignalIconId=0x7f020246 mDataTypeIconId=0x0 mNoSimIconId=0x0 mWifiIconId=0x7f020285 mBluetoothTetherIconId=0x1080563
I/ActivityManager(  373): Process com.android.providers.calendar (pid 10367) has died.
W/ProcessStats(  373): Skipping unknown process pid 10367
I/ActivityManager(  373): Process com.android.keychain (pid 10423) has died.
D/DebugPowerManagerService(  373): setPowerState call from TimeoutTask() 
D/PowerManagerService(  373): setPowerState: mPowerState=0x7 newState=0x3 noChangeLights=false reason=3
I/PowerManagerService(  373): Setting brightess off: 4
D/DebugPowerManagerService(  373): TimeoutTask : dim(1) or bright  3
I/ActivityManager(  373): Process com.lge.sizechangable.weather (pid 10292) has died.
I/ActivityManager(  373): Start proc com.facebook.katana:dash for broadcast com.facebook.katana/com.facebook.dash.receivers.DashPackageUninstallReceiver: pid=10545 uid=10073 gids={3003, 1006, 1015}
I/ActivityManager(  373): Process com.google.android.apps.plus (pid 10499) has died.
D/DebugPowerManagerService(  373): setPowerState call from userActivity() 
D/PowerManagerService(  373): setPowerState: mPowerState=0x3 newState=0x7 noChangeLights=false reason=2
I/PowerManagerService(  373): Setting brightess on 67: 4
I/ActivityManager(  373): START {act=com.google.zxing.client.android.SCAN cmp=com.google.zxing.client.android/.CaptureActivity (has extras)} from pid 10469
I/ActivityManager(  373): Start proc com.google.zxing.client.android for activity com.google.zxing.client.android/.CaptureActivity: pid=10584 uid=10082 gids={1006, 3003, 1015}
I/ActivityManager(  373): Config changed: {1.0 -1fontTypeIndex260mcc6mnc pl_PL layoutdir=0 sw320dp w480dp h295dp nrml land finger -keyb/v/h -nav/h s.133}
I/ActivityManager(  373): Process com.android.vending (pid 10450) has died.
D/StatusBar.NetworkController(  462): refreshViews connected={ } level=3 combinedSignalIconId=0x7f020246/com.android.systemui:drawable/stat_sys_signal_3_fully combinedActivityIconId=0x0 mAirplaneMode=false mDataActivity=0 mPhoneSignalIconId=0x7f020246 mDataDirectionIconId=0x0 mDataSignalIconId=0x7f020246 mDataTypeIconId=0x0 mNoSimIconId=0x0 mWifiIconId=0x7f020285 mBluetoothTetherIconId=0x1080563
D/StatusBar.NetworkController(  462): onSignalStrengthsChanged signalStrength=SignalStrength: 13 0 -120 -160 -120 -1 -1 99 2147483647 2147483647 2147483647 2147483647 gsm|lte level=4
D/DebugPowerManagerService(  373): setPowerState call from TimeoutTask() 
D/PowerManagerService(  373): setPowerState: mPowerState=0x7 newState=0x3 noChangeLights=false reason=3
I/PowerManagerService(  373): Setting brightess off: 4
D/DebugPowerManagerService(  373): TimeoutTask : dim(1) or bright  3
D/StatusBar.NetworkController(  462): [BRIGHTHY] curNetwork=26006 curHPLMN=26006
D/StatusBar.NetworkController(  462): [BRIGHTHY]  Roaming=false
D/StatusBar.NetworkController(  462): refreshViews connected={ } level=4 combinedSignalIconId=0x7f02024e/com.android.systemui:drawable/stat_sys_signal_4_fully combinedActivityIconId=0x0 mAirplaneMode=false mDataActivity=0 mPhoneSignalIconId=0x7f02024e mDataDirectionIconId=0x0 mDataSignalIconId=0x7f02024e mDataTypeIconId=0x0 mNoSimIconId=0x0 mWifiIconId=0x7f020285 mBluetoothTetherIconId=0x1080563
D/DebugPowerManagerService(  373): setPowerState call from acquireWakeLockLocked()  1
D/PowerManagerService(  373): setPowerState: mPowerState=0x3 newState=0x3 noChangeLights=false reason=3
W/InputManagerService(  373): Starting input on non-focused client com.android.internal.view.IInputMethodClient$Stub$Proxy@41906f18 (uid=10032 pid=10469)
D/DebugPowerManagerService(  373): setPowerState call from userActivity() 
D/PowerManagerService(  373): setPowerState: mPowerState=0x3 newState=0x7 noChangeLights=false reason=2
I/PowerManagerService(  373): Setting brightess on 67: 4
I/ActivityManager(  373): Config changed: {1.0 -1fontTypeIndex260mcc6mnc pl_PL layoutdir=0 sw320dp w320dp h455dp nrml port finger -keyb/v/h -nav/h s.134}
D/StatusBar.NetworkController(  462): refreshViews connected={ } level=4 combinedSignalIconId=0x7f02024e/com.android.systemui:drawable/stat_sys_signal_4_fully combinedActivityIconId=0x0 mAirplaneMode=false mDataActivity=0 mPhoneSignalIconId=0x7f02024e mDataDirectionIconId=0x0 mDataSignalIconId=0x7f02024e mDataTypeIconId=0x0 mNoSimIconId=0x0 mWifiIconId=0x7f020285 mBluetoothTetherIconId=0x1080563
D/DebugPowerManagerService(  373): setPowerState call from userActivity() 
D/PowerManagerService(  373): setPowerState: mPowerState=0x7 newState=0x7 noChangeLights=false reason=2
D/DebugPowerManagerService(  373): setPowerState call from releaseWakeLockLocked()
D/PowerManagerService(  373): setPowerState: mPowerState=0x7 newState=0x7 noChangeLights=false reason=3
I/ActivityManager(  373): Process com.google.android.gms (pid 10517) has died.
I/ActivityManager(  373): Start proc com.lge.lgworld for broadcast com.lge.lgworld/.InstallerReceiver: pid=10631 uid=10081 gids={3003, 1015}
D/DebugPowerManagerService(  373): setPowerState call from TimeoutTask() 
D/PowerManagerService(  373): setPowerState: mPowerState=0x7 newState=0x3 noChangeLights=false reason=3
I/PowerManagerService(  373): Setting brightess off: 4
D/DebugPowerManagerService(  373): TimeoutTask : dim(1) or bright  3
D/DebugPowerManagerService(  373): setPowerState call from userActivity() 
D/PowerManagerService(  373): setPowerState: mPowerState=0x3 newState=0x7 noChangeLights=false reason=2
I/PowerManagerService(  373): Setting brightess on 67: 4
I/ActivityManager(  373): Start proc com.lge.appbox.client for broadcast com.lge.appbox.client/com.lge.appbox.PreloadListManagerHelper: pid=10645 uid=10000 gids={3003, 1015, 2001}
D/StatusBar.NetworkController(  462): onSignalStrengthsChanged signalStrength=SignalStrength: 14 0 -120 -160 -120 -1 -1 99 2147483647 2147483647 2147483647 2147483647 gsm|lte level=4
D/StatusBar.NetworkController(  462): [BRIGHTHY] curNetwork=26006 curHPLMN=26006
D/StatusBar.NetworkController(  462): [BRIGHTHY]  Roaming=false
D/StatusBar.NetworkController(  462): refreshViews connected={ } level=4 combinedSignalIconId=0x7f02024e/com.android.systemui:drawable/stat_sys_signal_4_fully combinedActivityIconId=0x0 mAirplaneMode=false mDataActivity=0 mPhoneSignalIconId=0x7f02024e mDataDirectionIconId=0x0 mDataSignalIconId=0x7f02024e mDataTypeIconId=0x0 mNoSimIconId=0x0 mWifiIconId=0x7f020285 mBluetoothTetherIconId=0x1080563
D/DebugPowerManagerService(  373): setPowerState call from userActivity() 
D/PowerManagerService(  373): setPowerState: mPowerState=0x7 newState=0x7 noChangeLights=false reason=2
I/ActivityManager(  373): Start proc com.android.gallery3d for broadcast com.android.gallery3d/.app.PackagesMonitor: pid=10658 uid=10011 gids={3003, 1015, 4002}
I/ActivityManager(  373): Start proc com.google.android.partnersetup for broadcast com.google.android.partnersetup/.RlzPingBroadcastReceiver: pid=10672 uid=10016 gids={3003}
I/ActivityManager(  373): Start proc com.android.vending for broadcast com.android.vending/com.google.android.finsky.receivers.PackageMonitorReceiver$RegisteredReceiver: pid=10687 uid=10043 gids={3003, 1015}
D/DebugPowerManagerService(  373): setPowerState call from TimeoutTask() 
D/PowerManagerService(  373): setPowerState: mPowerState=0x7 newState=0x3 noChangeLights=false reason=3
I/PowerManagerService(  373): Setting brightess off: 4
D/DebugPowerManagerService(  373): TimeoutTask : dim(1) or bright  3
D/DebugPowerManagerService(  373): setPowerState call from userActivity() 
D/PowerManagerService(  373): setPowerState: mPowerState=0x3 newState=0x7 noChangeLights=false reason=2
I/PowerManagerService(  373): Setting brightess on 67: 4
I/ActivityManager(  373): Start proc com.google.android.apps.plus for broadcast com.google.android.apps.plus/.service.PackagesMediaMonitor: pid=10720 uid=10044 gids={3003, 3002, 1015, 1006}
D/StatusBar.NetworkController(  462): onSignalStrengthsChanged signalStrength=SignalStrength: 12 0 -120 -160 -120 -1 -1 99 2147483647 2147483647 2147483647 2147483647 gsm|lte level=4
D/StatusBar.NetworkController(  462): [BRIGHTHY] curNetwork=26006 curHPLMN=26006
D/StatusBar.NetworkController(  462): [BRIGHTHY]  Roaming=false
D/StatusBar.NetworkController(  462): refreshViews connected={ } level=4 combinedSignalIconId=0x7f02024e/com.android.systemui:drawable/stat_sys_signal_4_fully combinedActivityIconId=0x0 mAirplaneMode=false mDataActivity=0 mPhoneSignalIconId=0x7f02024e mDataDirectionIconId=0x0 mDataSignalIconId=0x7f02024e mDataTypeIconId=0x0 mNoSimIconId=0x0 mWifiIconId=0x7f020285 mBluetoothTetherIconId=0x1080563
D/DebugPowerManagerService(  373): setPowerState call from userActivity() 
D/PowerManagerService(  373): setPowerState: mPowerState=0x7 newState=0x7 noChangeLights=false reason=2
I/ActivityManager(  373): Process com.facebook.katana:dash (pid 10545) has died.
D/DebugPowerManagerService(  373): setPowerState call from TimeoutTask() 
D/PowerManagerService(  373): setPowerState: mPowerState=0x7 newState=0x3 noChangeLights=false reason=3
I/PowerManagerService(  373): Setting brightess off: 4
D/DebugPowerManagerService(  373): TimeoutTask : dim(1) or bright  3
D/DebugPowerManagerService(  373): setPowerState call from userActivity() 
D/PowerManagerService(  373): setPowerState: mPowerState=0x3 newState=0x7 noChangeLights=false reason=2
I/PowerManagerService(  373): Setting brightess on 67: 4
D/DebugPowerManagerService(  373): setPowerState call from userActivity() 
D/PowerManagerService(  373): setPowerState: mPowerState=0x7 newState=0x7 noChangeLights=false reason=2
D/StatusBar.NetworkController(  462): onSignalStrengthsChanged signalStrength=SignalStrength: 14 0 -120 -160 -120 -1 -1 99 2147483647 2147483647 2147483647 2147483647 gsm|lte level=4
D/StatusBar.NetworkController(  462): [BRIGHTHY] curNetwork=26006 curHPLMN=26006
D/StatusBar.NetworkController(  462): [BRIGHTHY]  Roaming=false
D/NetdConnector(  373): RCV <- {600 Iface linkstate wlan0 down}
D/StatusBar.NetworkController(  462): refreshViews connected={ } level=4 combinedSignalIconId=0x7f02024e/com.android.systemui:drawable/stat_sys_signal_4_fully combinedActivityIconId=0x0 mAirplaneMode=false mDataActivity=0 mPhoneSignalIconId=0x7f02024e mDataDirectionIconId=0x0 mDataSignalIconId=0x7f02024e mDataTypeIconId=0x0 mNoSimIconId=0x0 mWifiIconId=0x7f020285 mBluetoothTetherIconId=0x1080563
D/DebugPowerManagerService(  373): setPowerState call from userActivity() 
D/PowerManagerService(  373): setPowerState: mPowerState=0x7 newState=0x7 noChangeLights=false reason=2
I/ActivityManager(  373): Start proc com.google.android.gms for broadcast com.google.android.gms/.games.receiver.GamesSystemBroadcastReceiver: pid=10745 uid=10014 gids={3003, 1015, 1007, 1006, 2001, 3006}
I/ActivityManager(  373): Process com.lge.lockscreensettings (pid 10438) has died.
D/DebugPowerManagerService(  373): setPowerState call from userActivity() 
D/PowerManagerService(  373): setPowerState: mPowerState=0x7 newState=0x7 noChangeLights=false reason=2
I/ActivityManager(  373): Start proc com.facebook.katana:dash for broadcast com.facebook.katana/com.facebook.dash.launchables.receiver.LaunchablesReceiver: pid=10770 uid=10073 gids={3003, 1006, 1015}
I/ActivityManager(  373): Process com.google.zxing.client.android (pid 10584) has died.
D/DebugPowerManagerService(  373): setPowerState call from userActivity() 
D/PowerManagerService(  373): setPowerState: mPowerState=0x7 newState=0x7 noChangeLights=false reason=2
D/DebugPowerManagerService(  373): setPowerState call from userActivity() 
D/PowerManagerService(  373): setPowerState: mPowerState=0x7 newState=0x7 noChangeLights=false reason=2
I/ActivityManager(  373): Process com.android.gallery3d (pid 10658) has died.
D/DebugPowerManagerService(  373): setPowerState call from userActivity() 
D/PowerManagerService(  373): setPowerState: mPowerState=0x7 newState=0x7 noChangeLights=false reason=2
D/DebugPowerManagerService(  373): setPowerState call from TimeoutTask() 
D/PowerManagerService(  373): setPowerState: mPowerState=0x7 newState=0x3 noChangeLights=false reason=3
I/PowerManagerService(  373): Setting brightess off: 4
D/DebugPowerManagerService(  373): TimeoutTask : dim(1) or bright  3
D/StatusBar.NetworkController(  462): onSignalStrengthsChanged signalStrength=SignalStrength: 12 0 -120 -160 -120 -1 -1 99 2147483647 2147483647 2147483647 2147483647 gsm|lte level=4
D/StatusBar.NetworkController(  462): [BRIGHTHY] curNetwork=26006 curHPLMN=26006
D/StatusBar.NetworkController(  462): [BRIGHTHY]  Roaming=false
D/StatusBar.NetworkController(  462): refreshViews connected={ } level=4 combinedSignalIconId=0x7f02024e/com.android.systemui:drawable/stat_sys_signal_4_fully combinedActivityIconId=0x0 mAirplaneMode=false mDataActivity=0 mPhoneSignalIconId=0x7f02024e mDataDirectionIconId=0x0 mDataSignalIconId=0x7f02024e mDataTypeIconId=0x0 mNoSimIconId=0x0 mWifiIconId=0x7f020285 mBluetoothTetherIconId=0x1080563
I/ActivityManager(  373): Process com.lge.appbox.client (pid 10645) has died.
I/ActivityManager(  373): Start proc com.lge.appbox.client for broadcast com.lge.appbox.client/com.lge.appbox.PreloadListManagerHelper: pid=10852 uid=10000 gids={3003, 1015, 2001}
I/ActivityManager(  373): Start proc com.google.android.apps.maps:FriendService for broadcast com.google.android.apps.maps/com.google.googlenav.friend.android.ServiceReceiver: pid=10866 uid=10010 gids={3003, 1015}
I/ActivityManager(  373): Process com.google.android.apps.plus (pid 10720) has died.
I/ActivityManager(  373): Start proc com.google.android.googlequicksearchbox for broadcast com.google.android.googlequicksearchbox/.SourceUpdateReceiver: pid=10880 uid=10017 gids={3003}
V/LocationManagerService(  373): _removeUpdates: listener = Receiver{41a46cd8 Intent PendingIntent{41b2e398: PendingIntentRecord{41a6a048 com.google.android.gms startService}}}mUpdateRecords: {}
D/StatusBar.NetworkController(  462): onSignalStrengthsChanged signalStrength=SignalStrength: 11 0 -120 -160 -120 -1 -1 99 2147483647 2147483647 2147483647 2147483647 gsm|lte level=3
D/StatusBar.NetworkController(  462): [BRIGHTHY] curNetwork=26006 curHPLMN=26006
D/StatusBar.NetworkController(  462): [BRIGHTHY]  Roaming=false
D/StatusBar.NetworkController(  462): refreshViews connected={ } level=3 combinedSignalIconId=0x7f020246/com.android.systemui:drawable/stat_sys_signal_3_fully combinedActivityIconId=0x0 mAirplaneMode=false mDataActivity=0 mPhoneSignalIconId=0x7f020246 mDataDirectionIconId=0x0 mDataSignalIconId=0x7f020246 mDataTypeIconId=0x0 mNoSimIconId=0x0 mWifiIconId=0x7f020285 mBluetoothTetherIconId=0x1080563
V/LocationManagerService(  373): _removeUpdates: listener = Receiver{41dee720 Intent PendingIntent{41d9c448: PendingIntentRecord{41deec58 com.google.android.gms startService}}}mUpdateRecords: {}
I/ActivityManager(  373): Start proc com.google.android.gsf.login for service com.google.android.gms/.recovery.AccountRecoveryService: pid=10896 uid=10014 gids={3003, 1015, 1007, 1006, 2001, 3006}
I/ActivityManager(  373): Start proc com.google.android.apps.maps:LocationFriendService for broadcast com.google.android.apps.maps/com.google.googlenav.friend.reporting.LocationReportingIntentReceiver: pid=10911 uid=10010 gids={3003, 1015}
I/ActivityManager(  373): Process com.android.defcontainer (pid 10323) has died.
I/ActivityManager(  373): Process com.google.android.partnersetup (pid 10672) has died.
V/LocationManagerService(  373): _removeUpdates: listener = Receiver{41a5c740 Intent PendingIntent{41c94478: PendingIntentRecord{41c7ff80 com.google.android.apps.maps startService}}}mUpdateRecords: {passive=UpdateRecord{41974758 mProvider: passive mUid: 10010}}
V/LocationManagerService(  373): In removeUpdatesLocked.p.setMinTime:
V/LocationManagerService(  373): _requestLocationUpdates: provider = passive listener = Receiver{41a61340 Intent PendingIntent{41db3650: PendingIntentRecord{41d982d0 com.google.android.apps.maps startService}}}mUpdateRecords: {passive=UpdateRecord{41a613c0 mProvider: passive mUid: 10010}}
I/ActivityManager(  373): Process com.facebook.katana:dash (pid 10770) has died.
D/StatusBar.NetworkController(  462): onSignalStrengthsChanged signalStrength=SignalStrength: 7 0 -120 -160 -120 -1 -1 99 2147483647 2147483647 2147483647 2147483647 gsm|lte level=2
D/StatusBar.NetworkController(  462): [BRIGHTHY] curNetwork=26006 curHPLMN=26006
D/StatusBar.NetworkController(  462): [BRIGHTHY]  Roaming=false
D/StatusBar.NetworkController(  462): refreshViews connected={ } level=2 combinedSignalIconId=0x7f02023e/com.android.systemui:drawable/stat_sys_signal_2_fully combinedActivityIconId=0x0 mAirplaneMode=false mDataActivity=0 mPhoneSignalIconId=0x7f02023e mDataDirectionIconId=0x0 mDataSignalIconId=0x7f02023e mDataTypeIconId=0x0 mNoSimIconId=0x0 mWifiIconId=0x7f020285 mBluetoothTetherIconId=0x1080563
D/NetdConnector(  373): RCV <- {600 Iface linkstate wlan0 down}
D/StatusBar.NetworkController(  462): onSignalStrengthsChanged signalStrength=SignalStrength: 9 0 -120 -160 -120 -1 -1 99 2147483647 2147483647 2147483647 2147483647 gsm|lte level=3
D/StatusBar.NetworkController(  462): [BRIGHTHY] curNetwork=26006 curHPLMN=26006
D/StatusBar.NetworkController(  462): [BRIGHTHY]  Roaming=false
D/StatusBar.NetworkController(  462): refreshViews connected={ } level=3 combinedSignalIconId=0x7f020246/com.android.systemui:drawable/stat_sys_signal_3_fully combinedActivityIconId=0x0 mAirplaneMode=false mDataActivity=0 mPhoneSignalIconId=0x7f020246 mDataDirectionIconId=0x0 mDataSignalIconId=0x7f020246 mDataTypeIconId=0x0 mNoSimIconId=0x0 mWifiIconId=0x7f020285 mBluetoothTetherIconId=0x1080563
D/StatusBar.NetworkController(  462): onSignalStrengthsChanged signalStrength=SignalStrength: 8 0 -120 -160 -120 -1 -1 99 2147483647 2147483647 2147483647 2147483647 gsm|lte level=3
D/StatusBar.NetworkController(  462): [BRIGHTHY] curNetwork=26006 curHPLMN=26006
D/StatusBar.NetworkController(  462): [BRIGHTHY]  Roaming=false
D/StatusBar.NetworkController(  462): refreshViews connected={ } level=3 combinedSignalIconId=0x7f020246/com.android.systemui:drawable/stat_sys_signal_3_fully combinedActivityIconId=0x0 mAirplaneMode=false mDataActivity=0 mPhoneSignalIconId=0x7f020246 mDataDirectionIconId=0x0 mDataSignalIconId=0x7f020246 mDataTypeIconId=0x0 mNoSimIconId=0x0 mWifiIconId=0x7f020285 mBluetoothTetherIconId=0x1080563
D/DebugPowerManagerService(  373): setPowerState call from TimeoutTask() 
D/PowerManagerService(  373): setPowerState: mPowerState=0x3 newState=0x1 noChangeLights=false reason=3
I/DebugPowerManagerService(  373): Setting screen brightness: 20
D/DebugPowerManagerService(  373): TimeoutTask : dim(1) or bright  1
I/DebugPowerManagerService(  373): Set LCD brightness: 63/brightnessMode: 0
I/DebugPowerManagerService(  373): Set LCD brightness: 60/brightnessMode: 0
I/DebugPowerManagerService(  373): Set LCD brightness: 57/brightnessMode: 0
I/DebugPowerManagerService(  373): Set LCD brightness: 54/brightnessMode: 0
I/DebugPowerManagerService(  373): Set LCD brightness: 51/brightnessMode: 0
I/DebugPowerManagerService(  373): Set LCD brightness: 48/brightnessMode: 0
I/DebugPowerManagerService(  373): Set LCD brightness: 45/brightnessMode: 0
I/DebugPowerManagerService(  373): Set LCD brightness: 41/brightnessMode: 0
I/DebugPowerManagerService(  373): Set LCD brightness: 38/brightnessMode: 0
I/DebugPowerManagerService(  373): Set LCD brightness: 35/brightnessMode: 0
I/DebugPowerManagerService(  373): Set LCD brightness: 32/brightnessMode: 0
I/DebugPowerManagerService(  373): Set LCD brightness: 29/brightnessMode: 0
I/DebugPowerManagerService(  373): Set LCD brightness: 26/brightnessMode: 0
I/DebugPowerManagerService(  373): Set LCD brightness: 23/brightnessMode: 0
I/DebugPowerManagerService(  373): Set LCD brightness: 20/brightnessMode: 0
D/StatusBar.NetworkController(  462): onSignalStrengthsChanged signalStrength=SignalStrength: 9 0 -120 -160 -120 -1 -1 99 2147483647 2147483647 2147483647 2147483647 gsm|lte level=3
D/StatusBar.NetworkController(  462): [BRIGHTHY] curNetwork=26006 curHPLMN=26006
D/StatusBar.NetworkController(  462): [BRIGHTHY]  Roaming=false
D/StatusBar.NetworkController(  462): refreshViews connected={ } level=3 combinedSignalIconId=0x7f020246/com.android.systemui:drawable/stat_sys_signal_3_fully combinedActivityIconId=0x0 mAirplaneMode=false mDataActivity=0 mPhoneSignalIconId=0x7f020246 mDataDirectionIconId=0x0 mDataSignalIconId=0x7f020246 mDataTypeIconId=0x0 mNoSimIconId=0x0 mWifiIconId=0x7f020285 mBluetoothTetherIconId=0x1080563
D/NetdConnector(  373): RCV <- {600 Iface linkstate wlan0 down}
D/DebugPowerManagerService(  373): setPowerState call from TimeoutTask() 
D/PowerManagerService(  373): setPowerState: mPowerState=0x1 newState=0x0 noChangeLights=false reason=3
I/DebugPowerManagerService(  373): Setting screen brightness: 0
D/DebugPowerManagerService(  373): TimeoutTask : dim(1) or bright  0
I/DebugPowerManagerService(  373): Set LCD brightness: 16/brightnessMode: 0
I/DebugPowerManagerService(  373): Set LCD brightness: 13/brightnessMode: 0
I/DebugPowerManagerService(  373): Set LCD brightness: 10/brightnessMode: 0
I/DebugPowerManagerService(  373): Set LCD brightness: 6/brightnessMode: 0
I/DebugPowerManagerService(  373): Set LCD brightness: 3/brightnessMode: 0
I/DebugPowerManagerService(  373): Set LCD brightness: 0/brightnessMode: 0
I/DebugPowerManagerService(  373): Set screen state: false
I/DebugPowerManagerService(  373): Set screen state ==> err :  0  , mUseSoftwareAutoBrightness: false
I/DebugPowerManagerService(  373): sendNotificationLocked: false , why: 3
I/DebugPowerManagerService(  373): mSkippedScreenOn ==> false , index : 0
D/WifiService(  373): [wo0gi-dbg] setDriverStartfalse
D/WifiStateMachine(  373): [wo0gi-dbg] acquire wakelock
D/WifiStateMachine(  373): [wo0gi-dbg] Not IN_ECM_STATE. send CMD_DELAYED_STOP_DRIVER
D/NetdConnector(  373): RCV <- {600 Iface linkstate wlan0 down}
D/WifiStateMachine(  373): [wo0gi-dbg] release wakelock
I/ActivityManager(  373): Start proc com.nullsoft.winamp for broadcast com.nullsoft.winamp/.wifi.WifiStateChangeListener: pid=10957 uid=10060 gids={3003, 1015}
D/PhoneStatusBar(  462): disable: < expand icons alerts ticker system_info back home RECENT* clock >
D/PhoneStatusBar(  462): disable: < expand icons alerts ticker system_info BACK* HOME* RECENT clock >
W/ActivityManager(  373): Unable to start service Intent { act=com.nullsoft.prostub.service.IWinampLicenseCheckService }: not found
D/DebugPowerManagerService(  373): setPowerState call from TimeoutTask() 
D/PowerManagerService(  373): setPowerState: mPowerState=0x0 newState=0x0 noChangeLights=false reason=3
D/DebugPowerManagerService(  373): TimeoutTask : dim(1) or bright  0
I/ActivityManager(  373): Process com.lge.appbox.client (pid 10852) has died.
D/NetdConnector(  373): RCV <- {600 Iface linkstate wlan0 down}
D/WifiService(  373): [wo0gi-dbg] setDriverStartfalse
D/WifiStateMachine(  373): [wo0gi-dbg] acquire wakelock
D/WifiStateMachine(  373): [wo0gi-dbg] Not IN_ECM_STATE. send CMD_DELAYED_STOP_DRIVER
D/NetdConnector(  373): RCV <- {600 Iface linkstate wlan0 down}
D/NetdConnector(  373): SND -> {interface clearaddrs wlan0} {null}
D/NetdConnector(  373): RCV <- {200 Interface IP addresses cleared}
D/NetdConnector(  373): RSP <- {200 Interface IP addresses cleared}
D/NetdConnector(  373): SND -> {interface ipv6 wlan0 disable} {null}
D/NetdConnector(  373): RCV <- {200 IPv6 state changed}
D/NetdConnector(  373): RSP <- {200 IPv6 state changed}
D/StatusBar.NetworkController(  462): [BRIGHTHY] curNetwork=26006 curHPLMN=26006
D/StatusBar.NetworkController(  462): [BRIGHTHY]  Roaming=false
D/NetdConnector(  373): RCV <- {600 Iface linkstate wlan0 down}
D/WifiStateMachine(  373): [wo0gi-dbg] release wakelock
D/StatusBar.NetworkController(  462): refreshViews connected={ } level=3 combinedSignalIconId=0x7f020246/com.android.systemui:drawable/stat_sys_signal_3_fully combinedActivityIconId=0x0 mAirplaneMode=false mDataActivity=0 mPhoneSignalIconId=0x7f020246 mDataDirectionIconId=0x0 mDataSignalIconId=0x7f020246 mDataTypeIconId=0x0 mNoSimIconId=0x0 mWifiIconId=0x7f020285 mBluetoothTetherIconId=0x1080563
I/ActivityManager(  373): Start proc com.lge.sync for broadcast com.lge.sync/.StartReceiver: pid=10995 uid=10034 gids={1015, 3002, 3003, 1023}
V/LocationManagerService(  373): getAllProviders
V/LocationManagerService(  373): getProviders
V/LocationManagerService(  373): getProviders
V/LocationManagerService(  373): getProviders
V/LocationManagerService(  373): getProviders
D/NetdConnector(  373): RCV <- {600 Iface linkstate wlan0 down}
D/NetdConnector(  373): RCV <- {600 Iface linkstate wlan0 down}
D/WifiService(  373): [wo0gi-dbg] setDriverStartfalse
D/WifiStateMachine(  373): [wo0gi-dbg] acquire wakelock
D/WifiStateMachine(  373): [wo0gi-dbg] Not IN_ECM_STATE. send CMD_DELAYED_STOP_DRIVER
D/NetdConnector(  373): SND -> {interface clearaddrs wlan0} {null}
D/NetdConnector(  373): RCV <- {200 Interface IP addresses cleared}
D/NetdConnector(  373): RSP <- {200 Interface IP addresses cleared}
D/NetdConnector(  373): SND -> {interface ipv6 wlan0 disable} {null}
D/NetdConnector(  373): RCV <- {200 IPv6 state changed}
D/NetdConnector(  373): RSP <- {200 IPv6 state changed}
D/StatusBar.NetworkController(  462): [BRIGHTHY] curNetwork=26006 curHPLMN=26006
D/StatusBar.NetworkController(  462): [BRIGHTHY]  Roaming=false
D/NetdConnector(  373): RCV <- {600 Iface linkstate wlan0 down}
D/WifiStateMachine(  373): [wo0gi-dbg] release wakelock
D/StatusBar.NetworkController(  462): refreshViews connected={ } level=3 combinedSignalIconId=0x7f020246/com.android.systemui:drawable/stat_sys_signal_3_fully combinedActivityIconId=0x0 mAirplaneMode=false mDataActivity=0 mPhoneSignalIconId=0x7f020246 mDataDirectionIconId=0x0 mDataSignalIconId=0x7f020246 mDataTypeIconId=0x0 mNoSimIconId=0x0 mWifiIconId=0x7f020285 mBluetoothTetherIconId=0x1080563
I/PowerUI (  462): intent: Intent { act=android.intent.action.BATTERY_CHANGED flg=0x60000010 (has extras) }
D/PowerUI (  462): buckets   .....20 .. 16 .. 5
D/PowerUI (  462): level          60 --> 61
D/PowerUI (  462): status         2 --> 2
D/PowerUI (  462): plugType       2 --> 2
D/PowerUI (  462): invalidCharger 0 --> 0
D/PowerUI (  462): bucket         1 --> 1
D/PowerUI (  462): plugged        true --> true
D/NetdConnector(  373): RCV <- {600 Iface linkstate wlan0 down}
D/NetdConnector(  373): RCV <- {600 Iface linkstate wlan0 down}
D/WifiService(  373): [wo0gi-dbg] setDriverStartfalse
D/WifiStateMachine(  373): [wo0gi-dbg] acquire wakelock
D/WifiStateMachine(  373): [wo0gi-dbg] Not IN_ECM_STATE. send CMD_DELAYED_STOP_DRIVER
D/NetdConnector(  373): SND -> {interface clearaddrs wlan0} {null}
D/NetdConnector(  373): RCV <- {200 Interface IP addresses cleared}
D/NetdConnector(  373): RSP <- {200 Interface IP addresses cleared}
D/NetdConnector(  373): SND -> {interface ipv6 wlan0 disable} {null}
D/NetdConnector(  373): RCV <- {200 IPv6 state changed}
D/NetdConnector(  373): RSP <- {200 IPv6 state changed}
D/StatusBar.NetworkController(  462): [BRIGHTHY] curNetwork=26006 curHPLMN=26006
D/StatusBar.NetworkController(  462): [BRIGHTHY]  Roaming=false
D/NetdConnector(  373): RCV <- {600 Iface linkstate wlan0 down}
D/WifiStateMachine(  373): [wo0gi-dbg] release wakelock
D/StatusBar.NetworkController(  462): refreshViews connected={ } level=3 combinedSignalIconId=0x7f020246/com.android.systemui:drawable/stat_sys_signal_3_fully combinedActivityIconId=0x0 mAirplaneMode=false mDataActivity=0 mPhoneSignalIconId=0x7f020246 mDataDirectionIconId=0x0 mDataSignalIconId=0x7f020246 mDataTypeIconId=0x0 mNoSimIconId=0x0 mWifiIconId=0x7f020285 mBluetoothTetherIconId=0x1080563
D/NetdConnector(  373): RCV <- {600 Iface linkstate wlan0 down}
D/NetdConnector(  373): RCV <- {600 Iface linkstate wlan0 down}
D/WifiService(  373): [wo0gi-dbg] setDriverStartfalse
D/WifiStateMachine(  373): [wo0gi-dbg] acquire wakelock
D/WifiStateMachine(  373): [wo0gi-dbg] Not IN_ECM_STATE. send CMD_DELAYED_STOP_DRIVER
D/NetdConnector(  373): SND -> {interface clearaddrs wlan0} {null}
D/NetdConnector(  373): RCV <- {200 Interface IP addresses cleared}
D/NetdConnector(  373): RSP <- {200 Interface IP addresses cleared}
D/NetdConnector(  373): SND -> {interface ipv6 wlan0 disable} {null}
D/NetdConnector(  373): RCV <- {200 IPv6 state changed}
D/NetdConnector(  373): RSP <- {200 IPv6 state changed}
D/StatusBar.NetworkController(  462): [BRIGHTHY] curNetwork=26006 curHPLMN=26006
D/StatusBar.NetworkController(  462): [BRIGHTHY]  Roaming=false
D/NetdConnector(  373): RCV <- {600 Iface linkstate wlan0 down}
D/WifiStateMachine(  373): [wo0gi-dbg] release wakelock
D/StatusBar.NetworkController(  462): refreshViews connected={ } level=3 combinedSignalIconId=0x7f020246/com.android.systemui:drawable/stat_sys_signal_3_fully combinedActivityIconId=0x0 mAirplaneMode=false mDataActivity=0 mPhoneSignalIconId=0x7f020246 mDataDirectionIconId=0x0 mDataSignalIconId=0x7f020246 mDataTypeIconId=0x0 mNoSimIconId=0x0 mWifiIconId=0x7f020285 mBluetoothTetherIconId=0x1080563
I/ActivityManager(  373): Process com.google.android.apps.maps:FriendService (pid 10866) has died.
W/ThrottleService(  373): unable to find stats for iface rmnet0
D/NetdConnector(  373): RCV <- {600 Iface linkstate wlan0 down}
D/NetdConnector(  373): RCV <- {600 Iface linkstate wlan0 down}
D/WifiService(  373): [wo0gi-dbg] setDriverStartfalse
D/WifiStateMachine(  373): [wo0gi-dbg] acquire wakelock
D/WifiStateMachine(  373): [wo0gi-dbg] Not IN_ECM_STATE. send CMD_DELAYED_STOP_DRIVER
I/PowerUI (  462): intent: Intent { act=android.intent.action.BATTERY_CHANGED flg=0x60000010 (has extras) }
D/PowerUI (  462): buckets   .....20 .. 16 .. 5
D/PowerUI (  462): level          61 --> 62
D/PowerUI (  462): status         2 --> 2
D/PowerUI (  462): plugType       2 --> 2
D/PowerUI (  462): invalidCharger 0 --> 0
D/PowerUI (  462): bucket         1 --> 1
D/PowerUI (  462): plugged        true --> true
D/NetdConnector(  373): SND -> {interface clearaddrs wlan0} {null}
D/NetdConnector(  373): RCV <- {200 Interface IP addresses cleared}
D/NetdConnector(  373): RSP <- {200 Interface IP addresses cleared}
D/NetdConnector(  373): SND -> {interface ipv6 wlan0 disable} {null}
D/NetdConnector(  373): RCV <- {200 IPv6 state changed}
D/NetdConnector(  373): RSP <- {200 IPv6 state changed}
D/StatusBar.NetworkController(  462): [BRIGHTHY] curNetwork=26006 curHPLMN=26006
D/StatusBar.NetworkController(  462): [BRIGHTHY]  Roaming=false
D/NetdConnector(  373): RCV <- {600 Iface linkstate wlan0 down}
D/WifiStateMachine(  373): [wo0gi-dbg] release wakelock
